[0.155s] DEBUG:colcon:Command line arguments: ['/usr/bin/colcon', 'build', '--packages-select', 'tf2_broadcaster', 'tf2_listener']
[0.155s] DEBUG:colcon:Parsed command line arguments: Namespace(log_base=None, log_level=None, verb_name='build', build_base='build', install_base='install', merge_install=False, symlink_install=False, test_result_base=None, continue_on_error=False, executor='parallel', parallel_workers=8, event_handlers=None, ignore_user_meta=False, metas=['./colcon.meta'], base_paths=['.'], packages_ignore=None, packages_ignore_regex=None, paths=None, packages_up_to=None, packages_up_to_regex=None, packages_above=None, packages_above_and_dependencies=None, packages_above_depth=None, packages_select_by_dep=None, packages_skip_by_dep=None, packages_skip_up_to=None, packages_select_build_failed=False, packages_skip_build_finished=False, packages_select_test_failures=False, packages_skip_test_passed=False, packages_select=['tf2_broadcaster', 'tf2_listener'], packages_skip=None, packages_select_regex=None, packages_skip_regex=None, packages_start=None, packages_end=None, allow_overriding=[], cmake_args=None, cmake_target=None, cmake_target_skip_unavailable=False, cmake_clean_cache=False, cmake_clean_first=False, cmake_force_configure=False, ament_cmake_args=None, catkin_cmake_args=None, catkin_skip_building_tests=False, mixin_files=None, mixin=None, verb_parser=<colcon_mixin.mixin.mixin_argument.MixinArgumentDecorator object at 0x72263586ec50>, verb_extension=<colcon_core.verb.build.BuildVerb object at 0x72263586e6e0>, main=<bound method BuildVerb.main of <colcon_core.verb.build.BuildVerb object at 0x72263586e6e0>>, mixin_verb=('build',))
[0.417s] Level 1:colcon.colcon_core.package_discovery:discover_packages(colcon_meta) check parameters
[0.417s] Level 1:colcon.colcon_core.package_discovery:discover_packages(recursive) check parameters
[0.417s] Level 1:colcon.colcon_core.package_discovery:discover_packages(ignore) check parameters
[0.417s] Level 1:colcon.colcon_core.package_discovery:discover_packages(path) check parameters
[0.417s] Level 1:colcon.colcon_core.package_discovery:discover_packages(colcon_meta) discover
[0.417s] Level 1:colcon.colcon_core.package_discovery:discover_packages(recursive) discover
[0.417s] INFO:colcon.colcon_core.package_discovery:Crawling recursively for packages in '/home/mukul/ros2_phase2'
[0.417s] Level 1:colcon.colcon_core.package_identification:_identify(.) by extensions ['ignore', 'ignore_ament_install']
[0.418s] Level 1:colcon.colcon_core.package_identification:_identify(.) by extension 'ignore'
[0.418s] Level 1:colcon.colcon_core.package_identification:_identify(.) by extension 'ignore_ament_install'
[0.418s] Level 1:colcon.colcon_core.package_identification:_identify(.) by extensions ['colcon_pkg']
[0.418s] Level 1:colcon.colcon_core.package_identification:_identify(.) by extension 'colcon_pkg'
[0.418s] Level 1:colcon.colcon_core.package_identification:_identify(.) by extensions ['colcon_meta']
[0.418s] Level 1:colcon.colcon_core.package_identification:_identify(.) by extension 'colcon_meta'
[0.418s] Level 1:colcon.colcon_core.package_identification:_identify(.) by extensions ['ros']
[0.418s] Level 1:colcon.colcon_core.package_identification:_identify(.) by extension 'ros'
[0.432s] Level 1:colcon.colcon_core.package_identification:_identify(.) by extensions ['cmake', 'python']
[0.432s] Level 1:colcon.colcon_core.package_identification:_identify(.) by extension 'cmake'
[0.432s] Level 1:colcon.colcon_core.package_identification:_identify(.) by extension 'python'
[0.432s] Level 1:colcon.colcon_core.package_identification:_identify(.) by extensions ['python_setup_py']
[0.433s] Level 1:colcon.colcon_core.package_identification:_identify(.) by extension 'python_setup_py'
[0.433s] Level 1:colcon.colcon_core.package_identification:_identify(build) by extensions ['ignore', 'ignore_ament_install']
[0.433s] Level 1:colcon.colcon_core.package_identification:_identify(build) by extension 'ignore'
[0.433s] Level 1:colcon.colcon_core.package_identification:_identify(build) ignored
[0.433s] Level 1:colcon.colcon_core.package_identification:_identify(install) by extensions ['ignore', 'ignore_ament_install']
[0.433s] Level 1:colcon.colcon_core.package_identification:_identify(install) by extension 'ignore'
[0.433s] Level 1:colcon.colcon_core.package_identification:_identify(install) ignored
[0.433s] Level 1:colcon.colcon_core.package_identification:_identify(log) by extensions ['ignore', 'ignore_ament_install']
[0.433s] Level 1:colcon.colcon_core.package_identification:_identify(log) by extension 'ignore'
[0.434s] Level 1:colcon.colcon_core.package_identification:_identify(log) ignored
[0.434s] Level 1:colcon.colcon_core.package_identification:_identify(src) by extensions ['ignore', 'ignore_ament_install']
[0.434s] Level 1:colcon.colcon_core.package_identification:_identify(src) by extension 'ignore'
[0.434s] Level 1:colcon.colcon_core.package_identification:_identify(src) by extension 'ignore_ament_install'
[0.434s] Level 1:colcon.colcon_core.package_identification:_identify(src) by extensions ['colcon_pkg']
[0.434s] Level 1:colcon.colcon_core.package_identification:_identify(src) by extension 'colcon_pkg'
[0.434s] Level 1:colcon.colcon_core.package_identification:_identify(src) by extensions ['colcon_meta']
[0.434s] Level 1:colcon.colcon_core.package_identification:_identify(src) by extension 'colcon_meta'
[0.434s] Level 1:colcon.colcon_core.package_identification:_identify(src) by extensions ['ros']
[0.434s] Level 1:colcon.colcon_core.package_identification:_identify(src) by extension 'ros'
[0.434s] Level 1:colcon.colcon_core.package_identification:_identify(src) by extensions ['cmake', 'python']
[0.434s] Level 1:colcon.colcon_core.package_identification:_identify(src) by extension 'cmake'
[0.434s] Level 1:colcon.colcon_core.package_identification:_identify(src) by extension 'python'
[0.434s] Level 1:colcon.colcon_core.package_identification:_identify(src) by extensions ['python_setup_py']
[0.434s] Level 1:colcon.colcon_core.package_identification:_identify(src) by extension 'python_setup_py'
[0.435s] Level 1:colcon.colcon_core.package_identification:_identify(src/tf2-broadcaster) by extensions ['ignore', 'ignore_ament_install']
[0.435s] Level 1:colcon.colcon_core.package_identification:_identify(src/tf2-broadcaster) by extension 'ignore'
[0.435s] Level 1:colcon.colcon_core.package_identification:_identify(src/tf2-broadcaster) by extension 'ignore_ament_install'
[0.435s] Level 1:colcon.colcon_core.package_identification:_identify(src/tf2-broadcaster) by extensions ['colcon_pkg']
[0.435s] Level 1:colcon.colcon_core.package_identification:_identify(src/tf2-broadcaster) by extension 'colcon_pkg'
[0.435s] Level 1:colcon.colcon_core.package_identification:_identify(src/tf2-broadcaster) by extensions ['colcon_meta']
[0.435s] Level 1:colcon.colcon_core.package_identification:_identify(src/tf2-broadcaster) by extension 'colcon_meta'
[0.435s] Level 1:colcon.colcon_core.package_identification:_identify(src/tf2-broadcaster) by extensions ['ros']
[0.435s] Level 1:colcon.colcon_core.package_identification:_identify(src/tf2-broadcaster) by extension 'ros'
[0.440s] DEBUG:colcon.colcon_core.package_identification:Package 'src/tf2-broadcaster' with type 'ros.ament_cmake' and name 'tf2-broadcaster'
[0.441s] Level 1:colcon.colcon_core.package_identification:_identify(src/tf2_listener) by extensions ['ignore', 'ignore_ament_install']
[0.441s] Level 1:colcon.colcon_core.package_identification:_identify(src/tf2_listener) by extension 'ignore'
[0.441s] Level 1:colcon.colcon_core.package_identification:_identify(src/tf2_listener) by extension 'ignore_ament_install'
[0.441s] Level 1:colcon.colcon_core.package_identification:_identify(src/tf2_listener) by extensions ['colcon_pkg']
[0.441s] Level 1:colcon.colcon_core.package_identification:_identify(src/tf2_listener) by extension 'colcon_pkg'
[0.441s] Level 1:colcon.colcon_core.package_identification:_identify(src/tf2_listener) by extensions ['colcon_meta']
[0.441s] Level 1:colcon.colcon_core.package_identification:_identify(src/tf2_listener) by extension 'colcon_meta'
[0.441s] Level 1:colcon.colcon_core.package_identification:_identify(src/tf2_listener) by extensions ['ros']
[0.441s] Level 1:colcon.colcon_core.package_identification:_identify(src/tf2_listener) by extension 'ros'
[0.442s] DEBUG:colcon.colcon_core.package_identification:Package 'src/tf2_listener' with type 'ros.ament_cmake' and name 'tf2_listener'
[0.442s] Level 1:colcon.colcon_core.package_discovery:discover_packages(recursive) using defaults
[0.442s] Level 1:colcon.colcon_core.package_discovery:discover_packages(ignore) discover
[0.442s] Level 1:colcon.colcon_core.package_discovery:discover_packages(ignore) using defaults
[0.442s] Level 1:colcon.colcon_core.package_discovery:discover_packages(path) discover
[0.443s] Level 1:colcon.colcon_core.package_discovery:discover_packages(path) using defaults
[0.443s] WARNING:colcon.colcon_core.package_selection:ignoring unknown package 'tf2_broadcaster' in --packages-select
[0.489s] INFO:colcon.colcon_core.package_selection:Skipping not selected package 'tf2-broadcaster' in 'src/tf2-broadcaster'
[0.490s] Level 1:colcon.colcon_core.package_discovery:discover_packages(prefix_path) check parameters
[0.490s] Level 1:colcon.colcon_core.package_discovery:discover_packages(prefix_path) discover
[0.494s] DEBUG:colcon.colcon_installed_package_information.package_discovery:Found 17 installed packages in /home/mukul/ros2_ws/install
[0.496s] DEBUG:colcon.colcon_installed_package_information.package_discovery:Found 321 installed packages in /opt/ros/humble
[0.499s] Level 1:colcon.colcon_core.package_discovery:discover_packages(prefix_path) using defaults
[0.555s] Level 5:colcon.colcon_core.verb:set package 'tf2_listener' build argument 'cmake_args' from command line to 'None'
[0.555s] Level 5:colcon.colcon_core.verb:set package 'tf2_listener' build argument 'cmake_target' from command line to 'None'
[0.555s] Level 5:colcon.colcon_core.verb:set package 'tf2_listener' build argument 'cmake_target_skip_unavailable' from command line to 'False'
[0.555s] Level 5:colcon.colcon_core.verb:set package 'tf2_listener' build argument 'cmake_clean_cache' from command line to 'False'
[0.555s] Level 5:colcon.colcon_core.verb:set package 'tf2_listener' build argument 'cmake_clean_first' from command line to 'False'
[0.555s] Level 5:colcon.colcon_core.verb:set package 'tf2_listener' build argument 'cmake_force_configure' from command line to 'False'
[0.555s] Level 5:colcon.colcon_core.verb:set package 'tf2_listener' build argument 'ament_cmake_args' from command line to 'None'
[0.555s] Level 5:colcon.colcon_core.verb:set package 'tf2_listener' build argument 'catkin_cmake_args' from command line to 'None'
[0.555s] Level 5:colcon.colcon_core.verb:set package 'tf2_listener' build argument 'catkin_skip_building_tests' from command line to 'False'
[0.555s] DEBUG:colcon.colcon_core.verb:Building package 'tf2_listener' with the following arguments: {'ament_cmake_args': None, 'build_base': '/home/mukul/ros2_phase2/build/tf2_listener', 'catkin_cmake_args': None, 'catkin_skip_building_tests': False, 'cmake_args': None, 'cmake_clean_cache': False, 'cmake_clean_first': False, 'cmake_force_configure': False, 'cmake_target': None, 'cmake_target_skip_unavailable': False, 'install_base': '/home/mukul/ros2_phase2/install/tf2_listener', 'merge_install': False, 'path': '/home/mukul/ros2_phase2/src/tf2_listener', 'symlink_install': False, 'test_result_base': None}
[0.556s] INFO:colcon.colcon_core.executor:Executing jobs using 'parallel' executor
[0.557s] DEBUG:colcon.colcon_parallel_executor.executor.parallel:run_until_complete
[0.557s] INFO:colcon.colcon_ros.task.ament_cmake.build:Building ROS package in '/home/mukul/ros2_phase2/src/tf2_listener' with build type 'ament_cmake'
[0.558s] INFO:colcon.colcon_cmake.task.cmake.build:Building CMake package in '/home/mukul/ros2_phase2/src/tf2_listener'
[0.561s] INFO:colcon.colcon_core.plugin_system:Skipping extension 'colcon_core.shell.bat': Not used on non-Windows systems
[0.561s] INFO:colcon.colcon_core.shell:Skip shell extension 'powershell' for command environment: Not usable outside of PowerShell
[0.561s] DEBUG:colcon.colcon_core.shell:Skip shell extension 'dsv' for command environment
[0.581s] DEBUG:colcon.colcon_core.event_handler.log_command:Invoking command in '/home/mukul/ros2_phase2/build/tf2_listener': CMAKE_PREFIX_PATH=${CMAKE_PREFIX_PATH}:/opt/ros/humble /usr/bin/cmake /home/mukul/ros2_phase2/src/tf2_listener -DCMAKE_INSTALL_PREFIX=/home/mukul/ros2_phase2/install/tf2_listener
[2.716s] DEBUG:colcon.colcon_core.event_handler.log_command:Invoked command in '/home/mukul/ros2_phase2/build/tf2_listener' returned '0': CMAKE_PREFIX_PATH=${CMAKE_PREFIX_PATH}:/opt/ros/humble /usr/bin/cmake /home/mukul/ros2_phase2/src/tf2_listener -DCMAKE_INSTALL_PREFIX=/home/mukul/ros2_phase2/install/tf2_listener
[2.719s] DEBUG:colcon.colcon_core.event_handler.log_command:Invoking command in '/home/mukul/ros2_phase2/build/tf2_listener': CMAKE_PREFIX_PATH=${CMAKE_PREFIX_PATH}:/opt/ros/humble /usr/bin/cmake --build /home/mukul/ros2_phase2/build/tf2_listener -- -j8 -l8
[14.230s] DEBUG:colcon.colcon_core.event_handler.log_command:Invoked command in '/home/mukul/ros2_phase2/build/tf2_listener' returned '0': CMAKE_PREFIX_PATH=${CMAKE_PREFIX_PATH}:/opt/ros/humble /usr/bin/cmake --build /home/mukul/ros2_phase2/build/tf2_listener -- -j8 -l8
[14.253s] DEBUG:colcon.colcon_core.event_handler.log_command:Invoking command in '/home/mukul/ros2_phase2/build/tf2_listener': CMAKE_PREFIX_PATH=${CMAKE_PREFIX_PATH}:/opt/ros/humble /usr/bin/cmake --install /home/mukul/ros2_phase2/build/tf2_listener
[14.274s] Level 1:colcon.colcon_core.environment:create_environment_scripts_only(tf2_listener)
[14.274s] DEBUG:colcon.colcon_core.event_handler.log_command:Invoked command in '/home/mukul/ros2_phase2/build/tf2_listener' returned '0': CMAKE_PREFIX_PATH=${CMAKE_PREFIX_PATH}:/opt/ros/humble /usr/bin/cmake --install /home/mukul/ros2_phase2/build/tf2_listener
[14.277s] Level 1:colcon.colcon_core.environment:checking '/home/mukul/ros2_phase2/install/tf2_listener' for CMake module files
[14.277s] Level 1:colcon.colcon_core.environment:checking '/home/mukul/ros2_phase2/install/tf2_listener' for CMake config files
[14.277s] Level 1:colcon.colcon_core.shell:create_environment_hook('tf2_listener', 'cmake_prefix_path')
[14.278s] INFO:colcon.colcon_core.shell:Creating environment hook '/home/mukul/ros2_phase2/install/tf2_listener/share/tf2_listener/hook/cmake_prefix_path.ps1'
[14.279s] INFO:colcon.colcon_core.shell:Creating environment descriptor '/home/mukul/ros2_phase2/install/tf2_listener/share/tf2_listener/hook/cmake_prefix_path.dsv'
[14.279s] INFO:colcon.colcon_core.shell:Creating environment hook '/home/mukul/ros2_phase2/install/tf2_listener/share/tf2_listener/hook/cmake_prefix_path.sh'
[14.280s] Level 1:colcon.colcon_core.environment:checking '/home/mukul/ros2_phase2/install/tf2_listener/lib'
[14.281s] Level 1:colcon.colcon_core.environment:checking '/home/mukul/ros2_phase2/install/tf2_listener/bin'
[14.281s] Level 1:colcon.colcon_core.environment:checking '/home/mukul/ros2_phase2/install/tf2_listener/lib/pkgconfig/tf2_listener.pc'
[14.281s] Level 1:colcon.colcon_core.environment:checking '/home/mukul/ros2_phase2/install/tf2_listener/lib/python3.10/site-packages'
[14.281s] Level 1:colcon.colcon_core.environment:checking '/home/mukul/ros2_phase2/install/tf2_listener/bin'
[14.282s] INFO:colcon.colcon_core.shell:Creating package script '/home/mukul/ros2_phase2/install/tf2_listener/share/tf2_listener/package.ps1'
[14.283s] INFO:colcon.colcon_core.shell:Creating package descriptor '/home/mukul/ros2_phase2/install/tf2_listener/share/tf2_listener/package.dsv'
[14.283s] INFO:colcon.colcon_core.shell:Creating package script '/home/mukul/ros2_phase2/install/tf2_listener/share/tf2_listener/package.sh'
[14.284s] INFO:colcon.colcon_core.shell:Creating package script '/home/mukul/ros2_phase2/install/tf2_listener/share/tf2_listener/package.bash'
[14.285s] INFO:colcon.colcon_core.shell:Creating package script '/home/mukul/ros2_phase2/install/tf2_listener/share/tf2_listener/package.zsh'
[14.285s] Level 1:colcon.colcon_core.environment:create_file_with_runtime_dependencies(/home/mukul/ros2_phase2/install/tf2_listener/share/colcon-core/packages/tf2_listener)
[14.286s] Level 1:colcon.colcon_core.environment:create_environment_scripts_only(tf2_listener)
[14.287s] Level 1:colcon.colcon_core.environment:checking '/home/mukul/ros2_phase2/install/tf2_listener' for CMake module files
[14.287s] Level 1:colcon.colcon_core.environment:checking '/home/mukul/ros2_phase2/install/tf2_listener' for CMake config files
[14.287s] Level 1:colcon.colcon_core.shell:create_environment_hook('tf2_listener', 'cmake_prefix_path')
[14.288s] INFO:colcon.colcon_core.shell:Creating environment hook '/home/mukul/ros2_phase2/install/tf2_listener/share/tf2_listener/hook/cmake_prefix_path.ps1'
[14.288s] INFO:colcon.colcon_core.shell:Creating environment descriptor '/home/mukul/ros2_phase2/install/tf2_listener/share/tf2_listener/hook/cmake_prefix_path.dsv'
[14.289s] INFO:colcon.colcon_core.shell:Creating environment hook '/home/mukul/ros2_phase2/install/tf2_listener/share/tf2_listener/hook/cmake_prefix_path.sh'
[14.289s] Level 1:colcon.colcon_core.environment:checking '/home/mukul/ros2_phase2/install/tf2_listener/lib'
[14.290s] Level 1:colcon.colcon_core.environment:checking '/home/mukul/ros2_phase2/install/tf2_listener/bin'
[14.290s] Level 1:colcon.colcon_core.environment:checking '/home/mukul/ros2_phase2/install/tf2_listener/lib/pkgconfig/tf2_listener.pc'
[14.290s] Level 1:colcon.colcon_core.environment:checking '/home/mukul/ros2_phase2/install/tf2_listener/lib/python3.10/site-packages'
[14.290s] Level 1:colcon.colcon_core.environment:checking '/home/mukul/ros2_phase2/install/tf2_listener/bin'
[14.291s] INFO:colcon.colcon_core.shell:Creating package script '/home/mukul/ros2_phase2/install/tf2_listener/share/tf2_listener/package.ps1'
[14.291s] INFO:colcon.colcon_core.shell:Creating package descriptor '/home/mukul/ros2_phase2/install/tf2_listener/share/tf2_listener/package.dsv'
[14.292s] INFO:colcon.colcon_core.shell:Creating package script '/home/mukul/ros2_phase2/install/tf2_listener/share/tf2_listener/package.sh'
[14.292s] INFO:colcon.colcon_core.shell:Creating package script '/home/mukul/ros2_phase2/install/tf2_listener/share/tf2_listener/package.bash'
[14.293s] INFO:colcon.colcon_core.shell:Creating package script '/home/mukul/ros2_phase2/install/tf2_listener/share/tf2_listener/package.zsh'
[14.293s] Level 1:colcon.colcon_core.environment:create_file_with_runtime_dependencies(/home/mukul/ros2_phase2/install/tf2_listener/share/colcon-core/packages/tf2_listener)
[14.293s] DEBUG:colcon.colcon_parallel_executor.executor.parallel:closing loop
[14.294s] DEBUG:colcon.colcon_parallel_executor.executor.parallel:loop closed
[14.294s] DEBUG:colcon.colcon_parallel_executor.executor.parallel:run_until_complete finished with '0'
[14.294s] DEBUG:colcon.colcon_core.event_reactor:joining thread
[14.300s] INFO:colcon.colcon_core.plugin_system:Skipping extension 'colcon_notification.desktop_notification.terminal_notifier': Not used on non-Darwin systems
[14.301s] INFO:colcon.colcon_core.plugin_system:Skipping extension 'colcon_notification.desktop_notification.win32': Not used on non-Windows systems
[14.301s] INFO:colcon.colcon_notification.desktop_notification:Sending desktop notification using 'notify2'
[14.334s] DEBUG:colcon.colcon_core.event_reactor:joined thread
[14.334s] INFO:colcon.colcon_core.shell:Creating prefix script '/home/mukul/ros2_phase2/install/local_setup.ps1'
[14.336s] INFO:colcon.colcon_core.shell:Creating prefix util module '/home/mukul/ros2_phase2/install/_local_setup_util_ps1.py'
[14.338s] INFO:colcon.colcon_core.shell:Creating prefix chain script '/home/mukul/ros2_phase2/install/setup.ps1'
[14.341s] INFO:colcon.colcon_core.shell:Creating prefix script '/home/mukul/ros2_phase2/install/local_setup.sh'
[14.342s] INFO:colcon.colcon_core.shell:Creating prefix util module '/home/mukul/ros2_phase2/install/_local_setup_util_sh.py'
[14.343s] INFO:colcon.colcon_core.shell:Creating prefix chain script '/home/mukul/ros2_phase2/install/setup.sh'
[14.345s] INFO:colcon.colcon_core.shell:Creating prefix script '/home/mukul/ros2_phase2/install/local_setup.bash'
[14.346s] INFO:colcon.colcon_core.shell:Creating prefix chain script '/home/mukul/ros2_phase2/install/setup.bash'
[14.348s] INFO:colcon.colcon_core.shell:Creating prefix script '/home/mukul/ros2_phase2/install/local_setup.zsh'
[14.349s] INFO:colcon.colcon_core.shell:Creating prefix chain script '/home/mukul/ros2_phase2/install/setup.zsh'
