-- Found ament_cmake: 1.3.14 (/opt/ros/humble/share/ament_cmake/cmake)
-- Found rclcpp: 16.0.19 (/opt/ros/humble/share/rclcpp/cmake)
-- Found rosidl_generator_c: 3.1.8 (/opt/ros/humble/share/rosidl_generator_c/cmake)
-- Found rosidl_adapter: 3.1.8 (/opt/ros/humble/share/rosidl_adapter/cmake)
-- Found rosidl_generator_cpp: 3.1.8 (/opt/ros/humble/share/rosidl_generator_cpp/cmake)
-- Using all available rosidl_typesupport_c: rosidl_typesupport_fastrtps_c;rosidl_typesupport_introspection_c
-- Using all available rosidl_typesupport_cpp: rosidl_typesupport_fastrtps_cpp;rosidl_typesupport_introspection_cpp
-- Found rmw_implementation_cmake: 6.1.2 (/opt/ros/humble/share/rmw_implementation_cmake/cmake)
-- Found rmw_fastrtps_cpp: 6.2.10 (/opt/ros/humble/share/rmw_fastrtps_cpp/cmake)
-- Using RMW implementation 'rmw_fastrtps_cpp' as default
-- Found rclcpp_lifecycle: 16.0.19 (/opt/ros/humble/share/rclcpp_lifecycle/cmake)
-- Found std_srvs: 4.9.1 (/opt/ros/humble/share/std_srvs/cmake)
-- Found ament_lint_auto: 0.12.15 (/opt/ros/humble/share/ament_lint_auto/cmake)
-- Added test 'cppcheck' to perform static code analysis on C / C++ code
-- Configured cppcheck include dirs: 
-- Configured cppcheck exclude dirs and/or files: 
-- Added test 'lint_cmake' to check CMake code style
-- Added test 'uncrustify' to check C / C++ code style
-- Configured uncrustify additional arguments: 
-- Added test 'xmllint' to check XML markup files
-- Configuring done
-- Generating done
-- Build files have been written to: /home/mukul/phase5_ws/build/lifecycle_sensor
[35m[1mConsolidate compiler generated dependencies of target sensor_node[0m
[ 25%] [32mBuilding CXX object CMakeFiles/multithreaded_node.dir/src/multithreaded_node.cpp.o[0m
[ 75%] Built target sensor_node
[100%] [32m[1mLinking CXX executable multithreaded_node[0m
[100%] Built target multithreaded_node
-- Install configuration: ""
-- Up-to-date: /home/mukul/phase5_ws/install/lifecycle_sensor/lib/lifecycle_sensor/sensor_node
-- Installing: /home/mukul/phase5_ws/install/lifecycle_sensor/lib/lifecycle_sensor/multithreaded_node
-- Set runtime path of "/home/mukul/phase5_ws/install/lifecycle_sensor/lib/lifecycle_sensor/multithreaded_node" to ""
-- Up-to-date: /home/mukul/phase5_ws/install/lifecycle_sensor/share/ament_index/resource_index/package_run_dependencies/lifecycle_sensor
-- Up-to-date: /home/mukul/phase5_ws/install/lifecycle_sensor/share/ament_index/resource_index/parent_prefix_path/lifecycle_sensor
-- Up-to-date: /home/mukul/phase5_ws/install/lifecycle_sensor/share/lifecycle_sensor/environment/ament_prefix_path.sh
-- Installing: /home/mukul/phase5_ws/install/lifecycle_sensor/share/lifecycle_sensor/environment/ament_prefix_path.dsv
-- Up-to-date: /home/mukul/phase5_ws/install/lifecycle_sensor/share/lifecycle_sensor/environment/path.sh
-- Installing: /home/mukul/phase5_ws/install/lifecycle_sensor/share/lifecycle_sensor/environment/path.dsv
-- Up-to-date: /home/mukul/phase5_ws/install/lifecycle_sensor/share/lifecycle_sensor/local_setup.bash
-- Up-to-date: /home/mukul/phase5_ws/install/lifecycle_sensor/share/lifecycle_sensor/local_setup.sh
-- Up-to-date: /home/mukul/phase5_ws/install/lifecycle_sensor/share/lifecycle_sensor/local_setup.zsh
-- Installing: /home/mukul/phase5_ws/install/lifecycle_sensor/share/lifecycle_sensor/local_setup.dsv
-- Installing: /home/mukul/phase5_ws/install/lifecycle_sensor/share/lifecycle_sensor/package.dsv
-- Up-to-date: /home/mukul/phase5_ws/install/lifecycle_sensor/share/ament_index/resource_index/packages/lifecycle_sensor
-- Up-to-date: /home/mukul/phase5_ws/install/lifecycle_sensor/share/lifecycle_sensor/cmake/lifecycle_sensorConfig.cmake
-- Up-to-date: /home/mukul/phase5_ws/install/lifecycle_sensor/share/lifecycle_sensor/cmake/lifecycle_sensorConfig-version.cmake
-- Up-to-date: /home/mukul/phase5_ws/install/lifecycle_sensor/share/lifecycle_sensor/package.xml
