[0.021s] Invoking command in '/home/mukul/phase5_ws/build/lifecycle_sensor': CMAKE_PREFIX_PATH=/opt/ros/humble /usr/bin/cmake --build /home/mukul/phase5_ws/build/lifecycle_sensor -- -j8 -l8
[0.088s] -- Found ament_cmake: 1.3.14 (/opt/ros/humble/share/ament_cmake/cmake)
[0.286s] -- Found rclcpp: 16.0.19 (/opt/ros/humble/share/rclcpp/cmake)
[0.340s] -- Found rosidl_generator_c: 3.1.8 (/opt/ros/humble/share/rosidl_generator_c/cmake)
[0.344s] -- Found rosidl_adapter: 3.1.8 (/opt/ros/humble/share/rosidl_adapter/cmake)
[0.355s] -- Found rosidl_generator_cpp: 3.1.8 (/opt/ros/humble/share/rosidl_generator_cpp/cmake)
[0.370s] -- Using all available rosidl_typesupport_c: rosidl_typesupport_fastrtps_c;rosidl_typesupport_introspection_c
[0.390s] -- Using all available rosidl_typesupport_cpp: rosidl_typesupport_fastrtps_cpp;rosidl_typesupport_introspection_cpp
[0.447s] -- Found rmw_implementation_cmake: 6.1.2 (/opt/ros/humble/share/rmw_implementation_cmake/cmake)
[0.450s] -- Found rmw_fastrtps_cpp: 6.2.10 (/opt/ros/humble/share/rmw_fastrtps_cpp/cmake)
[0.622s] -- Using RMW implementation 'rmw_fastrtps_cpp' as default
[0.705s] -- Found rclcpp_lifecycle: 16.0.19 (/opt/ros/humble/share/rclcpp_lifecycle/cmake)
[0.732s] -- Found std_srvs: 4.9.1 (/opt/ros/humble/share/std_srvs/cmake)
[0.746s] -- Found ament_lint_auto: 0.12.15 (/opt/ros/humble/share/ament_lint_auto/cmake)
[0.855s] -- Added test 'cppcheck' to perform static code analysis on C / C++ code
[0.855s] -- Configured cppcheck include dirs: 
[0.855s] -- Configured cppcheck exclude dirs and/or files: 
[0.857s] -- Added test 'lint_cmake' to check CMake code style
[0.860s] -- Added test 'uncrustify' to check C / C++ code style
[0.861s] -- Configured uncrustify additional arguments: 
[0.862s] -- Added test 'xmllint' to check XML markup files
[0.865s] -- Configuring done
[0.900s] -- Generating done
[0.908s] -- Build files have been written to: /home/mukul/phase5_ws/build/lifecycle_sensor
[0.954s] [35m[1mConsolidate compiler generated dependencies of target sensor_node[0m
[0.967s] [ 25%] [32mBuilding CXX object CMakeFiles/multithreaded_node.dir/src/multithreaded_node.cpp.o[0m
[0.979s] [ 75%] Built target sensor_node
[7.706s] [100%] [32m[1mLinking CXX executable multithreaded_node[0m
[8.153s] [100%] Built target multithreaded_node
[8.173s] Invoked command in '/home/mukul/phase5_ws/build/lifecycle_sensor' returned '0': CMAKE_PREFIX_PATH=/opt/ros/humble /usr/bin/cmake --build /home/mukul/phase5_ws/build/lifecycle_sensor -- -j8 -l8
[8.187s] Invoking command in '/home/mukul/phase5_ws/build/lifecycle_sensor': CMAKE_PREFIX_PATH=/opt/ros/humble /usr/bin/cmake --install /home/mukul/phase5_ws/build/lifecycle_sensor
[8.198s] -- Install configuration: ""
[8.198s] -- Up-to-date: /home/mukul/phase5_ws/install/lifecycle_sensor/lib/lifecycle_sensor/sensor_node
[8.199s] -- Installing: /home/mukul/phase5_ws/install/lifecycle_sensor/lib/lifecycle_sensor/multithreaded_node
[8.202s] -- Set runtime path of "/home/mukul/phase5_ws/install/lifecycle_sensor/lib/lifecycle_sensor/multithreaded_node" to ""
[8.202s] -- Up-to-date: /home/mukul/phase5_ws/install/lifecycle_sensor/share/ament_index/resource_index/package_run_dependencies/lifecycle_sensor
[8.202s] -- Up-to-date: /home/mukul/phase5_ws/install/lifecycle_sensor/share/ament_index/resource_index/parent_prefix_path/lifecycle_sensor
[8.203s] -- Up-to-date: /home/mukul/phase5_ws/install/lifecycle_sensor/share/lifecycle_sensor/environment/ament_prefix_path.sh
[8.203s] -- Installing: /home/mukul/phase5_ws/install/lifecycle_sensor/share/lifecycle_sensor/environment/ament_prefix_path.dsv
[8.203s] -- Up-to-date: /home/mukul/phase5_ws/install/lifecycle_sensor/share/lifecycle_sensor/environment/path.sh
[8.203s] -- Installing: /home/mukul/phase5_ws/install/lifecycle_sensor/share/lifecycle_sensor/environment/path.dsv
[8.203s] -- Up-to-date: /home/mukul/phase5_ws/install/lifecycle_sensor/share/lifecycle_sensor/local_setup.bash
[8.203s] -- Up-to-date: /home/mukul/phase5_ws/install/lifecycle_sensor/share/lifecycle_sensor/local_setup.sh
[8.203s] -- Up-to-date: /home/mukul/phase5_ws/install/lifecycle_sensor/share/lifecycle_sensor/local_setup.zsh
[8.203s] -- Installing: /home/mukul/phase5_ws/install/lifecycle_sensor/share/lifecycle_sensor/local_setup.dsv
[8.204s] -- Installing: /home/mukul/phase5_ws/install/lifecycle_sensor/share/lifecycle_sensor/package.dsv
[8.204s] -- Up-to-date: /home/mukul/phase5_ws/install/lifecycle_sensor/share/ament_index/resource_index/packages/lifecycle_sensor
[8.204s] -- Up-to-date: /home/mukul/phase5_ws/install/lifecycle_sensor/share/lifecycle_sensor/cmake/lifecycle_sensorConfig.cmake
[8.204s] -- Up-to-date: /home/mukul/phase5_ws/install/lifecycle_sensor/share/lifecycle_sensor/cmake/lifecycle_sensorConfig-version.cmake
[8.204s] -- Up-to-date: /home/mukul/phase5_ws/install/lifecycle_sensor/share/lifecycle_sensor/package.xml
[8.207s] Invoked command in '/home/mukul/phase5_ws/build/lifecycle_sensor' returned '0': CMAKE_PREFIX_PATH=/opt/ros/humble /usr/bin/cmake --install /home/mukul/phase5_ws/build/lifecycle_sensor
