[0.592s] DEBUG:colcon:Command line arguments: ['/usr/bin/colcon', 'build', '--packages-select', 'nav_client']
[0.592s] DEBUG:colcon:Parsed command line arguments: Namespace(log_base=None, log_level=None, verb_name='build', build_base='build', install_base='install', merge_install=False, symlink_install=False, test_result_base=None, continue_on_error=False, executor='parallel', parallel_workers=8, event_handlers=None, ignore_user_meta=False, metas=['./colcon.meta'], base_paths=['.'], packages_ignore=None, packages_ignore_regex=None, paths=None, packages_up_to=None, packages_up_to_regex=None, packages_above=None, packages_above_and_dependencies=None, packages_above_depth=None, packages_select_by_dep=None, packages_skip_by_dep=None, packages_skip_up_to=None, packages_select_build_failed=False, packages_skip_build_finished=False, packages_select_test_failures=False, packages_skip_test_passed=False, packages_select=['nav_client'], packages_skip=None, packages_select_regex=None, packages_skip_regex=None, packages_start=None, packages_end=None, allow_overriding=[], cmake_args=None, cmake_target=None, cmake_target_skip_unavailable=False, cmake_clean_cache=False, cmake_clean_first=False, cmake_force_configure=False, ament_cmake_args=None, catkin_cmake_args=None, catkin_skip_building_tests=False, mixin_files=None, mixin=None, verb_parser=<colcon_mixin.mixin.mixin_argument.MixinArgumentDecorator object at 0x79ae1760efb0>, verb_extension=<colcon_core.verb.build.BuildVerb object at 0x79ae1760eb30>, main=<bound method BuildVerb.main of <colcon_core.verb.build.BuildVerb object at 0x79ae1760eb30>>, mixin_verb=('build',))
[1.158s] Level 1:colcon.colcon_core.package_discovery:discover_packages(colcon_meta) check parameters
[1.158s] Level 1:colcon.colcon_core.package_discovery:discover_packages(recursive) check parameters
[1.158s] Level 1:colcon.colcon_core.package_discovery:discover_packages(ignore) check parameters
[1.158s] Level 1:colcon.colcon_core.package_discovery:discover_packages(path) check parameters
[1.158s] Level 1:colcon.colcon_core.package_discovery:discover_packages(colcon_meta) discover
[1.158s] Level 1:colcon.colcon_core.package_discovery:discover_packages(recursive) discover
[1.158s] INFO:colcon.colcon_core.package_discovery:Crawling recursively for packages in '/home/mukul/phase4_ws'
[1.158s] Level 1:colcon.colcon_core.package_identification:_identify(.) by extensions ['ignore', 'ignore_ament_install']
[1.159s] Level 1:colcon.colcon_core.package_identification:_identify(.) by extension 'ignore'
[1.159s] Level 1:colcon.colcon_core.package_identification:_identify(.) by extension 'ignore_ament_install'
[1.159s] Level 1:colcon.colcon_core.package_identification:_identify(.) by extensions ['colcon_pkg']
[1.159s] Level 1:colcon.colcon_core.package_identification:_identify(.) by extension 'colcon_pkg'
[1.159s] Level 1:colcon.colcon_core.package_identification:_identify(.) by extensions ['colcon_meta']
[1.159s] Level 1:colcon.colcon_core.package_identification:_identify(.) by extension 'colcon_meta'
[1.159s] Level 1:colcon.colcon_core.package_identification:_identify(.) by extensions ['ros']
[1.159s] Level 1:colcon.colcon_core.package_identification:_identify(.) by extension 'ros'
[1.182s] Level 1:colcon.colcon_core.package_identification:_identify(.) by extensions ['cmake', 'python']
[1.183s] Level 1:colcon.colcon_core.package_identification:_identify(.) by extension 'cmake'
[1.183s] Level 1:colcon.colcon_core.package_identification:_identify(.) by extension 'python'
[1.183s] Level 1:colcon.colcon_core.package_identification:_identify(.) by extensions ['python_setup_py']
[1.183s] Level 1:colcon.colcon_core.package_identification:_identify(.) by extension 'python_setup_py'
[1.183s] Level 1:colcon.colcon_core.package_identification:_identify(build) by extensions ['ignore', 'ignore_ament_install']
[1.183s] Level 1:colcon.colcon_core.package_identification:_identify(build) by extension 'ignore'
[1.183s] Level 1:colcon.colcon_core.package_identification:_identify(build) ignored
[1.184s] Level 1:colcon.colcon_core.package_identification:_identify(install) by extensions ['ignore', 'ignore_ament_install']
[1.184s] Level 1:colcon.colcon_core.package_identification:_identify(install) by extension 'ignore'
[1.184s] Level 1:colcon.colcon_core.package_identification:_identify(install) ignored
[1.184s] Level 1:colcon.colcon_core.package_identification:_identify(log) by extensions ['ignore', 'ignore_ament_install']
[1.184s] Level 1:colcon.colcon_core.package_identification:_identify(log) by extension 'ignore'
[1.184s] Level 1:colcon.colcon_core.package_identification:_identify(log) ignored
[1.185s] Level 1:colcon.colcon_core.package_identification:_identify(src) by extensions ['ignore', 'ignore_ament_install']
[1.185s] Level 1:colcon.colcon_core.package_identification:_identify(src) by extension 'ignore'
[1.185s] Level 1:colcon.colcon_core.package_identification:_identify(src) by extension 'ignore_ament_install'
[1.185s] Level 1:colcon.colcon_core.package_identification:_identify(src) by extensions ['colcon_pkg']
[1.185s] Level 1:colcon.colcon_core.package_identification:_identify(src) by extension 'colcon_pkg'
[1.185s] Level 1:colcon.colcon_core.package_identification:_identify(src) by extensions ['colcon_meta']
[1.186s] Level 1:colcon.colcon_core.package_identification:_identify(src) by extension 'colcon_meta'
[1.186s] Level 1:colcon.colcon_core.package_identification:_identify(src) by extensions ['ros']
[1.186s] Level 1:colcon.colcon_core.package_identification:_identify(src) by extension 'ros'
[1.186s] Level 1:colcon.colcon_core.package_identification:_identify(src) by extensions ['cmake', 'python']
[1.186s] Level 1:colcon.colcon_core.package_identification:_identify(src) by extension 'cmake'
[1.186s] Level 1:colcon.colcon_core.package_identification:_identify(src) by extension 'python'
[1.186s] Level 1:colcon.colcon_core.package_identification:_identify(src) by extensions ['python_setup_py']
[1.186s] Level 1:colcon.colcon_core.package_identification:_identify(src) by extension 'python_setup_py'
[1.187s] Level 1:colcon.colcon_core.package_identification:_identify(src/nav_client) by extensions ['ignore', 'ignore_ament_install']
[1.187s] Level 1:colcon.colcon_core.package_identification:_identify(src/nav_client) by extension 'ignore'
[1.187s] Level 1:colcon.colcon_core.package_identification:_identify(src/nav_client) by extension 'ignore_ament_install'
[1.187s] Level 1:colcon.colcon_core.package_identification:_identify(src/nav_client) by extensions ['colcon_pkg']
[1.187s] Level 1:colcon.colcon_core.package_identification:_identify(src/nav_client) by extension 'colcon_pkg'
[1.188s] Level 1:colcon.colcon_core.package_identification:_identify(src/nav_client) by extensions ['colcon_meta']
[1.188s] Level 1:colcon.colcon_core.package_identification:_identify(src/nav_client) by extension 'colcon_meta'
[1.188s] Level 1:colcon.colcon_core.package_identification:_identify(src/nav_client) by extensions ['ros']
[1.188s] Level 1:colcon.colcon_core.package_identification:_identify(src/nav_client) by extension 'ros'
[1.196s] DEBUG:colcon.colcon_core.package_identification:Package 'src/nav_client' with type 'ros.ament_cmake' and name 'nav_client'
[1.196s] Level 1:colcon.colcon_core.package_discovery:discover_packages(recursive) using defaults
[1.196s] Level 1:colcon.colcon_core.package_discovery:discover_packages(ignore) discover
[1.196s] Level 1:colcon.colcon_core.package_discovery:discover_packages(ignore) using defaults
[1.196s] Level 1:colcon.colcon_core.package_discovery:discover_packages(path) discover
[1.196s] Level 1:colcon.colcon_core.package_discovery:discover_packages(path) using defaults
[1.293s] Level 1:colcon.colcon_core.package_discovery:discover_packages(prefix_path) check parameters
[1.293s] Level 1:colcon.colcon_core.package_discovery:discover_packages(prefix_path) discover
[1.306s] DEBUG:colcon.colcon_installed_package_information.package_discovery:Found 1 installed packages in /home/mukul/phase4_ws/install
[1.309s] DEBUG:colcon.colcon_installed_package_information.package_discovery:Found 18 installed packages in /home/mukul/ros2_ws/install
[1.314s] DEBUG:colcon.colcon_installed_package_information.package_discovery:Found 366 installed packages in /opt/ros/humble
[1.318s] Level 1:colcon.colcon_core.package_discovery:discover_packages(prefix_path) using defaults
[1.440s] Level 5:colcon.colcon_core.verb:set package 'nav_client' build argument 'cmake_args' from command line to 'None'
[1.441s] Level 5:colcon.colcon_core.verb:set package 'nav_client' build argument 'cmake_target' from command line to 'None'
[1.441s] Level 5:colcon.colcon_core.verb:set package 'nav_client' build argument 'cmake_target_skip_unavailable' from command line to 'False'
[1.441s] Level 5:colcon.colcon_core.verb:set package 'nav_client' build argument 'cmake_clean_cache' from command line to 'False'
[1.441s] Level 5:colcon.colcon_core.verb:set package 'nav_client' build argument 'cmake_clean_first' from command line to 'False'
[1.441s] Level 5:colcon.colcon_core.verb:set package 'nav_client' build argument 'cmake_force_configure' from command line to 'False'
[1.441s] Level 5:colcon.colcon_core.verb:set package 'nav_client' build argument 'ament_cmake_args' from command line to 'None'
[1.441s] Level 5:colcon.colcon_core.verb:set package 'nav_client' build argument 'catkin_cmake_args' from command line to 'None'
[1.441s] Level 5:colcon.colcon_core.verb:set package 'nav_client' build argument 'catkin_skip_building_tests' from command line to 'False'
[1.441s] DEBUG:colcon.colcon_core.verb:Building package 'nav_client' with the following arguments: {'ament_cmake_args': None, 'build_base': '/home/mukul/phase4_ws/build/nav_client', 'catkin_cmake_args': None, 'catkin_skip_building_tests': False, 'cmake_args': None, 'cmake_clean_cache': False, 'cmake_clean_first': False, 'cmake_force_configure': False, 'cmake_target': None, 'cmake_target_skip_unavailable': False, 'install_base': '/home/mukul/phase4_ws/install/nav_client', 'merge_install': False, 'path': '/home/mukul/phase4_ws/src/nav_client', 'symlink_install': False, 'test_result_base': None}
[1.442s] INFO:colcon.colcon_core.executor:Executing jobs using 'parallel' executor
[1.444s] DEBUG:colcon.colcon_parallel_executor.executor.parallel:run_until_complete
[1.445s] INFO:colcon.colcon_ros.task.ament_cmake.build:Building ROS package in '/home/mukul/phase4_ws/src/nav_client' with build type 'ament_cmake'
[1.446s] INFO:colcon.colcon_cmake.task.cmake.build:Building CMake package in '/home/mukul/phase4_ws/src/nav_client'
[1.461s] INFO:colcon.colcon_core.plugin_system:Skipping extension 'colcon_core.shell.bat': Not used on non-Windows systems
[1.461s] INFO:colcon.colcon_core.shell:Skip shell extension 'powershell' for command environment: Not usable outside of PowerShell
[1.461s] DEBUG:colcon.colcon_core.shell:Skip shell extension 'dsv' for command environment
[1.493s] DEBUG:colcon.colcon_core.event_handler.log_command:Invoking command in '/home/mukul/phase4_ws/build/nav_client': CMAKE_PREFIX_PATH=${CMAKE_PREFIX_PATH}:/opt/ros/humble /usr/bin/cmake --build /home/mukul/phase4_ws/build/nav_client -- -j8 -l8
[16.749s] DEBUG:colcon.colcon_core.event_handler.log_command:Invoked command in '/home/mukul/phase4_ws/build/nav_client' returned '0': CMAKE_PREFIX_PATH=${CMAKE_PREFIX_PATH}:/opt/ros/humble /usr/bin/cmake --build /home/mukul/phase4_ws/build/nav_client -- -j8 -l8
[16.772s] DEBUG:colcon.colcon_core.event_handler.log_command:Invoking command in '/home/mukul/phase4_ws/build/nav_client': CMAKE_PREFIX_PATH=${CMAKE_PREFIX_PATH}:/opt/ros/humble /usr/bin/cmake --install /home/mukul/phase4_ws/build/nav_client
[16.803s] Level 1:colcon.colcon_core.environment:create_environment_scripts_only(nav_client)
[16.843s] Level 1:colcon.colcon_core.environment:checking '/home/mukul/phase4_ws/install/nav_client' for CMake module files
[16.850s] DEBUG:colcon.colcon_core.event_handler.log_command:Invoked command in '/home/mukul/phase4_ws/build/nav_client' returned '0': CMAKE_PREFIX_PATH=${CMAKE_PREFIX_PATH}:/opt/ros/humble /usr/bin/cmake --install /home/mukul/phase4_ws/build/nav_client
[16.859s] Level 1:colcon.colcon_core.environment:checking '/home/mukul/phase4_ws/install/nav_client' for CMake config files
[16.859s] Level 1:colcon.colcon_core.shell:create_environment_hook('nav_client', 'cmake_prefix_path')
[16.860s] INFO:colcon.colcon_core.shell:Creating environment hook '/home/mukul/phase4_ws/install/nav_client/share/nav_client/hook/cmake_prefix_path.ps1'
[16.863s] INFO:colcon.colcon_core.shell:Creating environment descriptor '/home/mukul/phase4_ws/install/nav_client/share/nav_client/hook/cmake_prefix_path.dsv'
[16.866s] INFO:colcon.colcon_core.shell:Creating environment hook '/home/mukul/phase4_ws/install/nav_client/share/nav_client/hook/cmake_prefix_path.sh'
[16.870s] Level 1:colcon.colcon_core.environment:checking '/home/mukul/phase4_ws/install/nav_client/lib'
[16.870s] Level 1:colcon.colcon_core.environment:checking '/home/mukul/phase4_ws/install/nav_client/bin'
[16.871s] Level 1:colcon.colcon_core.environment:checking '/home/mukul/phase4_ws/install/nav_client/lib/pkgconfig/nav_client.pc'
[16.871s] Level 1:colcon.colcon_core.environment:checking '/home/mukul/phase4_ws/install/nav_client/lib/python3.10/site-packages'
[16.874s] Level 1:colcon.colcon_core.environment:checking '/home/mukul/phase4_ws/install/nav_client/bin'
[16.875s] INFO:colcon.colcon_core.shell:Creating package script '/home/mukul/phase4_ws/install/nav_client/share/nav_client/package.ps1'
[16.883s] INFO:colcon.colcon_core.shell:Creating package descriptor '/home/mukul/phase4_ws/install/nav_client/share/nav_client/package.dsv'
[16.886s] INFO:colcon.colcon_core.shell:Creating package script '/home/mukul/phase4_ws/install/nav_client/share/nav_client/package.sh'
[16.889s] INFO:colcon.colcon_core.shell:Creating package script '/home/mukul/phase4_ws/install/nav_client/share/nav_client/package.bash'
[16.894s] INFO:colcon.colcon_core.shell:Creating package script '/home/mukul/phase4_ws/install/nav_client/share/nav_client/package.zsh'
[16.897s] Level 1:colcon.colcon_core.environment:create_file_with_runtime_dependencies(/home/mukul/phase4_ws/install/nav_client/share/colcon-core/packages/nav_client)
[16.903s] Level 1:colcon.colcon_core.environment:create_environment_scripts_only(nav_client)
[16.904s] Level 1:colcon.colcon_core.environment:checking '/home/mukul/phase4_ws/install/nav_client' for CMake module files
[16.906s] Level 1:colcon.colcon_core.environment:checking '/home/mukul/phase4_ws/install/nav_client' for CMake config files
[16.907s] Level 1:colcon.colcon_core.shell:create_environment_hook('nav_client', 'cmake_prefix_path')
[16.908s] INFO:colcon.colcon_core.shell:Creating environment hook '/home/mukul/phase4_ws/install/nav_client/share/nav_client/hook/cmake_prefix_path.ps1'
[16.910s] INFO:colcon.colcon_core.shell:Creating environment descriptor '/home/mukul/phase4_ws/install/nav_client/share/nav_client/hook/cmake_prefix_path.dsv'
[16.912s] INFO:colcon.colcon_core.shell:Creating environment hook '/home/mukul/phase4_ws/install/nav_client/share/nav_client/hook/cmake_prefix_path.sh'
[16.914s] Level 1:colcon.colcon_core.environment:checking '/home/mukul/phase4_ws/install/nav_client/lib'
[16.915s] Level 1:colcon.colcon_core.environment:checking '/home/mukul/phase4_ws/install/nav_client/bin'
[16.915s] Level 1:colcon.colcon_core.environment:checking '/home/mukul/phase4_ws/install/nav_client/lib/pkgconfig/nav_client.pc'
[16.915s] Level 1:colcon.colcon_core.environment:checking '/home/mukul/phase4_ws/install/nav_client/lib/python3.10/site-packages'
[16.916s] Level 1:colcon.colcon_core.environment:checking '/home/mukul/phase4_ws/install/nav_client/bin'
[16.918s] INFO:colcon.colcon_core.shell:Creating package script '/home/mukul/phase4_ws/install/nav_client/share/nav_client/package.ps1'
[16.921s] INFO:colcon.colcon_core.shell:Creating package descriptor '/home/mukul/phase4_ws/install/nav_client/share/nav_client/package.dsv'
[16.922s] INFO:colcon.colcon_core.shell:Creating package script '/home/mukul/phase4_ws/install/nav_client/share/nav_client/package.sh'
[16.925s] INFO:colcon.colcon_core.shell:Creating package script '/home/mukul/phase4_ws/install/nav_client/share/nav_client/package.bash'
[16.927s] INFO:colcon.colcon_core.shell:Creating package script '/home/mukul/phase4_ws/install/nav_client/share/nav_client/package.zsh'
[16.929s] Level 1:colcon.colcon_core.environment:create_file_with_runtime_dependencies(/home/mukul/phase4_ws/install/nav_client/share/colcon-core/packages/nav_client)
[16.930s] DEBUG:colcon.colcon_parallel_executor.executor.parallel:closing loop
[16.931s] DEBUG:colcon.colcon_parallel_executor.executor.parallel:loop closed
[16.931s] DEBUG:colcon.colcon_parallel_executor.executor.parallel:run_until_complete finished with '0'
[16.931s] DEBUG:colcon.colcon_core.event_reactor:joining thread
[16.957s] INFO:colcon.colcon_core.plugin_system:Skipping extension 'colcon_notification.desktop_notification.terminal_notifier': Not used on non-Darwin systems
[16.958s] INFO:colcon.colcon_core.plugin_system:Skipping extension 'colcon_notification.desktop_notification.win32': Not used on non-Windows systems
[16.958s] INFO:colcon.colcon_notification.desktop_notification:Sending desktop notification using 'notify2'
[17.045s] DEBUG:colcon.colcon_core.event_reactor:joined thread
[17.046s] INFO:colcon.colcon_core.shell:Creating prefix script '/home/mukul/phase4_ws/install/local_setup.ps1'
[17.049s] INFO:colcon.colcon_core.shell:Creating prefix util module '/home/mukul/phase4_ws/install/_local_setup_util_ps1.py'
[17.054s] INFO:colcon.colcon_core.shell:Creating prefix chain script '/home/mukul/phase4_ws/install/setup.ps1'
[17.061s] INFO:colcon.colcon_core.shell:Creating prefix script '/home/mukul/phase4_ws/install/local_setup.sh'
[17.063s] INFO:colcon.colcon_core.shell:Creating prefix util module '/home/mukul/phase4_ws/install/_local_setup_util_sh.py'
[17.066s] INFO:colcon.colcon_core.shell:Creating prefix chain script '/home/mukul/phase4_ws/install/setup.sh'
[17.073s] INFO:colcon.colcon_core.shell:Creating prefix script '/home/mukul/phase4_ws/install/local_setup.bash'
[17.075s] INFO:colcon.colcon_core.shell:Creating prefix chain script '/home/mukul/phase4_ws/install/setup.bash'
[17.082s] INFO:colcon.colcon_core.shell:Creating prefix script '/home/mukul/phase4_ws/install/local_setup.zsh'
[17.084s] INFO:colcon.colcon_core.shell:Creating prefix chain script '/home/mukul/phase4_ws/install/setup.zsh'
