[0.036s] Invoking command in '/home/mukul/ROS2_Phase3/build/gazebo_interface': CMAKE_PREFIX_PATH=${CMAKE_PREFIX_PATH}:/opt/ros/humble /usr/bin/cmake /home/mukul/ROS2_Phase3/src/gazebo_interface -DCMAKE_INSTALL_PREFIX=/home/mukul/ROS2_Phase3/install/gazebo_interface
[0.288s] -- The C compiler identification is GNU 11.4.0
[0.465s] -- The CXX compiler identification is GNU 11.4.0
[0.489s] -- Detecting C compiler ABI info
[0.656s] -- Detecting C compiler ABI info - done
[0.668s] -- Check for working C compiler: /usr/bin/cc - skipped
[0.678s] -- Detecting C compile features
[0.679s] -- Detecting C compile features - done
[0.685s] -- Detecting CXX compiler ABI info
[0.858s] -- Detecting CXX compiler ABI info - done
[0.875s] -- Check for working CXX compiler: /usr/bin/c++ - skipped
[0.876s] -- Detecting CXX compile features
[0.877s] -- Detecting CXX compile features - done
[0.905s] -- Found ament_cmake: 1.3.14 (/opt/ros/humble/share/ament_cmake/cmake)
[1.180s] -- Found Python3: /usr/bin/python3 (found version "3.10.12") found components: Interpreter 
[1.498s] -- Found rclcpp: 16.0.19 (/opt/ros/humble/share/rclcpp/cmake)
[1.635s] -- Found rosidl_generator_c: 3.1.8 (/opt/ros/humble/share/rosidl_generator_c/cmake)
[1.651s] -- Found rosidl_adapter: 3.1.8 (/opt/ros/humble/share/rosidl_adapter/cmake)
[1.673s] -- Found rosidl_generator_cpp: 3.1.8 (/opt/ros/humble/share/rosidl_generator_cpp/cmake)
[1.709s] -- Using all available rosidl_typesupport_c: rosidl_typesupport_fastrtps_c;rosidl_typesupport_introspection_c
[1.756s] -- Using all available rosidl_typesupport_cpp: rosidl_typesupport_fastrtps_cpp;rosidl_typesupport_introspection_cpp
[1.899s] -- Found rmw_implementation_cmake: 6.1.2 (/opt/ros/humble/share/rmw_implementation_cmake/cmake)
[1.910s] -- Found rmw_fastrtps_cpp: 6.2.10 (/opt/ros/humble/share/rmw_fastrtps_cpp/cmake)
[2.137s] -- Found OpenSSL: /usr/lib/x86_64-linux-gnu/libcrypto.so (found version "3.0.2")  
[2.199s] -- Found FastRTPS: /opt/ros/humble/include  
[2.293s] -- Using RMW implementation 'rmw_fastrtps_cpp' as default
[2.325s] -- Looking for pthread.h
[2.441s] -- Looking for pthread.h - found
[2.441s] -- Performing Test CMAKE_HAVE_LIBC_PTHREAD
[2.557s] -- Performing Test CMAKE_HAVE_LIBC_PTHREAD - Success
[2.559s] -- Found Threads: TRUE  
[2.690s] -- Found sensor_msgs: 4.9.1 (/opt/ros/humble/share/sensor_msgs/cmake)
[2.754s] -- Found nav_msgs: 4.9.1 (/opt/ros/humble/share/nav_msgs/cmake)
[2.801s] -- Found tf2: 0.25.20 (/opt/ros/humble/share/tf2/cmake)
[2.830s] -- Found tf2_ros: 0.25.20 (/opt/ros/humble/share/tf2_ros/cmake)
[3.049s] -- Found tf2_geometry_msgs: 0.25.20 (/opt/ros/humble/share/tf2_geometry_msgs/cmake)
[3.094s] -- Found eigen3_cmake_module: 0.1.1 (/opt/ros/humble/share/eigen3_cmake_module/cmake)
[3.097s] -- Found Eigen3: TRUE (found version "3.4.0") 
[3.097s] -- Ensuring Eigen3 include directory is part of orocos-kdl CMake target
[3.106s] -- Found ament_lint_auto: 0.12.15 (/opt/ros/humble/share/ament_lint_auto/cmake)
[3.318s] -- Added test 'cppcheck' to perform static code analysis on C / C++ code
[3.318s] -- Configured cppcheck include dirs: 
[3.318s] -- Configured cppcheck exclude dirs and/or files: 
[3.320s] -- Added test 'lint_cmake' to check CMake code style
[3.325s] -- Added test 'uncrustify' to check C / C++ code style
[3.325s] -- Configured uncrustify additional arguments: 
[3.327s] -- Added test 'xmllint' to check XML markup files
[3.332s] -- Configuring done
[3.358s] -- Generating done
[3.366s] -- Build files have been written to: /home/mukul/ROS2_Phase3/build/gazebo_interface
[3.388s] Invoked command in '/home/mukul/ROS2_Phase3/build/gazebo_interface' returned '0': CMAKE_PREFIX_PATH=${CMAKE_PREFIX_PATH}:/opt/ros/humble /usr/bin/cmake /home/mukul/ROS2_Phase3/src/gazebo_interface -DCMAKE_INSTALL_PREFIX=/home/mukul/ROS2_Phase3/install/gazebo_interface
[3.391s] Invoking command in '/home/mukul/ROS2_Phase3/build/gazebo_interface': CMAKE_PREFIX_PATH=${CMAKE_PREFIX_PATH}:/opt/ros/humble /usr/bin/cmake --build /home/mukul/ROS2_Phase3/build/gazebo_interface -- -j8 -l8
[3.489s] [ 50%] [32mBuilding CXX object CMakeFiles/interface_node.dir/src/interface_node.cpp.o[0m
[26.477s] [100%] [32m[1mLinking CXX executable interface_node[0m
[28.066s] [100%] Built target interface_node
[28.083s] Invoked command in '/home/mukul/ROS2_Phase3/build/gazebo_interface' returned '0': CMAKE_PREFIX_PATH=${CMAKE_PREFIX_PATH}:/opt/ros/humble /usr/bin/cmake --build /home/mukul/ROS2_Phase3/build/gazebo_interface -- -j8 -l8
[28.098s] Invoking command in '/home/mukul/ROS2_Phase3/build/gazebo_interface': CMAKE_PREFIX_PATH=${CMAKE_PREFIX_PATH}:/opt/ros/humble /usr/bin/cmake --install /home/mukul/ROS2_Phase3/build/gazebo_interface
[28.108s] -- Install configuration: ""
[28.108s] -- Installing: /home/mukul/ROS2_Phase3/install/gazebo_interface/lib/gazebo_interface/interface_node
[28.120s] -- Set runtime path of "/home/mukul/ROS2_Phase3/install/gazebo_interface/lib/gazebo_interface/interface_node" to ""
[28.120s] -- Installing: /home/mukul/ROS2_Phase3/install/gazebo_interface/share/ament_index/resource_index/package_run_dependencies/gazebo_interface
[28.120s] -- Installing: /home/mukul/ROS2_Phase3/install/gazebo_interface/share/ament_index/resource_index/parent_prefix_path/gazebo_interface
[28.121s] -- Installing: /home/mukul/ROS2_Phase3/install/gazebo_interface/share/gazebo_interface/environment/ament_prefix_path.sh
[28.121s] -- Installing: /home/mukul/ROS2_Phase3/install/gazebo_interface/share/gazebo_interface/environment/ament_prefix_path.dsv
[28.121s] -- Installing: /home/mukul/ROS2_Phase3/install/gazebo_interface/share/gazebo_interface/environment/path.sh
[28.121s] -- Installing: /home/mukul/ROS2_Phase3/install/gazebo_interface/share/gazebo_interface/environment/path.dsv
[28.122s] -- Installing: /home/mukul/ROS2_Phase3/install/gazebo_interface/share/gazebo_interface/local_setup.bash
[28.122s] -- Installing: /home/mukul/ROS2_Phase3/install/gazebo_interface/share/gazebo_interface/local_setup.sh
[28.122s] -- Installing: /home/mukul/ROS2_Phase3/install/gazebo_interface/share/gazebo_interface/local_setup.zsh
[28.122s] -- Installing: /home/mukul/ROS2_Phase3/install/gazebo_interface/share/gazebo_interface/local_setup.dsv
[28.123s] -- Installing: /home/mukul/ROS2_Phase3/install/gazebo_interface/share/gazebo_interface/package.dsv
[28.123s] -- Installing: /home/mukul/ROS2_Phase3/install/gazebo_interface/share/ament_index/resource_index/packages/gazebo_interface
[28.124s] -- Installing: /home/mukul/ROS2_Phase3/install/gazebo_interface/share/gazebo_interface/cmake/gazebo_interfaceConfig.cmake
[28.124s] -- Installing: /home/mukul/ROS2_Phase3/install/gazebo_interface/share/gazebo_interface/cmake/gazebo_interfaceConfig-version.cmake
[28.125s] -- Installing: /home/mukul/ROS2_Phase3/install/gazebo_interface/share/gazebo_interface/package.xml
[28.128s] Invoked command in '/home/mukul/ROS2_Phase3/build/gazebo_interface' returned '0': CMAKE_PREFIX_PATH=${CMAKE_PREFIX_PATH}:/opt/ros/humble /usr/bin/cmake --install /home/mukul/ROS2_Phase3/build/gazebo_interface
