[0.158s] DEBUG:colcon:Command line arguments: ['/usr/bin/colcon', 'build']
[0.158s] DEBUG:colcon:Parsed command line arguments: Namespace(log_base=None, log_level=None, verb_name='build', build_base='build', install_base='install', merge_install=False, symlink_install=False, test_result_base=None, continue_on_error=False, executor='parallel', parallel_workers=8, event_handlers=None, ignore_user_meta=False, metas=['./colcon.meta'], base_paths=['.'], packages_ignore=None, packages_ignore_regex=None, paths=None, packages_up_to=None, packages_up_to_regex=None, packages_above=None, packages_above_and_dependencies=None, packages_above_depth=None, packages_select_by_dep=None, packages_skip_by_dep=None, packages_skip_up_to=None, packages_select_build_failed=False, packages_skip_build_finished=False, packages_select_test_failures=False, packages_skip_test_passed=False, packages_select=None, packages_skip=None, packages_select_regex=None, packages_skip_regex=None, packages_start=None, packages_end=None, allow_overriding=[], cmake_args=None, cmake_target=None, cmake_target_skip_unavailable=False, cmake_clean_cache=False, cmake_clean_first=False, cmake_force_configure=False, ament_cmake_args=None, catkin_cmake_args=None, catkin_skip_building_tests=False, mixin_files=None, mixin=None, verb_parser=<colcon_mixin.mixin.mixin_argument.MixinArgumentDecorator object at 0x7d39e2cd6bf0>, verb_extension=<colcon_core.verb.build.BuildVerb object at 0x7d39e2cd6680>, main=<bound method BuildVerb.main of <colcon_core.verb.build.BuildVerb object at 0x7d39e2cd6680>>, mixin_verb=('build',))
[0.405s] Level 1:colcon.colcon_core.package_discovery:discover_packages(colcon_meta) check parameters
[0.405s] Level 1:colcon.colcon_core.package_discovery:discover_packages(recursive) check parameters
[0.405s] Level 1:colcon.colcon_core.package_discovery:discover_packages(ignore) check parameters
[0.405s] Level 1:colcon.colcon_core.package_discovery:discover_packages(path) check parameters
[0.405s] Level 1:colcon.colcon_core.package_discovery:discover_packages(colcon_meta) discover
[0.405s] Level 1:colcon.colcon_core.package_discovery:discover_packages(recursive) discover
[0.405s] INFO:colcon.colcon_core.package_discovery:Crawling recursively for packages in '/home/mukul/ROS2_Phase3'
[0.405s] Level 1:colcon.colcon_core.package_identification:_identify(.) by extensions ['ignore', 'ignore_ament_install']
[0.406s] Level 1:colcon.colcon_core.package_identification:_identify(.) by extension 'ignore'
[0.406s] Level 1:colcon.colcon_core.package_identification:_identify(.) by extension 'ignore_ament_install'
[0.406s] Level 1:colcon.colcon_core.package_identification:_identify(.) by extensions ['colcon_pkg']
[0.406s] Level 1:colcon.colcon_core.package_identification:_identify(.) by extension 'colcon_pkg'
[0.406s] Level 1:colcon.colcon_core.package_identification:_identify(.) by extensions ['colcon_meta']
[0.406s] Level 1:colcon.colcon_core.package_identification:_identify(.) by extension 'colcon_meta'
[0.406s] Level 1:colcon.colcon_core.package_identification:_identify(.) by extensions ['ros']
[0.406s] Level 1:colcon.colcon_core.package_identification:_identify(.) by extension 'ros'
[0.421s] Level 1:colcon.colcon_core.package_identification:_identify(.) by extensions ['cmake', 'python']
[0.421s] Level 1:colcon.colcon_core.package_identification:_identify(.) by extension 'cmake'
[0.421s] Level 1:colcon.colcon_core.package_identification:_identify(.) by extension 'python'
[0.421s] Level 1:colcon.colcon_core.package_identification:_identify(.) by extensions ['python_setup_py']
[0.421s] Level 1:colcon.colcon_core.package_identification:_identify(.) by extension 'python_setup_py'
[0.421s] Level 1:colcon.colcon_core.package_identification:_identify(build) by extensions ['ignore', 'ignore_ament_install']
[0.421s] Level 1:colcon.colcon_core.package_identification:_identify(build) by extension 'ignore'
[0.421s] Level 1:colcon.colcon_core.package_identification:_identify(build) ignored
[0.421s] Level 1:colcon.colcon_core.package_identification:_identify(install) by extensions ['ignore', 'ignore_ament_install']
[0.422s] Level 1:colcon.colcon_core.package_identification:_identify(install) by extension 'ignore'
[0.422s] Level 1:colcon.colcon_core.package_identification:_identify(install) ignored
[0.422s] Level 1:colcon.colcon_core.package_identification:_identify(log) by extensions ['ignore', 'ignore_ament_install']
[0.422s] Level 1:colcon.colcon_core.package_identification:_identify(log) by extension 'ignore'
[0.422s] Level 1:colcon.colcon_core.package_identification:_identify(log) ignored
[0.422s] Level 1:colcon.colcon_core.package_identification:_identify(src) by extensions ['ignore', 'ignore_ament_install']
[0.422s] Level 1:colcon.colcon_core.package_identification:_identify(src) by extension 'ignore'
[0.422s] Level 1:colcon.colcon_core.package_identification:_identify(src) by extension 'ignore_ament_install'
[0.422s] Level 1:colcon.colcon_core.package_identification:_identify(src) by extensions ['colcon_pkg']
[0.422s] Level 1:colcon.colcon_core.package_identification:_identify(src) by extension 'colcon_pkg'
[0.422s] Level 1:colcon.colcon_core.package_identification:_identify(src) by extensions ['colcon_meta']
[0.422s] Level 1:colcon.colcon_core.package_identification:_identify(src) by extension 'colcon_meta'
[0.423s] Level 1:colcon.colcon_core.package_identification:_identify(src) by extensions ['ros']
[0.423s] Level 1:colcon.colcon_core.package_identification:_identify(src) by extension 'ros'
[0.423s] Level 1:colcon.colcon_core.package_identification:_identify(src) by extensions ['cmake', 'python']
[0.423s] Level 1:colcon.colcon_core.package_identification:_identify(src) by extension 'cmake'
[0.423s] Level 1:colcon.colcon_core.package_identification:_identify(src) by extension 'python'
[0.423s] Level 1:colcon.colcon_core.package_identification:_identify(src) by extensions ['python_setup_py']
[0.423s] Level 1:colcon.colcon_core.package_identification:_identify(src) by extension 'python_setup_py'
[0.423s] Level 1:colcon.colcon_core.package_identification:_identify(src/gazebo_interface) by extensions ['ignore', 'ignore_ament_install']
[0.423s] Level 1:colcon.colcon_core.package_identification:_identify(src/gazebo_interface) by extension 'ignore'
[0.423s] Level 1:colcon.colcon_core.package_identification:_identify(src/gazebo_interface) by extension 'ignore_ament_install'
[0.424s] Level 1:colcon.colcon_core.package_identification:_identify(src/gazebo_interface) by extensions ['colcon_pkg']
[0.424s] Level 1:colcon.colcon_core.package_identification:_identify(src/gazebo_interface) by extension 'colcon_pkg'
[0.424s] Level 1:colcon.colcon_core.package_identification:_identify(src/gazebo_interface) by extensions ['colcon_meta']
[0.424s] Level 1:colcon.colcon_core.package_identification:_identify(src/gazebo_interface) by extension 'colcon_meta'
[0.424s] Level 1:colcon.colcon_core.package_identification:_identify(src/gazebo_interface) by extensions ['ros']
[0.424s] Level 1:colcon.colcon_core.package_identification:_identify(src/gazebo_interface) by extension 'ros'
[0.431s] DEBUG:colcon.colcon_core.package_identification:Package 'src/gazebo_interface' with type 'ros.ament_cmake' and name 'gazebo_interface'
[0.431s] Level 1:colcon.colcon_core.package_identification:_identify(src/obstacle_avoidance) by extensions ['ignore', 'ignore_ament_install']
[0.431s] Level 1:colcon.colcon_core.package_identification:_identify(src/obstacle_avoidance) by extension 'ignore'
[0.431s] Level 1:colcon.colcon_core.package_identification:_identify(src/obstacle_avoidance) by extension 'ignore_ament_install'
[0.431s] Level 1:colcon.colcon_core.package_identification:_identify(src/obstacle_avoidance) by extensions ['colcon_pkg']
[0.432s] Level 1:colcon.colcon_core.package_identification:_identify(src/obstacle_avoidance) by extension 'colcon_pkg'
[0.432s] Level 1:colcon.colcon_core.package_identification:_identify(src/obstacle_avoidance) by extensions ['colcon_meta']
[0.432s] Level 1:colcon.colcon_core.package_identification:_identify(src/obstacle_avoidance) by extension 'colcon_meta'
[0.432s] Level 1:colcon.colcon_core.package_identification:_identify(src/obstacle_avoidance) by extensions ['ros']
[0.432s] Level 1:colcon.colcon_core.package_identification:_identify(src/obstacle_avoidance) by extension 'ros'
[0.433s] DEBUG:colcon.colcon_core.package_identification:Package 'src/obstacle_avoidance' with type 'ros.ament_cmake' and name 'obstacle_avoidance'
[0.433s] Level 1:colcon.colcon_core.package_discovery:discover_packages(recursive) using defaults
[0.433s] Level 1:colcon.colcon_core.package_discovery:discover_packages(ignore) discover
[0.433s] Level 1:colcon.colcon_core.package_discovery:discover_packages(ignore) using defaults
[0.433s] Level 1:colcon.colcon_core.package_discovery:discover_packages(path) discover
[0.433s] Level 1:colcon.colcon_core.package_discovery:discover_packages(path) using defaults
[0.475s] Level 1:colcon.colcon_core.package_discovery:discover_packages(prefix_path) check parameters
[0.476s] Level 1:colcon.colcon_core.package_discovery:discover_packages(prefix_path) discover
[0.479s] DEBUG:colcon.colcon_installed_package_information.package_discovery:Found 17 installed packages in /home/mukul/ros2_ws/install
[0.482s] DEBUG:colcon.colcon_installed_package_information.package_discovery:Found 321 installed packages in /opt/ros/humble
[0.484s] Level 1:colcon.colcon_core.package_discovery:discover_packages(prefix_path) using defaults
[0.539s] Level 5:colcon.colcon_core.verb:set package 'gazebo_interface' build argument 'cmake_args' from command line to 'None'
[0.539s] Level 5:colcon.colcon_core.verb:set package 'gazebo_interface' build argument 'cmake_target' from command line to 'None'
[0.539s] Level 5:colcon.colcon_core.verb:set package 'gazebo_interface' build argument 'cmake_target_skip_unavailable' from command line to 'False'
[0.539s] Level 5:colcon.colcon_core.verb:set package 'gazebo_interface' build argument 'cmake_clean_cache' from command line to 'False'
[0.539s] Level 5:colcon.colcon_core.verb:set package 'gazebo_interface' build argument 'cmake_clean_first' from command line to 'False'
[0.539s] Level 5:colcon.colcon_core.verb:set package 'gazebo_interface' build argument 'cmake_force_configure' from command line to 'False'
[0.539s] Level 5:colcon.colcon_core.verb:set package 'gazebo_interface' build argument 'ament_cmake_args' from command line to 'None'
[0.539s] Level 5:colcon.colcon_core.verb:set package 'gazebo_interface' build argument 'catkin_cmake_args' from command line to 'None'
[0.539s] Level 5:colcon.colcon_core.verb:set package 'gazebo_interface' build argument 'catkin_skip_building_tests' from command line to 'False'
[0.539s] DEBUG:colcon.colcon_core.verb:Building package 'gazebo_interface' with the following arguments: {'ament_cmake_args': None, 'build_base': '/home/mukul/ROS2_Phase3/build/gazebo_interface', 'catkin_cmake_args': None, 'catkin_skip_building_tests': False, 'cmake_args': None, 'cmake_clean_cache': False, 'cmake_clean_first': False, 'cmake_force_configure': False, 'cmake_target': None, 'cmake_target_skip_unavailable': False, 'install_base': '/home/mukul/ROS2_Phase3/install/gazebo_interface', 'merge_install': False, 'path': '/home/mukul/ROS2_Phase3/src/gazebo_interface', 'symlink_install': False, 'test_result_base': None}
[0.539s] Level 5:colcon.colcon_core.verb:set package 'obstacle_avoidance' build argument 'cmake_args' from command line to 'None'
[0.539s] Level 5:colcon.colcon_core.verb:set package 'obstacle_avoidance' build argument 'cmake_target' from command line to 'None'
[0.540s] Level 5:colcon.colcon_core.verb:set package 'obstacle_avoidance' build argument 'cmake_target_skip_unavailable' from command line to 'False'
[0.540s] Level 5:colcon.colcon_core.verb:set package 'obstacle_avoidance' build argument 'cmake_clean_cache' from command line to 'False'
[0.540s] Level 5:colcon.colcon_core.verb:set package 'obstacle_avoidance' build argument 'cmake_clean_first' from command line to 'False'
[0.540s] Level 5:colcon.colcon_core.verb:set package 'obstacle_avoidance' build argument 'cmake_force_configure' from command line to 'False'
[0.540s] Level 5:colcon.colcon_core.verb:set package 'obstacle_avoidance' build argument 'ament_cmake_args' from command line to 'None'
[0.540s] Level 5:colcon.colcon_core.verb:set package 'obstacle_avoidance' build argument 'catkin_cmake_args' from command line to 'None'
[0.540s] Level 5:colcon.colcon_core.verb:set package 'obstacle_avoidance' build argument 'catkin_skip_building_tests' from command line to 'False'
[0.540s] DEBUG:colcon.colcon_core.verb:Building package 'obstacle_avoidance' with the following arguments: {'ament_cmake_args': None, 'build_base': '/home/mukul/ROS2_Phase3/build/obstacle_avoidance', 'catkin_cmake_args': None, 'catkin_skip_building_tests': False, 'cmake_args': None, 'cmake_clean_cache': False, 'cmake_clean_first': False, 'cmake_force_configure': False, 'cmake_target': None, 'cmake_target_skip_unavailable': False, 'install_base': '/home/mukul/ROS2_Phase3/install/obstacle_avoidance', 'merge_install': False, 'path': '/home/mukul/ROS2_Phase3/src/obstacle_avoidance', 'symlink_install': False, 'test_result_base': None}
[0.540s] INFO:colcon.colcon_core.executor:Executing jobs using 'parallel' executor
[0.541s] DEBUG:colcon.colcon_parallel_executor.executor.parallel:run_until_complete
[0.541s] INFO:colcon.colcon_ros.task.ament_cmake.build:Building ROS package in '/home/mukul/ROS2_Phase3/src/gazebo_interface' with build type 'ament_cmake'
[0.542s] INFO:colcon.colcon_cmake.task.cmake.build:Building CMake package in '/home/mukul/ROS2_Phase3/src/gazebo_interface'
[0.545s] INFO:colcon.colcon_core.plugin_system:Skipping extension 'colcon_core.shell.bat': Not used on non-Windows systems
[0.545s] INFO:colcon.colcon_core.shell:Skip shell extension 'powershell' for command environment: Not usable outside of PowerShell
[0.545s] DEBUG:colcon.colcon_core.shell:Skip shell extension 'dsv' for command environment
[0.552s] INFO:colcon.colcon_ros.task.ament_cmake.build:Building ROS package in '/home/mukul/ROS2_Phase3/src/obstacle_avoidance' with build type 'ament_cmake'
[0.552s] INFO:colcon.colcon_cmake.task.cmake.build:Building CMake package in '/home/mukul/ROS2_Phase3/src/obstacle_avoidance'
[0.552s] INFO:colcon.colcon_core.shell:Skip shell extension 'powershell' for command environment: Not usable outside of PowerShell
[0.553s] DEBUG:colcon.colcon_core.shell:Skip shell extension 'dsv' for command environment
[0.575s] DEBUG:colcon.colcon_core.event_handler.log_command:Invoking command in '/home/mukul/ROS2_Phase3/build/gazebo_interface': CMAKE_PREFIX_PATH=${CMAKE_PREFIX_PATH}:/opt/ros/humble /usr/bin/cmake --build /home/mukul/ROS2_Phase3/build/gazebo_interface -- -j8 -l8
[0.581s] DEBUG:colcon.colcon_core.event_handler.log_command:Invoking command in '/home/mukul/ROS2_Phase3/build/obstacle_avoidance': CMAKE_PREFIX_PATH=${CMAKE_PREFIX_PATH}:/opt/ros/humble /usr/bin/cmake /home/mukul/ROS2_Phase3/src/obstacle_avoidance -DCMAKE_INSTALL_PREFIX=/home/mukul/ROS2_Phase3/install/obstacle_avoidance
[0.708s] DEBUG:colcon.colcon_core.event_handler.log_command:Invoked command in '/home/mukul/ROS2_Phase3/build/gazebo_interface' returned '0': CMAKE_PREFIX_PATH=${CMAKE_PREFIX_PATH}:/opt/ros/humble /usr/bin/cmake --build /home/mukul/ROS2_Phase3/build/gazebo_interface -- -j8 -l8
[0.722s] DEBUG:colcon.colcon_core.event_handler.log_command:Invoking command in '/home/mukul/ROS2_Phase3/build/gazebo_interface': CMAKE_PREFIX_PATH=${CMAKE_PREFIX_PATH}:/opt/ros/humble /usr/bin/cmake --install /home/mukul/ROS2_Phase3/build/gazebo_interface
[0.738s] Level 1:colcon.colcon_core.environment:create_environment_scripts_only(gazebo_interface)
[0.738s] DEBUG:colcon.colcon_core.event_handler.log_command:Invoked command in '/home/mukul/ROS2_Phase3/build/gazebo_interface' returned '0': CMAKE_PREFIX_PATH=${CMAKE_PREFIX_PATH}:/opt/ros/humble /usr/bin/cmake --install /home/mukul/ROS2_Phase3/build/gazebo_interface
[0.741s] Level 1:colcon.colcon_core.environment:checking '/home/mukul/ROS2_Phase3/install/gazebo_interface' for CMake module files
[0.742s] Level 1:colcon.colcon_core.environment:checking '/home/mukul/ROS2_Phase3/install/gazebo_interface' for CMake config files
[0.743s] Level 1:colcon.colcon_core.shell:create_environment_hook('gazebo_interface', 'cmake_prefix_path')
[0.743s] INFO:colcon.colcon_core.shell:Creating environment hook '/home/mukul/ROS2_Phase3/install/gazebo_interface/share/gazebo_interface/hook/cmake_prefix_path.ps1'
[0.744s] INFO:colcon.colcon_core.shell:Creating environment descriptor '/home/mukul/ROS2_Phase3/install/gazebo_interface/share/gazebo_interface/hook/cmake_prefix_path.dsv'
[0.745s] INFO:colcon.colcon_core.shell:Creating environment hook '/home/mukul/ROS2_Phase3/install/gazebo_interface/share/gazebo_interface/hook/cmake_prefix_path.sh'
[0.746s] Level 1:colcon.colcon_core.environment:checking '/home/mukul/ROS2_Phase3/install/gazebo_interface/lib'
[0.747s] Level 1:colcon.colcon_core.environment:checking '/home/mukul/ROS2_Phase3/install/gazebo_interface/bin'
[0.747s] Level 1:colcon.colcon_core.environment:checking '/home/mukul/ROS2_Phase3/install/gazebo_interface/lib/pkgconfig/gazebo_interface.pc'
[0.747s] Level 1:colcon.colcon_core.environment:checking '/home/mukul/ROS2_Phase3/install/gazebo_interface/lib/python3.10/site-packages'
[0.747s] Level 1:colcon.colcon_core.environment:checking '/home/mukul/ROS2_Phase3/install/gazebo_interface/bin'
[0.748s] INFO:colcon.colcon_core.shell:Creating package script '/home/mukul/ROS2_Phase3/install/gazebo_interface/share/gazebo_interface/package.ps1'
[0.750s] INFO:colcon.colcon_core.shell:Creating package descriptor '/home/mukul/ROS2_Phase3/install/gazebo_interface/share/gazebo_interface/package.dsv'
[0.751s] INFO:colcon.colcon_core.shell:Creating package script '/home/mukul/ROS2_Phase3/install/gazebo_interface/share/gazebo_interface/package.sh'
[0.752s] INFO:colcon.colcon_core.shell:Creating package script '/home/mukul/ROS2_Phase3/install/gazebo_interface/share/gazebo_interface/package.bash'
[0.753s] INFO:colcon.colcon_core.shell:Creating package script '/home/mukul/ROS2_Phase3/install/gazebo_interface/share/gazebo_interface/package.zsh'
[0.755s] Level 1:colcon.colcon_core.environment:create_file_with_runtime_dependencies(/home/mukul/ROS2_Phase3/install/gazebo_interface/share/colcon-core/packages/gazebo_interface)
[0.756s] Level 1:colcon.colcon_core.environment:create_environment_scripts_only(gazebo_interface)
[0.756s] Level 1:colcon.colcon_core.environment:checking '/home/mukul/ROS2_Phase3/install/gazebo_interface' for CMake module files
[0.757s] Level 1:colcon.colcon_core.environment:checking '/home/mukul/ROS2_Phase3/install/gazebo_interface' for CMake config files
[0.758s] Level 1:colcon.colcon_core.shell:create_environment_hook('gazebo_interface', 'cmake_prefix_path')
[0.758s] INFO:colcon.colcon_core.shell:Creating environment hook '/home/mukul/ROS2_Phase3/install/gazebo_interface/share/gazebo_interface/hook/cmake_prefix_path.ps1'
[0.759s] INFO:colcon.colcon_core.shell:Creating environment descriptor '/home/mukul/ROS2_Phase3/install/gazebo_interface/share/gazebo_interface/hook/cmake_prefix_path.dsv'
[0.760s] INFO:colcon.colcon_core.shell:Creating environment hook '/home/mukul/ROS2_Phase3/install/gazebo_interface/share/gazebo_interface/hook/cmake_prefix_path.sh'
[0.762s] Level 1:colcon.colcon_core.environment:checking '/home/mukul/ROS2_Phase3/install/gazebo_interface/lib'
[0.762s] Level 1:colcon.colcon_core.environment:checking '/home/mukul/ROS2_Phase3/install/gazebo_interface/bin'
[0.762s] Level 1:colcon.colcon_core.environment:checking '/home/mukul/ROS2_Phase3/install/gazebo_interface/lib/pkgconfig/gazebo_interface.pc'
[0.763s] Level 1:colcon.colcon_core.environment:checking '/home/mukul/ROS2_Phase3/install/gazebo_interface/lib/python3.10/site-packages'
[0.763s] Level 1:colcon.colcon_core.environment:checking '/home/mukul/ROS2_Phase3/install/gazebo_interface/bin'
[0.764s] INFO:colcon.colcon_core.shell:Creating package script '/home/mukul/ROS2_Phase3/install/gazebo_interface/share/gazebo_interface/package.ps1'
[0.765s] INFO:colcon.colcon_core.shell:Creating package descriptor '/home/mukul/ROS2_Phase3/install/gazebo_interface/share/gazebo_interface/package.dsv'
[0.766s] INFO:colcon.colcon_core.shell:Creating package script '/home/mukul/ROS2_Phase3/install/gazebo_interface/share/gazebo_interface/package.sh'
[0.767s] INFO:colcon.colcon_core.shell:Creating package script '/home/mukul/ROS2_Phase3/install/gazebo_interface/share/gazebo_interface/package.bash'
[0.768s] INFO:colcon.colcon_core.shell:Creating package script '/home/mukul/ROS2_Phase3/install/gazebo_interface/share/gazebo_interface/package.zsh'
[0.769s] Level 1:colcon.colcon_core.environment:create_file_with_runtime_dependencies(/home/mukul/ROS2_Phase3/install/gazebo_interface/share/colcon-core/packages/gazebo_interface)
[2.952s] DEBUG:colcon.colcon_core.event_handler.log_command:Invoked command in '/home/mukul/ROS2_Phase3/build/obstacle_avoidance' returned '0': CMAKE_PREFIX_PATH=${CMAKE_PREFIX_PATH}:/opt/ros/humble /usr/bin/cmake /home/mukul/ROS2_Phase3/src/obstacle_avoidance -DCMAKE_INSTALL_PREFIX=/home/mukul/ROS2_Phase3/install/obstacle_avoidance
[2.954s] DEBUG:colcon.colcon_core.event_handler.log_command:Invoking command in '/home/mukul/ROS2_Phase3/build/obstacle_avoidance': CMAKE_PREFIX_PATH=${CMAKE_PREFIX_PATH}:/opt/ros/humble /usr/bin/cmake --build /home/mukul/ROS2_Phase3/build/obstacle_avoidance -- -j8 -l8
[15.052s] DEBUG:colcon.colcon_core.event_handler.log_command:Invoked command in '/home/mukul/ROS2_Phase3/build/obstacle_avoidance' returned '0': CMAKE_PREFIX_PATH=${CMAKE_PREFIX_PATH}:/opt/ros/humble /usr/bin/cmake --build /home/mukul/ROS2_Phase3/build/obstacle_avoidance -- -j8 -l8
[15.055s] DEBUG:colcon.colcon_core.event_handler.log_command:Invoking command in '/home/mukul/ROS2_Phase3/build/obstacle_avoidance': CMAKE_PREFIX_PATH=${CMAKE_PREFIX_PATH}:/opt/ros/humble /usr/bin/cmake --install /home/mukul/ROS2_Phase3/build/obstacle_avoidance
[15.078s] Level 1:colcon.colcon_core.environment:create_environment_scripts_only(obstacle_avoidance)
[15.078s] Level 1:colcon.colcon_core.environment:checking '/home/mukul/ROS2_Phase3/install/obstacle_avoidance' for CMake module files
[15.079s] DEBUG:colcon.colcon_core.event_handler.log_command:Invoked command in '/home/mukul/ROS2_Phase3/build/obstacle_avoidance' returned '0': CMAKE_PREFIX_PATH=${CMAKE_PREFIX_PATH}:/opt/ros/humble /usr/bin/cmake --install /home/mukul/ROS2_Phase3/build/obstacle_avoidance
[15.079s] Level 1:colcon.colcon_core.environment:checking '/home/mukul/ROS2_Phase3/install/obstacle_avoidance' for CMake config files
[15.080s] Level 1:colcon.colcon_core.shell:create_environment_hook('obstacle_avoidance', 'cmake_prefix_path')
[15.080s] INFO:colcon.colcon_core.shell:Creating environment hook '/home/mukul/ROS2_Phase3/install/obstacle_avoidance/share/obstacle_avoidance/hook/cmake_prefix_path.ps1'
[15.081s] INFO:colcon.colcon_core.shell:Creating environment descriptor '/home/mukul/ROS2_Phase3/install/obstacle_avoidance/share/obstacle_avoidance/hook/cmake_prefix_path.dsv'
[15.081s] INFO:colcon.colcon_core.shell:Creating environment hook '/home/mukul/ROS2_Phase3/install/obstacle_avoidance/share/obstacle_avoidance/hook/cmake_prefix_path.sh'
[15.082s] Level 1:colcon.colcon_core.environment:checking '/home/mukul/ROS2_Phase3/install/obstacle_avoidance/lib'
[15.082s] Level 1:colcon.colcon_core.environment:checking '/home/mukul/ROS2_Phase3/install/obstacle_avoidance/bin'
[15.082s] Level 1:colcon.colcon_core.environment:checking '/home/mukul/ROS2_Phase3/install/obstacle_avoidance/lib/pkgconfig/obstacle_avoidance.pc'
[15.082s] Level 1:colcon.colcon_core.environment:checking '/home/mukul/ROS2_Phase3/install/obstacle_avoidance/lib/python3.10/site-packages'
[15.083s] Level 1:colcon.colcon_core.environment:checking '/home/mukul/ROS2_Phase3/install/obstacle_avoidance/bin'
[15.083s] INFO:colcon.colcon_core.shell:Creating package script '/home/mukul/ROS2_Phase3/install/obstacle_avoidance/share/obstacle_avoidance/package.ps1'
[15.084s] INFO:colcon.colcon_core.shell:Creating package descriptor '/home/mukul/ROS2_Phase3/install/obstacle_avoidance/share/obstacle_avoidance/package.dsv'
[15.085s] INFO:colcon.colcon_core.shell:Creating package script '/home/mukul/ROS2_Phase3/install/obstacle_avoidance/share/obstacle_avoidance/package.sh'
[15.085s] INFO:colcon.colcon_core.shell:Creating package script '/home/mukul/ROS2_Phase3/install/obstacle_avoidance/share/obstacle_avoidance/package.bash'
[15.085s] INFO:colcon.colcon_core.shell:Creating package script '/home/mukul/ROS2_Phase3/install/obstacle_avoidance/share/obstacle_avoidance/package.zsh'
[15.086s] Level 1:colcon.colcon_core.environment:create_file_with_runtime_dependencies(/home/mukul/ROS2_Phase3/install/obstacle_avoidance/share/colcon-core/packages/obstacle_avoidance)
[15.087s] Level 1:colcon.colcon_core.environment:create_environment_scripts_only(obstacle_avoidance)
[15.087s] Level 1:colcon.colcon_core.environment:checking '/home/mukul/ROS2_Phase3/install/obstacle_avoidance' for CMake module files
[15.088s] Level 1:colcon.colcon_core.environment:checking '/home/mukul/ROS2_Phase3/install/obstacle_avoidance' for CMake config files
[15.088s] Level 1:colcon.colcon_core.shell:create_environment_hook('obstacle_avoidance', 'cmake_prefix_path')
[15.088s] INFO:colcon.colcon_core.shell:Creating environment hook '/home/mukul/ROS2_Phase3/install/obstacle_avoidance/share/obstacle_avoidance/hook/cmake_prefix_path.ps1'
[15.089s] INFO:colcon.colcon_core.shell:Creating environment descriptor '/home/mukul/ROS2_Phase3/install/obstacle_avoidance/share/obstacle_avoidance/hook/cmake_prefix_path.dsv'
[15.089s] INFO:colcon.colcon_core.shell:Creating environment hook '/home/mukul/ROS2_Phase3/install/obstacle_avoidance/share/obstacle_avoidance/hook/cmake_prefix_path.sh'
[15.090s] Level 1:colcon.colcon_core.environment:checking '/home/mukul/ROS2_Phase3/install/obstacle_avoidance/lib'
[15.090s] Level 1:colcon.colcon_core.environment:checking '/home/mukul/ROS2_Phase3/install/obstacle_avoidance/bin'
[15.090s] Level 1:colcon.colcon_core.environment:checking '/home/mukul/ROS2_Phase3/install/obstacle_avoidance/lib/pkgconfig/obstacle_avoidance.pc'
[15.091s] Level 1:colcon.colcon_core.environment:checking '/home/mukul/ROS2_Phase3/install/obstacle_avoidance/lib/python3.10/site-packages'
[15.091s] Level 1:colcon.colcon_core.environment:checking '/home/mukul/ROS2_Phase3/install/obstacle_avoidance/bin'
[15.092s] INFO:colcon.colcon_core.shell:Creating package script '/home/mukul/ROS2_Phase3/install/obstacle_avoidance/share/obstacle_avoidance/package.ps1'
[15.092s] INFO:colcon.colcon_core.shell:Creating package descriptor '/home/mukul/ROS2_Phase3/install/obstacle_avoidance/share/obstacle_avoidance/package.dsv'
[15.093s] INFO:colcon.colcon_core.shell:Creating package script '/home/mukul/ROS2_Phase3/install/obstacle_avoidance/share/obstacle_avoidance/package.sh'
[15.094s] INFO:colcon.colcon_core.shell:Creating package script '/home/mukul/ROS2_Phase3/install/obstacle_avoidance/share/obstacle_avoidance/package.bash'
[15.095s] INFO:colcon.colcon_core.shell:Creating package script '/home/mukul/ROS2_Phase3/install/obstacle_avoidance/share/obstacle_avoidance/package.zsh'
[15.096s] Level 1:colcon.colcon_core.environment:create_file_with_runtime_dependencies(/home/mukul/ROS2_Phase3/install/obstacle_avoidance/share/colcon-core/packages/obstacle_avoidance)
[15.096s] DEBUG:colcon.colcon_parallel_executor.executor.parallel:closing loop
[15.097s] DEBUG:colcon.colcon_parallel_executor.executor.parallel:loop closed
[15.097s] DEBUG:colcon.colcon_parallel_executor.executor.parallel:run_until_complete finished with '0'
[15.097s] DEBUG:colcon.colcon_core.event_reactor:joining thread
[15.104s] INFO:colcon.colcon_core.plugin_system:Skipping extension 'colcon_notification.desktop_notification.terminal_notifier': Not used on non-Darwin systems
[15.104s] INFO:colcon.colcon_core.plugin_system:Skipping extension 'colcon_notification.desktop_notification.win32': Not used on non-Windows systems
[15.104s] INFO:colcon.colcon_notification.desktop_notification:Sending desktop notification using 'notify2'
[15.126s] DEBUG:colcon.colcon_core.event_reactor:joined thread
[15.126s] INFO:colcon.colcon_core.shell:Creating prefix script '/home/mukul/ROS2_Phase3/install/local_setup.ps1'
[15.129s] INFO:colcon.colcon_core.shell:Creating prefix util module '/home/mukul/ROS2_Phase3/install/_local_setup_util_ps1.py'
[15.132s] INFO:colcon.colcon_core.shell:Creating prefix chain script '/home/mukul/ROS2_Phase3/install/setup.ps1'
[15.135s] INFO:colcon.colcon_core.shell:Creating prefix script '/home/mukul/ROS2_Phase3/install/local_setup.sh'
[15.136s] INFO:colcon.colcon_core.shell:Creating prefix util module '/home/mukul/ROS2_Phase3/install/_local_setup_util_sh.py'
[15.137s] INFO:colcon.colcon_core.shell:Creating prefix chain script '/home/mukul/ROS2_Phase3/install/setup.sh'
[15.141s] INFO:colcon.colcon_core.shell:Creating prefix script '/home/mukul/ROS2_Phase3/install/local_setup.bash'
[15.142s] INFO:colcon.colcon_core.shell:Creating prefix chain script '/home/mukul/ROS2_Phase3/install/setup.bash'
[15.145s] INFO:colcon.colcon_core.shell:Creating prefix script '/home/mukul/ROS2_Phase3/install/local_setup.zsh'
[15.146s] INFO:colcon.colcon_core.shell:Creating prefix chain script '/home/mukul/ROS2_Phase3/install/setup.zsh'
