[0.025s] Invoking command in '/home/mukul/ros2_phase2/build/tf2-broadcaster': CMAKE_PREFIX_PATH=${CMAKE_PREFIX_PATH}:/opt/ros/humble /usr/bin/cmake /home/mukul/ros2_phase2/src/tf2-broadcaster -DCMAKE_EXPORT_COMPILE_COMMANDS=ON -DAMENT_CMAKE_SYMLINK_INSTALL=1 -DCMAKE_INSTALL_PREFIX=/home/mukul/ros2_phase2/install/tf2-broadcaster
[0.163s] -- The C compiler identification is GNU 11.4.0
[0.273s] -- The CXX compiler identification is GNU 11.4.0
[0.288s] -- Detecting C compiler ABI info
[0.388s] -- Detecting C compiler ABI info - done
[0.398s] -- Check for working C compiler: /usr/bin/cc - skipped
[0.398s] -- Detecting C compile features
[0.399s] -- Detecting C compile features - done
[0.404s] -- Detecting CXX compiler ABI info
[0.527s] -- Detecting CXX compiler ABI info - done
[0.537s] -- Check for working CXX compiler: /usr/bin/c++ - skipped
[0.538s] -- Detecting CXX compile features
[0.538s] -- Detecting CXX compile features - done
[0.548s] -- Found ament_cmake: 1.3.14 (/opt/ros/humble/share/ament_cmake/cmake)
[0.759s] -- Found Python3: /usr/bin/python3 (found version "3.10.12") found components: Interpreter 
[0.878s] -- Override CMake install command with custom implementation using symlinks instead of copying resources
[0.972s] -- Found rclcpp: 16.0.19 (/opt/ros/humble/share/rclcpp/cmake)
[1.077s] -- Found rosidl_generator_c: 3.1.8 (/opt/ros/humble/share/rosidl_generator_c/cmake)
[1.092s] -- Found rosidl_adapter: 3.1.8 (/opt/ros/humble/share/rosidl_adapter/cmake)
[1.112s] -- Found rosidl_generator_cpp: 3.1.8 (/opt/ros/humble/share/rosidl_generator_cpp/cmake)
[1.143s] -- Using all available rosidl_typesupport_c: rosidl_typesupport_fastrtps_c;rosidl_typesupport_introspection_c
[1.177s] -- Using all available rosidl_typesupport_cpp: rosidl_typesupport_fastrtps_cpp;rosidl_typesupport_introspection_cpp
[1.286s] -- Found rmw_implementation_cmake: 6.1.2 (/opt/ros/humble/share/rmw_implementation_cmake/cmake)
[1.297s] -- Found rmw_fastrtps_cpp: 6.2.10 (/opt/ros/humble/share/rmw_fastrtps_cpp/cmake)
[1.477s] -- Found OpenSSL: /usr/lib/x86_64-linux-gnu/libcrypto.so (found version "3.0.2")  
[1.531s] -- Found FastRTPS: /opt/ros/humble/include  
[1.599s] -- Using RMW implementation 'rmw_fastrtps_cpp' as default
[1.625s] -- Looking for pthread.h
[1.742s] -- Looking for pthread.h - found
[1.743s] -- Performing Test CMAKE_HAVE_LIBC_PTHREAD
[1.850s] -- Performing Test CMAKE_HAVE_LIBC_PTHREAD - Success
[1.851s] -- Found Threads: TRUE  
[1.953s] -- Found tf2: 0.25.20 (/opt/ros/humble/share/tf2/cmake)
[1.994s] -- Found tf2_ros: 0.25.20 (/opt/ros/humble/share/tf2_ros/cmake)
[2.164s] -- Found ament_lint_auto: 0.12.15 (/opt/ros/humble/share/ament_lint_auto/cmake)
[2.305s] -- Added test 'cppcheck' to perform static code analysis on C / C++ code
[2.306s] -- Configured cppcheck include dirs: 
[2.306s] -- Configured cppcheck exclude dirs and/or files: 
[2.307s] -- Added test 'lint_cmake' to check CMake code style
[2.310s] -- Added test 'uncrustify' to check C / C++ code style
[2.310s] -- Configured uncrustify additional arguments: 
[2.311s] -- Added test 'xmllint' to check XML markup files
[2.317s] -- Configuring done
[2.334s] -- Generating done
[2.340s] -- Build files have been written to: /home/mukul/ros2_phase2/build/tf2-broadcaster
[2.353s] Invoked command in '/home/mukul/ros2_phase2/build/tf2-broadcaster' returned '0': CMAKE_PREFIX_PATH=${CMAKE_PREFIX_PATH}:/opt/ros/humble /usr/bin/cmake /home/mukul/ros2_phase2/src/tf2-broadcaster -DCMAKE_EXPORT_COMPILE_COMMANDS=ON -DAMENT_CMAKE_SYMLINK_INSTALL=1 -DCMAKE_INSTALL_PREFIX=/home/mukul/ros2_phase2/install/tf2-broadcaster
[2.357s] Invoking command in '/home/mukul/ros2_phase2/build/tf2-broadcaster': CMAKE_PREFIX_PATH=${CMAKE_PREFIX_PATH}:/opt/ros/humble /usr/bin/cmake --build /home/mukul/ros2_phase2/build/tf2-broadcaster -- -j8 -l8
[2.440s] [ 50%] [32mBuilding CXX object CMakeFiles/broadcaster_node.dir/src/broadcaster_node.cpp.o[0m
[2.471s] [100%] [32m[1mLinking CXX executable broadcaster_node[0m
[2.635s] /usr/bin/ld: /usr/lib/gcc/x86_64-linux-gnu/11/../../../x86_64-linux-gnu/Scrt1.o: in function `_start':
[2.636s] (.text+0x1b): undefined reference to `main'
[2.640s] collect2: error: ld returned 1 exit status
[2.642s] gmake[2]: *** [CMakeFiles/broadcaster_node.dir/build.make:197: broadcaster_node] Error 1
[2.642s] gmake[1]: *** [CMakeFiles/Makefile2:137: CMakeFiles/broadcaster_node.dir/all] Error 2
[2.643s] gmake: *** [Makefile:146: all] Error 2
[2.646s] Invoked command in '/home/mukul/ros2_phase2/build/tf2-broadcaster' returned '2': CMAKE_PREFIX_PATH=${CMAKE_PREFIX_PATH}:/opt/ros/humble /usr/bin/cmake --build /home/mukul/ros2_phase2/build/tf2-broadcaster -- -j8 -l8
