[0.164s] DEBUG:colcon:Command line arguments: ['/usr/bin/colcon', 'build', '--packages-select', 'nav_client']
[0.164s] DEBUG:colcon:Parsed command line arguments: Namespace(log_base=None, log_level=None, verb_name='build', build_base='build', install_base='install', merge_install=False, symlink_install=False, test_result_base=None, continue_on_error=False, executor='parallel', parallel_workers=8, event_handlers=None, ignore_user_meta=False, metas=['./colcon.meta'], base_paths=['.'], packages_ignore=None, packages_ignore_regex=None, paths=None, packages_up_to=None, packages_up_to_regex=None, packages_above=None, packages_above_and_dependencies=None, packages_above_depth=None, packages_select_by_dep=None, packages_skip_by_dep=None, packages_skip_up_to=None, packages_select_build_failed=False, packages_skip_build_finished=False, packages_select_test_failures=False, packages_skip_test_passed=False, packages_select=['nav_client'], packages_skip=None, packages_select_regex=None, packages_skip_regex=None, packages_start=None, packages_end=None, allow_overriding=[], cmake_args=None, cmake_target=None, cmake_target_skip_unavailable=False, cmake_clean_cache=False, cmake_clean_first=False, cmake_force_configure=False, ament_cmake_args=None, catkin_cmake_args=None, catkin_skip_building_tests=False, mixin_files=None, mixin=None, verb_parser=<colcon_mixin.mixin.mixin_argument.MixinArgumentDecorator object at 0x7ec2f1f76f80>, verb_extension=<colcon_core.verb.build.BuildVerb object at 0x7ec2f1f76b00>, main=<bound method BuildVerb.main of <colcon_core.verb.build.BuildVerb object at 0x7ec2f1f76b00>>, mixin_verb=('build',))
[0.415s] Level 1:colcon.colcon_core.package_discovery:discover_packages(colcon_meta) check parameters
[0.416s] Level 1:colcon.colcon_core.package_discovery:discover_packages(recursive) check parameters
[0.416s] Level 1:colcon.colcon_core.package_discovery:discover_packages(ignore) check parameters
[0.416s] Level 1:colcon.colcon_core.package_discovery:discover_packages(path) check parameters
[0.416s] Level 1:colcon.colcon_core.package_discovery:discover_packages(colcon_meta) discover
[0.416s] Level 1:colcon.colcon_core.package_discovery:discover_packages(recursive) discover
[0.416s] INFO:colcon.colcon_core.package_discovery:Crawling recursively for packages in '/home/mukul/phase4_ws'
[0.416s] Level 1:colcon.colcon_core.package_identification:_identify(.) by extensions ['ignore', 'ignore_ament_install']
[0.416s] Level 1:colcon.colcon_core.package_identification:_identify(.) by extension 'ignore'
[0.416s] Level 1:colcon.colcon_core.package_identification:_identify(.) by extension 'ignore_ament_install'
[0.416s] Level 1:colcon.colcon_core.package_identification:_identify(.) by extensions ['colcon_pkg']
[0.416s] Level 1:colcon.colcon_core.package_identification:_identify(.) by extension 'colcon_pkg'
[0.416s] Level 1:colcon.colcon_core.package_identification:_identify(.) by extensions ['colcon_meta']
[0.416s] Level 1:colcon.colcon_core.package_identification:_identify(.) by extension 'colcon_meta'
[0.416s] Level 1:colcon.colcon_core.package_identification:_identify(.) by extensions ['ros']
[0.417s] Level 1:colcon.colcon_core.package_identification:_identify(.) by extension 'ros'
[0.434s] Level 1:colcon.colcon_core.package_identification:_identify(.) by extensions ['cmake', 'python']
[0.434s] Level 1:colcon.colcon_core.package_identification:_identify(.) by extension 'cmake'
[0.434s] Level 1:colcon.colcon_core.package_identification:_identify(.) by extension 'python'
[0.434s] Level 1:colcon.colcon_core.package_identification:_identify(.) by extensions ['python_setup_py']
[0.434s] Level 1:colcon.colcon_core.package_identification:_identify(.) by extension 'python_setup_py'
[0.434s] Level 1:colcon.colcon_core.package_identification:_identify(build) by extensions ['ignore', 'ignore_ament_install']
[0.434s] Level 1:colcon.colcon_core.package_identification:_identify(build) by extension 'ignore'
[0.434s] Level 1:colcon.colcon_core.package_identification:_identify(build) ignored
[0.435s] Level 1:colcon.colcon_core.package_identification:_identify(install) by extensions ['ignore', 'ignore_ament_install']
[0.435s] Level 1:colcon.colcon_core.package_identification:_identify(install) by extension 'ignore'
[0.435s] Level 1:colcon.colcon_core.package_identification:_identify(install) ignored
[0.435s] Level 1:colcon.colcon_core.package_identification:_identify(log) by extensions ['ignore', 'ignore_ament_install']
[0.435s] Level 1:colcon.colcon_core.package_identification:_identify(log) by extension 'ignore'
[0.435s] Level 1:colcon.colcon_core.package_identification:_identify(log) ignored
[0.435s] Level 1:colcon.colcon_core.package_identification:_identify(src) by extensions ['ignore', 'ignore_ament_install']
[0.435s] Level 1:colcon.colcon_core.package_identification:_identify(src) by extension 'ignore'
[0.435s] Level 1:colcon.colcon_core.package_identification:_identify(src) by extension 'ignore_ament_install'
[0.435s] Level 1:colcon.colcon_core.package_identification:_identify(src) by extensions ['colcon_pkg']
[0.435s] Level 1:colcon.colcon_core.package_identification:_identify(src) by extension 'colcon_pkg'
[0.435s] Level 1:colcon.colcon_core.package_identification:_identify(src) by extensions ['colcon_meta']
[0.435s] Level 1:colcon.colcon_core.package_identification:_identify(src) by extension 'colcon_meta'
[0.436s] Level 1:colcon.colcon_core.package_identification:_identify(src) by extensions ['ros']
[0.436s] Level 1:colcon.colcon_core.package_identification:_identify(src) by extension 'ros'
[0.436s] Level 1:colcon.colcon_core.package_identification:_identify(src) by extensions ['cmake', 'python']
[0.436s] Level 1:colcon.colcon_core.package_identification:_identify(src) by extension 'cmake'
[0.436s] Level 1:colcon.colcon_core.package_identification:_identify(src) by extension 'python'
[0.436s] Level 1:colcon.colcon_core.package_identification:_identify(src) by extensions ['python_setup_py']
[0.436s] Level 1:colcon.colcon_core.package_identification:_identify(src) by extension 'python_setup_py'
[0.436s] Level 1:colcon.colcon_core.package_identification:_identify(src/nav_client) by extensions ['ignore', 'ignore_ament_install']
[0.436s] Level 1:colcon.colcon_core.package_identification:_identify(src/nav_client) by extension 'ignore'
[0.436s] Level 1:colcon.colcon_core.package_identification:_identify(src/nav_client) by extension 'ignore_ament_install'
[0.437s] Level 1:colcon.colcon_core.package_identification:_identify(src/nav_client) by extensions ['colcon_pkg']
[0.437s] Level 1:colcon.colcon_core.package_identification:_identify(src/nav_client) by extension 'colcon_pkg'
[0.437s] Level 1:colcon.colcon_core.package_identification:_identify(src/nav_client) by extensions ['colcon_meta']
[0.437s] Level 1:colcon.colcon_core.package_identification:_identify(src/nav_client) by extension 'colcon_meta'
[0.437s] Level 1:colcon.colcon_core.package_identification:_identify(src/nav_client) by extensions ['ros']
[0.437s] Level 1:colcon.colcon_core.package_identification:_identify(src/nav_client) by extension 'ros'
[0.441s] DEBUG:colcon.colcon_core.package_identification:Package 'src/nav_client' with type 'ros.ament_cmake' and name 'nav_client'
[0.441s] Level 1:colcon.colcon_core.package_discovery:discover_packages(recursive) using defaults
[0.441s] Level 1:colcon.colcon_core.package_discovery:discover_packages(ignore) discover
[0.441s] Level 1:colcon.colcon_core.package_discovery:discover_packages(ignore) using defaults
[0.441s] Level 1:colcon.colcon_core.package_discovery:discover_packages(path) discover
[0.441s] Level 1:colcon.colcon_core.package_discovery:discover_packages(path) using defaults
[0.489s] Level 1:colcon.colcon_core.package_discovery:discover_packages(prefix_path) check parameters
[0.490s] Level 1:colcon.colcon_core.package_discovery:discover_packages(prefix_path) discover
[0.494s] DEBUG:colcon.colcon_installed_package_information.package_discovery:Found 1 installed packages in /home/mukul/phase4_ws/install
[0.495s] DEBUG:colcon.colcon_installed_package_information.package_discovery:Found 18 installed packages in /home/mukul/ros2_ws/install
[0.498s] DEBUG:colcon.colcon_installed_package_information.package_discovery:Found 366 installed packages in /opt/ros/humble
[0.501s] Level 1:colcon.colcon_core.package_discovery:discover_packages(prefix_path) using defaults
[0.594s] Level 5:colcon.colcon_core.verb:set package 'nav_client' build argument 'cmake_args' from command line to 'None'
[0.594s] Level 5:colcon.colcon_core.verb:set package 'nav_client' build argument 'cmake_target' from command line to 'None'
[0.594s] Level 5:colcon.colcon_core.verb:set package 'nav_client' build argument 'cmake_target_skip_unavailable' from command line to 'False'
[0.594s] Level 5:colcon.colcon_core.verb:set package 'nav_client' build argument 'cmake_clean_cache' from command line to 'False'
[0.594s] Level 5:colcon.colcon_core.verb:set package 'nav_client' build argument 'cmake_clean_first' from command line to 'False'
[0.594s] Level 5:colcon.colcon_core.verb:set package 'nav_client' build argument 'cmake_force_configure' from command line to 'False'
[0.594s] Level 5:colcon.colcon_core.verb:set package 'nav_client' build argument 'ament_cmake_args' from command line to 'None'
[0.595s] Level 5:colcon.colcon_core.verb:set package 'nav_client' build argument 'catkin_cmake_args' from command line to 'None'
[0.595s] Level 5:colcon.colcon_core.verb:set package 'nav_client' build argument 'catkin_skip_building_tests' from command line to 'False'
[0.595s] DEBUG:colcon.colcon_core.verb:Building package 'nav_client' with the following arguments: {'ament_cmake_args': None, 'build_base': '/home/mukul/phase4_ws/build/nav_client', 'catkin_cmake_args': None, 'catkin_skip_building_tests': False, 'cmake_args': None, 'cmake_clean_cache': False, 'cmake_clean_first': False, 'cmake_force_configure': False, 'cmake_target': None, 'cmake_target_skip_unavailable': False, 'install_base': '/home/mukul/phase4_ws/install/nav_client', 'merge_install': False, 'path': '/home/mukul/phase4_ws/src/nav_client', 'symlink_install': False, 'test_result_base': None}
[0.595s] INFO:colcon.colcon_core.executor:Executing jobs using 'parallel' executor
[0.598s] DEBUG:colcon.colcon_parallel_executor.executor.parallel:run_until_complete
[0.598s] INFO:colcon.colcon_ros.task.ament_cmake.build:Building ROS package in '/home/mukul/phase4_ws/src/nav_client' with build type 'ament_cmake'
[0.599s] INFO:colcon.colcon_cmake.task.cmake.build:Building CMake package in '/home/mukul/phase4_ws/src/nav_client'
[0.603s] INFO:colcon.colcon_core.plugin_system:Skipping extension 'colcon_core.shell.bat': Not used on non-Windows systems
[0.604s] INFO:colcon.colcon_core.shell:Skip shell extension 'powershell' for command environment: Not usable outside of PowerShell
[0.604s] DEBUG:colcon.colcon_core.shell:Skip shell extension 'dsv' for command environment
[0.623s] DEBUG:colcon.colcon_core.event_handler.log_command:Invoking command in '/home/mukul/phase4_ws/build/nav_client': CMAKE_PREFIX_PATH=${CMAKE_PREFIX_PATH}:/opt/ros/humble /usr/bin/cmake --build /home/mukul/phase4_ws/build/nav_client -- -j8 -l8
[6.903s] DEBUG:colcon.colcon_core.event_handler.log_command:Invoked command in '/home/mukul/phase4_ws/build/nav_client' returned '0': CMAKE_PREFIX_PATH=${CMAKE_PREFIX_PATH}:/opt/ros/humble /usr/bin/cmake --build /home/mukul/phase4_ws/build/nav_client -- -j8 -l8
[6.919s] DEBUG:colcon.colcon_core.event_handler.log_command:Invoking command in '/home/mukul/phase4_ws/build/nav_client': CMAKE_PREFIX_PATH=${CMAKE_PREFIX_PATH}:/opt/ros/humble /usr/bin/cmake --install /home/mukul/phase4_ws/build/nav_client
[6.936s] Level 1:colcon.colcon_core.environment:create_environment_scripts_only(nav_client)
[6.940s] DEBUG:colcon.colcon_core.event_handler.log_command:Invoked command in '/home/mukul/phase4_ws/build/nav_client' returned '0': CMAKE_PREFIX_PATH=${CMAKE_PREFIX_PATH}:/opt/ros/humble /usr/bin/cmake --install /home/mukul/phase4_ws/build/nav_client
[6.941s] Level 1:colcon.colcon_core.environment:checking '/home/mukul/phase4_ws/install/nav_client' for CMake module files
[6.942s] Level 1:colcon.colcon_core.environment:checking '/home/mukul/phase4_ws/install/nav_client' for CMake config files
[6.942s] Level 1:colcon.colcon_core.shell:create_environment_hook('nav_client', 'cmake_prefix_path')
[6.943s] INFO:colcon.colcon_core.shell:Creating environment hook '/home/mukul/phase4_ws/install/nav_client/share/nav_client/hook/cmake_prefix_path.ps1'
[6.944s] INFO:colcon.colcon_core.shell:Creating environment descriptor '/home/mukul/phase4_ws/install/nav_client/share/nav_client/hook/cmake_prefix_path.dsv'
[6.945s] INFO:colcon.colcon_core.shell:Creating environment hook '/home/mukul/phase4_ws/install/nav_client/share/nav_client/hook/cmake_prefix_path.sh'
[6.946s] Level 1:colcon.colcon_core.environment:checking '/home/mukul/phase4_ws/install/nav_client/lib'
[6.947s] Level 1:colcon.colcon_core.environment:checking '/home/mukul/phase4_ws/install/nav_client/bin'
[6.947s] Level 1:colcon.colcon_core.environment:checking '/home/mukul/phase4_ws/install/nav_client/lib/pkgconfig/nav_client.pc'
[6.947s] Level 1:colcon.colcon_core.environment:checking '/home/mukul/phase4_ws/install/nav_client/lib/python3.10/site-packages'
[6.947s] Level 1:colcon.colcon_core.environment:checking '/home/mukul/phase4_ws/install/nav_client/bin'
[6.948s] INFO:colcon.colcon_core.shell:Creating package script '/home/mukul/phase4_ws/install/nav_client/share/nav_client/package.ps1'
[6.950s] INFO:colcon.colcon_core.shell:Creating package descriptor '/home/mukul/phase4_ws/install/nav_client/share/nav_client/package.dsv'
[6.951s] INFO:colcon.colcon_core.shell:Creating package script '/home/mukul/phase4_ws/install/nav_client/share/nav_client/package.sh'
[6.952s] INFO:colcon.colcon_core.shell:Creating package script '/home/mukul/phase4_ws/install/nav_client/share/nav_client/package.bash'
[6.953s] INFO:colcon.colcon_core.shell:Creating package script '/home/mukul/phase4_ws/install/nav_client/share/nav_client/package.zsh'
[6.954s] Level 1:colcon.colcon_core.environment:create_file_with_runtime_dependencies(/home/mukul/phase4_ws/install/nav_client/share/colcon-core/packages/nav_client)
[6.955s] Level 1:colcon.colcon_core.environment:create_environment_scripts_only(nav_client)
[6.955s] Level 1:colcon.colcon_core.environment:checking '/home/mukul/phase4_ws/install/nav_client' for CMake module files
[6.956s] Level 1:colcon.colcon_core.environment:checking '/home/mukul/phase4_ws/install/nav_client' for CMake config files
[6.957s] Level 1:colcon.colcon_core.shell:create_environment_hook('nav_client', 'cmake_prefix_path')
[6.957s] INFO:colcon.colcon_core.shell:Creating environment hook '/home/mukul/phase4_ws/install/nav_client/share/nav_client/hook/cmake_prefix_path.ps1'
[6.958s] INFO:colcon.colcon_core.shell:Creating environment descriptor '/home/mukul/phase4_ws/install/nav_client/share/nav_client/hook/cmake_prefix_path.dsv'
[6.959s] INFO:colcon.colcon_core.shell:Creating environment hook '/home/mukul/phase4_ws/install/nav_client/share/nav_client/hook/cmake_prefix_path.sh'
[6.960s] Level 1:colcon.colcon_core.environment:checking '/home/mukul/phase4_ws/install/nav_client/lib'
[6.960s] Level 1:colcon.colcon_core.environment:checking '/home/mukul/phase4_ws/install/nav_client/bin'
[6.961s] Level 1:colcon.colcon_core.environment:checking '/home/mukul/phase4_ws/install/nav_client/lib/pkgconfig/nav_client.pc'
[6.961s] Level 1:colcon.colcon_core.environment:checking '/home/mukul/phase4_ws/install/nav_client/lib/python3.10/site-packages'
[6.961s] Level 1:colcon.colcon_core.environment:checking '/home/mukul/phase4_ws/install/nav_client/bin'
[6.962s] INFO:colcon.colcon_core.shell:Creating package script '/home/mukul/phase4_ws/install/nav_client/share/nav_client/package.ps1'
[6.963s] INFO:colcon.colcon_core.shell:Creating package descriptor '/home/mukul/phase4_ws/install/nav_client/share/nav_client/package.dsv'
[6.964s] INFO:colcon.colcon_core.shell:Creating package script '/home/mukul/phase4_ws/install/nav_client/share/nav_client/package.sh'
[6.965s] INFO:colcon.colcon_core.shell:Creating package script '/home/mukul/phase4_ws/install/nav_client/share/nav_client/package.bash'
[6.965s] INFO:colcon.colcon_core.shell:Creating package script '/home/mukul/phase4_ws/install/nav_client/share/nav_client/package.zsh'
[6.966s] Level 1:colcon.colcon_core.environment:create_file_with_runtime_dependencies(/home/mukul/phase4_ws/install/nav_client/share/colcon-core/packages/nav_client)
[6.967s] DEBUG:colcon.colcon_parallel_executor.executor.parallel:closing loop
[6.967s] DEBUG:colcon.colcon_parallel_executor.executor.parallel:loop closed
[6.967s] DEBUG:colcon.colcon_parallel_executor.executor.parallel:run_until_complete finished with '0'
[6.968s] DEBUG:colcon.colcon_core.event_reactor:joining thread
[6.974s] INFO:colcon.colcon_core.plugin_system:Skipping extension 'colcon_notification.desktop_notification.terminal_notifier': Not used on non-Darwin systems
[6.974s] INFO:colcon.colcon_core.plugin_system:Skipping extension 'colcon_notification.desktop_notification.win32': Not used on non-Windows systems
[6.975s] INFO:colcon.colcon_notification.desktop_notification:Sending desktop notification using 'notify2'
[6.992s] DEBUG:colcon.colcon_core.event_reactor:joined thread
[6.993s] INFO:colcon.colcon_core.shell:Creating prefix script '/home/mukul/phase4_ws/install/local_setup.ps1'
[6.995s] INFO:colcon.colcon_core.shell:Creating prefix util module '/home/mukul/phase4_ws/install/_local_setup_util_ps1.py'
[7.000s] INFO:colcon.colcon_core.shell:Creating prefix chain script '/home/mukul/phase4_ws/install/setup.ps1'
[7.003s] INFO:colcon.colcon_core.shell:Creating prefix script '/home/mukul/phase4_ws/install/local_setup.sh'
[7.005s] INFO:colcon.colcon_core.shell:Creating prefix util module '/home/mukul/phase4_ws/install/_local_setup_util_sh.py'
[7.006s] INFO:colcon.colcon_core.shell:Creating prefix chain script '/home/mukul/phase4_ws/install/setup.sh'
[7.010s] INFO:colcon.colcon_core.shell:Creating prefix script '/home/mukul/phase4_ws/install/local_setup.bash'
[7.011s] INFO:colcon.colcon_core.shell:Creating prefix chain script '/home/mukul/phase4_ws/install/setup.bash'
[7.014s] INFO:colcon.colcon_core.shell:Creating prefix script '/home/mukul/phase4_ws/install/local_setup.zsh'
[7.015s] INFO:colcon.colcon_core.shell:Creating prefix chain script '/home/mukul/phase4_ws/install/setup.zsh'
