[0.438s] DEBUG:colcon:Command line arguments: ['/usr/bin/colcon', 'build']
[0.438s] DEBUG:colcon:Parsed command line arguments: Namespace(log_base=None, log_level=None, verb_name='build', build_base='build', install_base='install', merge_install=False, symlink_install=False, test_result_base=None, continue_on_error=False, executor='parallel', parallel_workers=8, event_handlers=None, ignore_user_meta=False, metas=['./colcon.meta'], base_paths=['.'], packages_ignore=None, packages_ignore_regex=None, paths=None, packages_up_to=None, packages_up_to_regex=None, packages_above=None, packages_above_and_dependencies=None, packages_above_depth=None, packages_select_by_dep=None, packages_skip_by_dep=None, packages_skip_up_to=None, packages_select_build_failed=False, packages_skip_build_finished=False, packages_select_test_failures=False, packages_skip_test_passed=False, packages_select=None, packages_skip=None, packages_select_regex=None, packages_skip_regex=None, packages_start=None, packages_end=None, allow_overriding=[], cmake_args=None, cmake_target=None, cmake_target_skip_unavailable=False, cmake_clean_cache=False, cmake_clean_first=False, cmake_force_configure=False, ament_cmake_args=None, catkin_cmake_args=None, catkin_skip_building_tests=False, mixin_files=None, mixin=None, verb_parser=<colcon_mixin.mixin.mixin_argument.MixinArgumentDecorator object at 0x78d677d76b90>, verb_extension=<colcon_core.verb.build.BuildVerb object at 0x78d677d76620>, main=<bound method BuildVerb.main of <colcon_core.verb.build.BuildVerb object at 0x78d677d76620>>, mixin_verb=('build',))
[0.903s] Level 1:colcon.colcon_core.package_discovery:discover_packages(colcon_meta) check parameters
[0.903s] Level 1:colcon.colcon_core.package_discovery:discover_packages(recursive) check parameters
[0.903s] Level 1:colcon.colcon_core.package_discovery:discover_packages(ignore) check parameters
[0.903s] Level 1:colcon.colcon_core.package_discovery:discover_packages(path) check parameters
[0.903s] Level 1:colcon.colcon_core.package_discovery:discover_packages(colcon_meta) discover
[0.903s] Level 1:colcon.colcon_core.package_discovery:discover_packages(recursive) discover
[0.903s] INFO:colcon.colcon_core.package_discovery:Crawling recursively for packages in '/home/mukul/ROS2_Phase3'
[0.903s] Level 1:colcon.colcon_core.package_identification:_identify(.) by extensions ['ignore', 'ignore_ament_install']
[0.904s] Level 1:colcon.colcon_core.package_identification:_identify(.) by extension 'ignore'
[0.904s] Level 1:colcon.colcon_core.package_identification:_identify(.) by extension 'ignore_ament_install'
[0.904s] Level 1:colcon.colcon_core.package_identification:_identify(.) by extensions ['colcon_pkg']
[0.904s] Level 1:colcon.colcon_core.package_identification:_identify(.) by extension 'colcon_pkg'
[0.904s] Level 1:colcon.colcon_core.package_identification:_identify(.) by extensions ['colcon_meta']
[0.904s] Level 1:colcon.colcon_core.package_identification:_identify(.) by extension 'colcon_meta'
[0.904s] Level 1:colcon.colcon_core.package_identification:_identify(.) by extensions ['ros']
[0.904s] Level 1:colcon.colcon_core.package_identification:_identify(.) by extension 'ros'
[0.927s] Level 1:colcon.colcon_core.package_identification:_identify(.) by extensions ['cmake', 'python']
[0.927s] Level 1:colcon.colcon_core.package_identification:_identify(.) by extension 'cmake'
[0.927s] Level 1:colcon.colcon_core.package_identification:_identify(.) by extension 'python'
[0.927s] Level 1:colcon.colcon_core.package_identification:_identify(.) by extensions ['python_setup_py']
[0.927s] Level 1:colcon.colcon_core.package_identification:_identify(.) by extension 'python_setup_py'
[0.928s] Level 1:colcon.colcon_core.package_identification:_identify(build) by extensions ['ignore', 'ignore_ament_install']
[0.928s] Level 1:colcon.colcon_core.package_identification:_identify(build) by extension 'ignore'
[0.928s] Level 1:colcon.colcon_core.package_identification:_identify(build) ignored
[0.928s] Level 1:colcon.colcon_core.package_identification:_identify(install) by extensions ['ignore', 'ignore_ament_install']
[0.929s] Level 1:colcon.colcon_core.package_identification:_identify(install) by extension 'ignore'
[0.929s] Level 1:colcon.colcon_core.package_identification:_identify(install) ignored
[0.929s] Level 1:colcon.colcon_core.package_identification:_identify(log) by extensions ['ignore', 'ignore_ament_install']
[0.929s] Level 1:colcon.colcon_core.package_identification:_identify(log) by extension 'ignore'
[0.929s] Level 1:colcon.colcon_core.package_identification:_identify(log) ignored
[0.929s] Level 1:colcon.colcon_core.package_identification:_identify(src) by extensions ['ignore', 'ignore_ament_install']
[0.929s] Level 1:colcon.colcon_core.package_identification:_identify(src) by extension 'ignore'
[0.929s] Level 1:colcon.colcon_core.package_identification:_identify(src) by extension 'ignore_ament_install'
[0.929s] Level 1:colcon.colcon_core.package_identification:_identify(src) by extensions ['colcon_pkg']
[0.929s] Level 1:colcon.colcon_core.package_identification:_identify(src) by extension 'colcon_pkg'
[0.930s] Level 1:colcon.colcon_core.package_identification:_identify(src) by extensions ['colcon_meta']
[0.930s] Level 1:colcon.colcon_core.package_identification:_identify(src) by extension 'colcon_meta'
[0.930s] Level 1:colcon.colcon_core.package_identification:_identify(src) by extensions ['ros']
[0.930s] Level 1:colcon.colcon_core.package_identification:_identify(src) by extension 'ros'
[0.930s] Level 1:colcon.colcon_core.package_identification:_identify(src) by extensions ['cmake', 'python']
[0.930s] Level 1:colcon.colcon_core.package_identification:_identify(src) by extension 'cmake'
[0.930s] Level 1:colcon.colcon_core.package_identification:_identify(src) by extension 'python'
[0.930s] Level 1:colcon.colcon_core.package_identification:_identify(src) by extensions ['python_setup_py']
[0.930s] Level 1:colcon.colcon_core.package_identification:_identify(src) by extension 'python_setup_py'
[0.930s] Level 1:colcon.colcon_core.package_identification:_identify(src/gazebo_interface) by extensions ['ignore', 'ignore_ament_install']
[0.930s] Level 1:colcon.colcon_core.package_identification:_identify(src/gazebo_interface) by extension 'ignore'
[0.931s] Level 1:colcon.colcon_core.package_identification:_identify(src/gazebo_interface) by extension 'ignore_ament_install'
[0.931s] Level 1:colcon.colcon_core.package_identification:_identify(src/gazebo_interface) by extensions ['colcon_pkg']
[0.931s] Level 1:colcon.colcon_core.package_identification:_identify(src/gazebo_interface) by extension 'colcon_pkg'
[0.931s] Level 1:colcon.colcon_core.package_identification:_identify(src/gazebo_interface) by extensions ['colcon_meta']
[0.931s] Level 1:colcon.colcon_core.package_identification:_identify(src/gazebo_interface) by extension 'colcon_meta'
[0.931s] Level 1:colcon.colcon_core.package_identification:_identify(src/gazebo_interface) by extensions ['ros']
[0.931s] Level 1:colcon.colcon_core.package_identification:_identify(src/gazebo_interface) by extension 'ros'
[0.939s] DEBUG:colcon.colcon_core.package_identification:Package 'src/gazebo_interface' with type 'ros.ament_cmake' and name 'gazebo_interface'
[0.939s] Level 1:colcon.colcon_core.package_discovery:discover_packages(recursive) using defaults
[0.939s] Level 1:colcon.colcon_core.package_discovery:discover_packages(ignore) discover
[0.939s] Level 1:colcon.colcon_core.package_discovery:discover_packages(ignore) using defaults
[0.939s] Level 1:colcon.colcon_core.package_discovery:discover_packages(path) discover
[0.939s] Level 1:colcon.colcon_core.package_discovery:discover_packages(path) using defaults
[1.008s] Level 1:colcon.colcon_core.package_discovery:discover_packages(prefix_path) check parameters
[1.009s] Level 1:colcon.colcon_core.package_discovery:discover_packages(prefix_path) discover
[1.018s] DEBUG:colcon.colcon_installed_package_information.package_discovery:Found 17 installed packages in /home/mukul/ros2_ws/install
[1.021s] DEBUG:colcon.colcon_installed_package_information.package_discovery:Found 321 installed packages in /opt/ros/humble
[1.024s] Level 1:colcon.colcon_core.package_discovery:discover_packages(prefix_path) using defaults
[1.143s] Level 5:colcon.colcon_core.verb:set package 'gazebo_interface' build argument 'cmake_args' from command line to 'None'
[1.143s] Level 5:colcon.colcon_core.verb:set package 'gazebo_interface' build argument 'cmake_target' from command line to 'None'
[1.143s] Level 5:colcon.colcon_core.verb:set package 'gazebo_interface' build argument 'cmake_target_skip_unavailable' from command line to 'False'
[1.144s] Level 5:colcon.colcon_core.verb:set package 'gazebo_interface' build argument 'cmake_clean_cache' from command line to 'False'
[1.144s] Level 5:colcon.colcon_core.verb:set package 'gazebo_interface' build argument 'cmake_clean_first' from command line to 'False'
[1.144s] Level 5:colcon.colcon_core.verb:set package 'gazebo_interface' build argument 'cmake_force_configure' from command line to 'False'
[1.144s] Level 5:colcon.colcon_core.verb:set package 'gazebo_interface' build argument 'ament_cmake_args' from command line to 'None'
[1.144s] Level 5:colcon.colcon_core.verb:set package 'gazebo_interface' build argument 'catkin_cmake_args' from command line to 'None'
[1.144s] Level 5:colcon.colcon_core.verb:set package 'gazebo_interface' build argument 'catkin_skip_building_tests' from command line to 'False'
[1.144s] DEBUG:colcon.colcon_core.verb:Building package 'gazebo_interface' with the following arguments: {'ament_cmake_args': None, 'build_base': '/home/mukul/ROS2_Phase3/build/gazebo_interface', 'catkin_cmake_args': None, 'catkin_skip_building_tests': False, 'cmake_args': None, 'cmake_clean_cache': False, 'cmake_clean_first': False, 'cmake_force_configure': False, 'cmake_target': None, 'cmake_target_skip_unavailable': False, 'install_base': '/home/mukul/ROS2_Phase3/install/gazebo_interface', 'merge_install': False, 'path': '/home/mukul/ROS2_Phase3/src/gazebo_interface', 'symlink_install': False, 'test_result_base': None}
[1.144s] INFO:colcon.colcon_core.executor:Executing jobs using 'parallel' executor
[1.146s] DEBUG:colcon.colcon_parallel_executor.executor.parallel:run_until_complete
[1.147s] INFO:colcon.colcon_ros.task.ament_cmake.build:Building ROS package in '/home/mukul/ROS2_Phase3/src/gazebo_interface' with build type 'ament_cmake'
[1.147s] INFO:colcon.colcon_cmake.task.cmake.build:Building CMake package in '/home/mukul/ROS2_Phase3/src/gazebo_interface'
[1.158s] INFO:colcon.colcon_core.plugin_system:Skipping extension 'colcon_core.shell.bat': Not used on non-Windows systems
[1.159s] INFO:colcon.colcon_core.shell:Skip shell extension 'powershell' for command environment: Not usable outside of PowerShell
[1.159s] DEBUG:colcon.colcon_core.shell:Skip shell extension 'dsv' for command environment
[1.185s] DEBUG:colcon.colcon_core.event_handler.log_command:Invoking command in '/home/mukul/ROS2_Phase3/build/gazebo_interface': CMAKE_PREFIX_PATH=${CMAKE_PREFIX_PATH}:/opt/ros/humble /usr/bin/cmake /home/mukul/ROS2_Phase3/src/gazebo_interface -DCMAKE_INSTALL_PREFIX=/home/mukul/ROS2_Phase3/install/gazebo_interface
[4.537s] DEBUG:colcon.colcon_core.event_handler.log_command:Invoked command in '/home/mukul/ROS2_Phase3/build/gazebo_interface' returned '0': CMAKE_PREFIX_PATH=${CMAKE_PREFIX_PATH}:/opt/ros/humble /usr/bin/cmake /home/mukul/ROS2_Phase3/src/gazebo_interface -DCMAKE_INSTALL_PREFIX=/home/mukul/ROS2_Phase3/install/gazebo_interface
[4.540s] DEBUG:colcon.colcon_core.event_handler.log_command:Invoking command in '/home/mukul/ROS2_Phase3/build/gazebo_interface': CMAKE_PREFIX_PATH=${CMAKE_PREFIX_PATH}:/opt/ros/humble /usr/bin/cmake --build /home/mukul/ROS2_Phase3/build/gazebo_interface -- -j8 -l8
[29.232s] DEBUG:colcon.colcon_core.event_handler.log_command:Invoked command in '/home/mukul/ROS2_Phase3/build/gazebo_interface' returned '0': CMAKE_PREFIX_PATH=${CMAKE_PREFIX_PATH}:/opt/ros/humble /usr/bin/cmake --build /home/mukul/ROS2_Phase3/build/gazebo_interface -- -j8 -l8
[29.247s] DEBUG:colcon.colcon_core.event_handler.log_command:Invoking command in '/home/mukul/ROS2_Phase3/build/gazebo_interface': CMAKE_PREFIX_PATH=${CMAKE_PREFIX_PATH}:/opt/ros/humble /usr/bin/cmake --install /home/mukul/ROS2_Phase3/build/gazebo_interface
[29.276s] Level 1:colcon.colcon_core.environment:create_environment_scripts_only(gazebo_interface)
[29.277s] DEBUG:colcon.colcon_core.event_handler.log_command:Invoked command in '/home/mukul/ROS2_Phase3/build/gazebo_interface' returned '0': CMAKE_PREFIX_PATH=${CMAKE_PREFIX_PATH}:/opt/ros/humble /usr/bin/cmake --install /home/mukul/ROS2_Phase3/build/gazebo_interface
[29.288s] Level 1:colcon.colcon_core.environment:checking '/home/mukul/ROS2_Phase3/install/gazebo_interface' for CMake module files
[29.290s] Level 1:colcon.colcon_core.environment:checking '/home/mukul/ROS2_Phase3/install/gazebo_interface' for CMake config files
[29.290s] Level 1:colcon.colcon_core.shell:create_environment_hook('gazebo_interface', 'cmake_prefix_path')
[29.291s] INFO:colcon.colcon_core.shell:Creating environment hook '/home/mukul/ROS2_Phase3/install/gazebo_interface/share/gazebo_interface/hook/cmake_prefix_path.ps1'
[29.294s] INFO:colcon.colcon_core.shell:Creating environment descriptor '/home/mukul/ROS2_Phase3/install/gazebo_interface/share/gazebo_interface/hook/cmake_prefix_path.dsv'
[29.296s] INFO:colcon.colcon_core.shell:Creating environment hook '/home/mukul/ROS2_Phase3/install/gazebo_interface/share/gazebo_interface/hook/cmake_prefix_path.sh'
[29.301s] Level 1:colcon.colcon_core.environment:checking '/home/mukul/ROS2_Phase3/install/gazebo_interface/lib'
[29.301s] Level 1:colcon.colcon_core.environment:checking '/home/mukul/ROS2_Phase3/install/gazebo_interface/bin'
[29.302s] Level 1:colcon.colcon_core.environment:checking '/home/mukul/ROS2_Phase3/install/gazebo_interface/lib/pkgconfig/gazebo_interface.pc'
[29.302s] Level 1:colcon.colcon_core.environment:checking '/home/mukul/ROS2_Phase3/install/gazebo_interface/lib/python3.10/site-packages'
[29.303s] Level 1:colcon.colcon_core.environment:checking '/home/mukul/ROS2_Phase3/install/gazebo_interface/bin'
[29.304s] INFO:colcon.colcon_core.shell:Creating package script '/home/mukul/ROS2_Phase3/install/gazebo_interface/share/gazebo_interface/package.ps1'
[29.307s] INFO:colcon.colcon_core.shell:Creating package descriptor '/home/mukul/ROS2_Phase3/install/gazebo_interface/share/gazebo_interface/package.dsv'
[29.308s] INFO:colcon.colcon_core.shell:Creating package script '/home/mukul/ROS2_Phase3/install/gazebo_interface/share/gazebo_interface/package.sh'
[29.310s] INFO:colcon.colcon_core.shell:Creating package script '/home/mukul/ROS2_Phase3/install/gazebo_interface/share/gazebo_interface/package.bash'
[29.312s] INFO:colcon.colcon_core.shell:Creating package script '/home/mukul/ROS2_Phase3/install/gazebo_interface/share/gazebo_interface/package.zsh'
[29.314s] Level 1:colcon.colcon_core.environment:create_file_with_runtime_dependencies(/home/mukul/ROS2_Phase3/install/gazebo_interface/share/colcon-core/packages/gazebo_interface)
[29.315s] Level 1:colcon.colcon_core.environment:create_environment_scripts_only(gazebo_interface)
[29.316s] Level 1:colcon.colcon_core.environment:checking '/home/mukul/ROS2_Phase3/install/gazebo_interface' for CMake module files
[29.317s] Level 1:colcon.colcon_core.environment:checking '/home/mukul/ROS2_Phase3/install/gazebo_interface' for CMake config files
[29.317s] Level 1:colcon.colcon_core.shell:create_environment_hook('gazebo_interface', 'cmake_prefix_path')
[29.317s] INFO:colcon.colcon_core.shell:Creating environment hook '/home/mukul/ROS2_Phase3/install/gazebo_interface/share/gazebo_interface/hook/cmake_prefix_path.ps1'
[29.318s] INFO:colcon.colcon_core.shell:Creating environment descriptor '/home/mukul/ROS2_Phase3/install/gazebo_interface/share/gazebo_interface/hook/cmake_prefix_path.dsv'
[29.319s] INFO:colcon.colcon_core.shell:Creating environment hook '/home/mukul/ROS2_Phase3/install/gazebo_interface/share/gazebo_interface/hook/cmake_prefix_path.sh'
[29.320s] Level 1:colcon.colcon_core.environment:checking '/home/mukul/ROS2_Phase3/install/gazebo_interface/lib'
[29.320s] Level 1:colcon.colcon_core.environment:checking '/home/mukul/ROS2_Phase3/install/gazebo_interface/bin'
[29.320s] Level 1:colcon.colcon_core.environment:checking '/home/mukul/ROS2_Phase3/install/gazebo_interface/lib/pkgconfig/gazebo_interface.pc'
[29.321s] Level 1:colcon.colcon_core.environment:checking '/home/mukul/ROS2_Phase3/install/gazebo_interface/lib/python3.10/site-packages'
[29.322s] Level 1:colcon.colcon_core.environment:checking '/home/mukul/ROS2_Phase3/install/gazebo_interface/bin'
[29.322s] INFO:colcon.colcon_core.shell:Creating package script '/home/mukul/ROS2_Phase3/install/gazebo_interface/share/gazebo_interface/package.ps1'
[29.324s] INFO:colcon.colcon_core.shell:Creating package descriptor '/home/mukul/ROS2_Phase3/install/gazebo_interface/share/gazebo_interface/package.dsv'
[29.325s] INFO:colcon.colcon_core.shell:Creating package script '/home/mukul/ROS2_Phase3/install/gazebo_interface/share/gazebo_interface/package.sh'
[29.325s] INFO:colcon.colcon_core.shell:Creating package script '/home/mukul/ROS2_Phase3/install/gazebo_interface/share/gazebo_interface/package.bash'
[29.327s] INFO:colcon.colcon_core.shell:Creating package script '/home/mukul/ROS2_Phase3/install/gazebo_interface/share/gazebo_interface/package.zsh'
[29.329s] Level 1:colcon.colcon_core.environment:create_file_with_runtime_dependencies(/home/mukul/ROS2_Phase3/install/gazebo_interface/share/colcon-core/packages/gazebo_interface)
[29.329s] DEBUG:colcon.colcon_parallel_executor.executor.parallel:closing loop
[29.330s] DEBUG:colcon.colcon_parallel_executor.executor.parallel:loop closed
[29.330s] DEBUG:colcon.colcon_parallel_executor.executor.parallel:run_until_complete finished with '0'
[29.330s] DEBUG:colcon.colcon_core.event_reactor:joining thread
[29.342s] INFO:colcon.colcon_core.plugin_system:Skipping extension 'colcon_notification.desktop_notification.terminal_notifier': Not used on non-Darwin systems
[29.343s] INFO:colcon.colcon_core.plugin_system:Skipping extension 'colcon_notification.desktop_notification.win32': Not used on non-Windows systems
[29.343s] INFO:colcon.colcon_notification.desktop_notification:Sending desktop notification using 'notify2'
[29.381s] DEBUG:colcon.colcon_core.event_reactor:joined thread
[29.381s] INFO:colcon.colcon_core.shell:Creating prefix script '/home/mukul/ROS2_Phase3/install/local_setup.ps1'
[29.383s] INFO:colcon.colcon_core.shell:Creating prefix util module '/home/mukul/ROS2_Phase3/install/_local_setup_util_ps1.py'
[29.385s] INFO:colcon.colcon_core.shell:Creating prefix chain script '/home/mukul/ROS2_Phase3/install/setup.ps1'
[29.389s] INFO:colcon.colcon_core.shell:Creating prefix script '/home/mukul/ROS2_Phase3/install/local_setup.sh'
[29.390s] INFO:colcon.colcon_core.shell:Creating prefix util module '/home/mukul/ROS2_Phase3/install/_local_setup_util_sh.py'
[29.391s] INFO:colcon.colcon_core.shell:Creating prefix chain script '/home/mukul/ROS2_Phase3/install/setup.sh'
[29.396s] INFO:colcon.colcon_core.shell:Creating prefix script '/home/mukul/ROS2_Phase3/install/local_setup.bash'
[29.398s] INFO:colcon.colcon_core.shell:Creating prefix chain script '/home/mukul/ROS2_Phase3/install/setup.bash'
[29.402s] INFO:colcon.colcon_core.shell:Creating prefix script '/home/mukul/ROS2_Phase3/install/local_setup.zsh'
[29.404s] INFO:colcon.colcon_core.shell:Creating prefix chain script '/home/mukul/ROS2_Phase3/install/setup.zsh'
