[0.021s] Invoking command in '/home/mukul/phase4_ws/build/nav_client': CMAKE_PREFIX_PATH=${CMAKE_PREFIX_PATH}:/opt/ros/humble /usr/bin/cmake --build /home/mukul/phase4_ws/build/nav_client -- -j8 -l8
[0.093s] [35m[1mConsolidate compiler generated dependencies of target nav_client_node[0m
[0.125s] [ 50%] [32mBuilding CXX object CMakeFiles/nav_client_node.dir/src/nav_client_node.cpp.o[0m
[6.721s] [100%] [32m[1mLinking CXX executable nav_client_node[0m
[7.111s] [100%] Built target nav_client_node
[7.132s] Invoked command in '/home/mukul/phase4_ws/build/nav_client' returned '0': CMAKE_PREFIX_PATH=${CMAKE_PREFIX_PATH}:/opt/ros/humble /usr/bin/cmake --build /home/mukul/phase4_ws/build/nav_client -- -j8 -l8
[7.149s] Invoking command in '/home/mukul/phase4_ws/build/nav_client': CMAKE_PREFIX_PATH=${CMAKE_PREFIX_PATH}:/opt/ros/humble /usr/bin/cmake --install /home/mukul/phase4_ws/build/nav_client
[7.162s] -- Install configuration: ""
[7.162s] -- Installing: /home/mukul/phase4_ws/install/nav_client/lib/nav_client/nav_client_node
[7.165s] -- Set runtime path of "/home/mukul/phase4_ws/install/nav_client/lib/nav_client/nav_client_node" to ""
[7.166s] -- Up-to-date: /home/mukul/phase4_ws/install/nav_client/share/ament_index/resource_index/package_run_dependencies/nav_client
[7.166s] -- Up-to-date: /home/mukul/phase4_ws/install/nav_client/share/ament_index/resource_index/parent_prefix_path/nav_client
[7.166s] -- Up-to-date: /home/mukul/phase4_ws/install/nav_client/share/nav_client/environment/ament_prefix_path.sh
[7.166s] -- Up-to-date: /home/mukul/phase4_ws/install/nav_client/share/nav_client/environment/ament_prefix_path.dsv
[7.166s] -- Up-to-date: /home/mukul/phase4_ws/install/nav_client/share/nav_client/environment/path.sh
[7.166s] -- Up-to-date: /home/mukul/phase4_ws/install/nav_client/share/nav_client/environment/path.dsv
[7.166s] -- Up-to-date: /home/mukul/phase4_ws/install/nav_client/share/nav_client/local_setup.bash
[7.166s] -- Up-to-date: /home/mukul/phase4_ws/install/nav_client/share/nav_client/local_setup.sh
[7.167s] -- Up-to-date: /home/mukul/phase4_ws/install/nav_client/share/nav_client/local_setup.zsh
[7.167s] -- Up-to-date: /home/mukul/phase4_ws/install/nav_client/share/nav_client/local_setup.dsv
[7.167s] -- Installing: /home/mukul/phase4_ws/install/nav_client/share/nav_client/package.dsv
[7.167s] -- Up-to-date: /home/mukul/phase4_ws/install/nav_client/share/ament_index/resource_index/packages/nav_client
[7.167s] -- Up-to-date: /home/mukul/phase4_ws/install/nav_client/share/nav_client/cmake/nav_clientConfig.cmake
[7.167s] -- Up-to-date: /home/mukul/phase4_ws/install/nav_client/share/nav_client/cmake/nav_clientConfig-version.cmake
[7.167s] -- Up-to-date: /home/mukul/phase4_ws/install/nav_client/share/nav_client/package.xml
[7.171s] Invoked command in '/home/mukul/phase4_ws/build/nav_client' returned '0': CMAKE_PREFIX_PATH=${CMAKE_PREFIX_PATH}:/opt/ros/humble /usr/bin/cmake --install /home/mukul/phase4_ws/build/nav_client
