[0.209s] DEBUG:colcon:Command line arguments: ['/usr/bin/colcon', 'build', '--packages-select', 'nav_client']
[0.209s] DEBUG:colcon:Parsed command line arguments: Namespace(log_base=None, log_level=None, verb_name='build', build_base='build', install_base='install', merge_install=False, symlink_install=False, test_result_base=None, continue_on_error=False, executor='parallel', parallel_workers=8, event_handlers=None, ignore_user_meta=False, metas=['./colcon.meta'], base_paths=['.'], packages_ignore=None, packages_ignore_regex=None, paths=None, packages_up_to=None, packages_up_to_regex=None, packages_above=None, packages_above_and_dependencies=None, packages_above_depth=None, packages_select_by_dep=None, packages_skip_by_dep=None, packages_skip_up_to=None, packages_select_build_failed=False, packages_skip_build_finished=False, packages_select_test_failures=False, packages_skip_test_passed=False, packages_select=['nav_client'], packages_skip=None, packages_select_regex=None, packages_skip_regex=None, packages_start=None, packages_end=None, allow_overriding=[], cmake_args=None, cmake_target=None, cmake_target_skip_unavailable=False, cmake_clean_cache=False, cmake_clean_first=False, cmake_force_configure=False, ament_cmake_args=None, catkin_cmake_args=None, catkin_skip_building_tests=False, mixin_files=None, mixin=None, verb_parser=<colcon_mixin.mixin.mixin_argument.MixinArgumentDecorator object at 0x7d7a504caf80>, verb_extension=<colcon_core.verb.build.BuildVerb object at 0x7d7a504cab00>, main=<bound method BuildVerb.main of <colcon_core.verb.build.BuildVerb object at 0x7d7a504cab00>>, mixin_verb=('build',))
[0.572s] Level 1:colcon.colcon_core.package_discovery:discover_packages(colcon_meta) check parameters
[0.572s] Level 1:colcon.colcon_core.package_discovery:discover_packages(recursive) check parameters
[0.572s] Level 1:colcon.colcon_core.package_discovery:discover_packages(ignore) check parameters
[0.572s] Level 1:colcon.colcon_core.package_discovery:discover_packages(path) check parameters
[0.572s] Level 1:colcon.colcon_core.package_discovery:discover_packages(colcon_meta) discover
[0.572s] Level 1:colcon.colcon_core.package_discovery:discover_packages(recursive) discover
[0.572s] INFO:colcon.colcon_core.package_discovery:Crawling recursively for packages in '/home/mukul/phase4_ws'
[0.572s] Level 1:colcon.colcon_core.package_identification:_identify(.) by extensions ['ignore', 'ignore_ament_install']
[0.572s] Level 1:colcon.colcon_core.package_identification:_identify(.) by extension 'ignore'
[0.572s] Level 1:colcon.colcon_core.package_identification:_identify(.) by extension 'ignore_ament_install'
[0.572s] Level 1:colcon.colcon_core.package_identification:_identify(.) by extensions ['colcon_pkg']
[0.572s] Level 1:colcon.colcon_core.package_identification:_identify(.) by extension 'colcon_pkg'
[0.572s] Level 1:colcon.colcon_core.package_identification:_identify(.) by extensions ['colcon_meta']
[0.572s] Level 1:colcon.colcon_core.package_identification:_identify(.) by extension 'colcon_meta'
[0.572s] Level 1:colcon.colcon_core.package_identification:_identify(.) by extensions ['ros']
[0.573s] Level 1:colcon.colcon_core.package_identification:_identify(.) by extension 'ros'
[0.585s] Level 1:colcon.colcon_core.package_identification:_identify(.) by extensions ['cmake', 'python']
[0.585s] Level 1:colcon.colcon_core.package_identification:_identify(.) by extension 'cmake'
[0.585s] Level 1:colcon.colcon_core.package_identification:_identify(.) by extension 'python'
[0.585s] Level 1:colcon.colcon_core.package_identification:_identify(.) by extensions ['python_setup_py']
[0.585s] Level 1:colcon.colcon_core.package_identification:_identify(.) by extension 'python_setup_py'
[0.585s] Level 1:colcon.colcon_core.package_identification:_identify(build) by extensions ['ignore', 'ignore_ament_install']
[0.585s] Level 1:colcon.colcon_core.package_identification:_identify(build) by extension 'ignore'
[0.585s] Level 1:colcon.colcon_core.package_identification:_identify(build) ignored
[0.586s] Level 1:colcon.colcon_core.package_identification:_identify(install) by extensions ['ignore', 'ignore_ament_install']
[0.586s] Level 1:colcon.colcon_core.package_identification:_identify(install) by extension 'ignore'
[0.586s] Level 1:colcon.colcon_core.package_identification:_identify(install) ignored
[0.586s] Level 1:colcon.colcon_core.package_identification:_identify(log) by extensions ['ignore', 'ignore_ament_install']
[0.586s] Level 1:colcon.colcon_core.package_identification:_identify(log) by extension 'ignore'
[0.586s] Level 1:colcon.colcon_core.package_identification:_identify(log) ignored
[0.586s] Level 1:colcon.colcon_core.package_identification:_identify(src) by extensions ['ignore', 'ignore_ament_install']
[0.586s] Level 1:colcon.colcon_core.package_identification:_identify(src) by extension 'ignore'
[0.586s] Level 1:colcon.colcon_core.package_identification:_identify(src) by extension 'ignore_ament_install'
[0.587s] Level 1:colcon.colcon_core.package_identification:_identify(src) by extensions ['colcon_pkg']
[0.587s] Level 1:colcon.colcon_core.package_identification:_identify(src) by extension 'colcon_pkg'
[0.587s] Level 1:colcon.colcon_core.package_identification:_identify(src) by extensions ['colcon_meta']
[0.587s] Level 1:colcon.colcon_core.package_identification:_identify(src) by extension 'colcon_meta'
[0.587s] Level 1:colcon.colcon_core.package_identification:_identify(src) by extensions ['ros']
[0.587s] Level 1:colcon.colcon_core.package_identification:_identify(src) by extension 'ros'
[0.587s] Level 1:colcon.colcon_core.package_identification:_identify(src) by extensions ['cmake', 'python']
[0.587s] Level 1:colcon.colcon_core.package_identification:_identify(src) by extension 'cmake'
[0.587s] Level 1:colcon.colcon_core.package_identification:_identify(src) by extension 'python'
[0.587s] Level 1:colcon.colcon_core.package_identification:_identify(src) by extensions ['python_setup_py']
[0.587s] Level 1:colcon.colcon_core.package_identification:_identify(src) by extension 'python_setup_py'
[0.587s] Level 1:colcon.colcon_core.package_identification:_identify(src/nav_client) by extensions ['ignore', 'ignore_ament_install']
[0.587s] Level 1:colcon.colcon_core.package_identification:_identify(src/nav_client) by extension 'ignore'
[0.587s] Level 1:colcon.colcon_core.package_identification:_identify(src/nav_client) by extension 'ignore_ament_install'
[0.587s] Level 1:colcon.colcon_core.package_identification:_identify(src/nav_client) by extensions ['colcon_pkg']
[0.587s] Level 1:colcon.colcon_core.package_identification:_identify(src/nav_client) by extension 'colcon_pkg'
[0.588s] Level 1:colcon.colcon_core.package_identification:_identify(src/nav_client) by extensions ['colcon_meta']
[0.588s] Level 1:colcon.colcon_core.package_identification:_identify(src/nav_client) by extension 'colcon_meta'
[0.588s] Level 1:colcon.colcon_core.package_identification:_identify(src/nav_client) by extensions ['ros']
[0.588s] Level 1:colcon.colcon_core.package_identification:_identify(src/nav_client) by extension 'ros'
[0.591s] DEBUG:colcon.colcon_core.package_identification:Package 'src/nav_client' with type 'ros.ament_cmake' and name 'nav_client'
[0.591s] Level 1:colcon.colcon_core.package_discovery:discover_packages(recursive) using defaults
[0.591s] Level 1:colcon.colcon_core.package_discovery:discover_packages(ignore) discover
[0.591s] Level 1:colcon.colcon_core.package_discovery:discover_packages(ignore) using defaults
[0.591s] Level 1:colcon.colcon_core.package_discovery:discover_packages(path) discover
[0.591s] Level 1:colcon.colcon_core.package_discovery:discover_packages(path) using defaults
[0.640s] Level 1:colcon.colcon_core.package_discovery:discover_packages(prefix_path) check parameters
[0.640s] Level 1:colcon.colcon_core.package_discovery:discover_packages(prefix_path) discover
[0.647s] DEBUG:colcon.colcon_installed_package_information.package_discovery:Found 0 installed packages in /home/mukul/phase4_ws/install
[0.649s] DEBUG:colcon.colcon_installed_package_information.package_discovery:Found 18 installed packages in /home/mukul/ros2_ws/install
[0.653s] DEBUG:colcon.colcon_installed_package_information.package_discovery:Found 366 installed packages in /opt/ros/humble
[0.655s] Level 1:colcon.colcon_core.package_discovery:discover_packages(prefix_path) using defaults
[0.730s] Level 5:colcon.colcon_core.verb:set package 'nav_client' build argument 'cmake_args' from command line to 'None'
[0.730s] Level 5:colcon.colcon_core.verb:set package 'nav_client' build argument 'cmake_target' from command line to 'None'
[0.730s] Level 5:colcon.colcon_core.verb:set package 'nav_client' build argument 'cmake_target_skip_unavailable' from command line to 'False'
[0.730s] Level 5:colcon.colcon_core.verb:set package 'nav_client' build argument 'cmake_clean_cache' from command line to 'False'
[0.730s] Level 5:colcon.colcon_core.verb:set package 'nav_client' build argument 'cmake_clean_first' from command line to 'False'
[0.730s] Level 5:colcon.colcon_core.verb:set package 'nav_client' build argument 'cmake_force_configure' from command line to 'False'
[0.730s] Level 5:colcon.colcon_core.verb:set package 'nav_client' build argument 'ament_cmake_args' from command line to 'None'
[0.730s] Level 5:colcon.colcon_core.verb:set package 'nav_client' build argument 'catkin_cmake_args' from command line to 'None'
[0.730s] Level 5:colcon.colcon_core.verb:set package 'nav_client' build argument 'catkin_skip_building_tests' from command line to 'False'
[0.730s] DEBUG:colcon.colcon_core.verb:Building package 'nav_client' with the following arguments: {'ament_cmake_args': None, 'build_base': '/home/mukul/phase4_ws/build/nav_client', 'catkin_cmake_args': None, 'catkin_skip_building_tests': False, 'cmake_args': None, 'cmake_clean_cache': False, 'cmake_clean_first': False, 'cmake_force_configure': False, 'cmake_target': None, 'cmake_target_skip_unavailable': False, 'install_base': '/home/mukul/phase4_ws/install/nav_client', 'merge_install': False, 'path': '/home/mukul/phase4_ws/src/nav_client', 'symlink_install': False, 'test_result_base': None}
[0.731s] INFO:colcon.colcon_core.executor:Executing jobs using 'parallel' executor
[0.733s] DEBUG:colcon.colcon_parallel_executor.executor.parallel:run_until_complete
[0.733s] INFO:colcon.colcon_ros.task.ament_cmake.build:Building ROS package in '/home/mukul/phase4_ws/src/nav_client' with build type 'ament_cmake'
[0.733s] INFO:colcon.colcon_cmake.task.cmake.build:Building CMake package in '/home/mukul/phase4_ws/src/nav_client'
[0.741s] INFO:colcon.colcon_core.plugin_system:Skipping extension 'colcon_core.shell.bat': Not used on non-Windows systems
[0.741s] INFO:colcon.colcon_core.shell:Skip shell extension 'powershell' for command environment: Not usable outside of PowerShell
[0.741s] DEBUG:colcon.colcon_core.shell:Skip shell extension 'dsv' for command environment
[0.761s] DEBUG:colcon.colcon_core.event_handler.log_command:Invoking command in '/home/mukul/phase4_ws/build/nav_client': CMAKE_PREFIX_PATH=${CMAKE_PREFIX_PATH}:/opt/ros/humble /usr/bin/cmake /home/mukul/phase4_ws/src/nav_client -DCMAKE_INSTALL_PREFIX=/home/mukul/phase4_ws/install/nav_client
[3.248s] DEBUG:colcon.colcon_core.event_handler.log_command:Invoked command in '/home/mukul/phase4_ws/build/nav_client' returned '0': CMAKE_PREFIX_PATH=${CMAKE_PREFIX_PATH}:/opt/ros/humble /usr/bin/cmake /home/mukul/phase4_ws/src/nav_client -DCMAKE_INSTALL_PREFIX=/home/mukul/phase4_ws/install/nav_client
[3.251s] DEBUG:colcon.colcon_core.event_handler.log_command:Invoking command in '/home/mukul/phase4_ws/build/nav_client': CMAKE_PREFIX_PATH=${CMAKE_PREFIX_PATH}:/opt/ros/humble /usr/bin/cmake --build /home/mukul/phase4_ws/build/nav_client -- -j8 -l8
[8.809s] DEBUG:colcon.colcon_core.event_handler.log_command:Invoked command in '/home/mukul/phase4_ws/build/nav_client' returned '0': CMAKE_PREFIX_PATH=${CMAKE_PREFIX_PATH}:/opt/ros/humble /usr/bin/cmake --build /home/mukul/phase4_ws/build/nav_client -- -j8 -l8
[8.824s] DEBUG:colcon.colcon_core.event_handler.log_command:Invoking command in '/home/mukul/phase4_ws/build/nav_client': CMAKE_PREFIX_PATH=${CMAKE_PREFIX_PATH}:/opt/ros/humble /usr/bin/cmake --install /home/mukul/phase4_ws/build/nav_client
[8.841s] Level 1:colcon.colcon_core.environment:create_environment_scripts_only(nav_client)
[8.843s] DEBUG:colcon.colcon_core.event_handler.log_command:Invoked command in '/home/mukul/phase4_ws/build/nav_client' returned '0': CMAKE_PREFIX_PATH=${CMAKE_PREFIX_PATH}:/opt/ros/humble /usr/bin/cmake --install /home/mukul/phase4_ws/build/nav_client
[8.848s] Level 1:colcon.colcon_core.environment:checking '/home/mukul/phase4_ws/install/nav_client' for CMake module files
[8.849s] Level 1:colcon.colcon_core.environment:checking '/home/mukul/phase4_ws/install/nav_client' for CMake config files
[8.849s] Level 1:colcon.colcon_core.shell:create_environment_hook('nav_client', 'cmake_prefix_path')
[8.849s] INFO:colcon.colcon_core.shell:Creating environment hook '/home/mukul/phase4_ws/install/nav_client/share/nav_client/hook/cmake_prefix_path.ps1'
[8.850s] INFO:colcon.colcon_core.shell:Creating environment descriptor '/home/mukul/phase4_ws/install/nav_client/share/nav_client/hook/cmake_prefix_path.dsv'
[8.851s] INFO:colcon.colcon_core.shell:Creating environment hook '/home/mukul/phase4_ws/install/nav_client/share/nav_client/hook/cmake_prefix_path.sh'
[8.853s] Level 1:colcon.colcon_core.environment:checking '/home/mukul/phase4_ws/install/nav_client/lib'
[8.853s] Level 1:colcon.colcon_core.environment:checking '/home/mukul/phase4_ws/install/nav_client/bin'
[8.853s] Level 1:colcon.colcon_core.environment:checking '/home/mukul/phase4_ws/install/nav_client/lib/pkgconfig/nav_client.pc'
[8.853s] Level 1:colcon.colcon_core.environment:checking '/home/mukul/phase4_ws/install/nav_client/lib/python3.10/site-packages'
[8.853s] Level 1:colcon.colcon_core.environment:checking '/home/mukul/phase4_ws/install/nav_client/bin'
[8.854s] INFO:colcon.colcon_core.shell:Creating package script '/home/mukul/phase4_ws/install/nav_client/share/nav_client/package.ps1'
[8.855s] INFO:colcon.colcon_core.shell:Creating package descriptor '/home/mukul/phase4_ws/install/nav_client/share/nav_client/package.dsv'
[8.858s] INFO:colcon.colcon_core.shell:Creating package script '/home/mukul/phase4_ws/install/nav_client/share/nav_client/package.sh'
[8.860s] INFO:colcon.colcon_core.shell:Creating package script '/home/mukul/phase4_ws/install/nav_client/share/nav_client/package.bash'
[8.863s] INFO:colcon.colcon_core.shell:Creating package script '/home/mukul/phase4_ws/install/nav_client/share/nav_client/package.zsh'
[8.866s] Level 1:colcon.colcon_core.environment:create_file_with_runtime_dependencies(/home/mukul/phase4_ws/install/nav_client/share/colcon-core/packages/nav_client)
[8.868s] Level 1:colcon.colcon_core.environment:create_environment_scripts_only(nav_client)
[8.869s] Level 1:colcon.colcon_core.environment:checking '/home/mukul/phase4_ws/install/nav_client' for CMake module files
[8.870s] Level 1:colcon.colcon_core.environment:checking '/home/mukul/phase4_ws/install/nav_client' for CMake config files
[8.870s] Level 1:colcon.colcon_core.shell:create_environment_hook('nav_client', 'cmake_prefix_path')
[8.870s] INFO:colcon.colcon_core.shell:Creating environment hook '/home/mukul/phase4_ws/install/nav_client/share/nav_client/hook/cmake_prefix_path.ps1'
[8.871s] INFO:colcon.colcon_core.shell:Creating environment descriptor '/home/mukul/phase4_ws/install/nav_client/share/nav_client/hook/cmake_prefix_path.dsv'
[8.871s] INFO:colcon.colcon_core.shell:Creating environment hook '/home/mukul/phase4_ws/install/nav_client/share/nav_client/hook/cmake_prefix_path.sh'
[8.872s] Level 1:colcon.colcon_core.environment:checking '/home/mukul/phase4_ws/install/nav_client/lib'
[8.872s] Level 1:colcon.colcon_core.environment:checking '/home/mukul/phase4_ws/install/nav_client/bin'
[8.872s] Level 1:colcon.colcon_core.environment:checking '/home/mukul/phase4_ws/install/nav_client/lib/pkgconfig/nav_client.pc'
[8.872s] Level 1:colcon.colcon_core.environment:checking '/home/mukul/phase4_ws/install/nav_client/lib/python3.10/site-packages'
[8.872s] Level 1:colcon.colcon_core.environment:checking '/home/mukul/phase4_ws/install/nav_client/bin'
[8.873s] INFO:colcon.colcon_core.shell:Creating package script '/home/mukul/phase4_ws/install/nav_client/share/nav_client/package.ps1'
[8.873s] INFO:colcon.colcon_core.shell:Creating package descriptor '/home/mukul/phase4_ws/install/nav_client/share/nav_client/package.dsv'
[8.874s] INFO:colcon.colcon_core.shell:Creating package script '/home/mukul/phase4_ws/install/nav_client/share/nav_client/package.sh'
[8.875s] INFO:colcon.colcon_core.shell:Creating package script '/home/mukul/phase4_ws/install/nav_client/share/nav_client/package.bash'
[8.876s] INFO:colcon.colcon_core.shell:Creating package script '/home/mukul/phase4_ws/install/nav_client/share/nav_client/package.zsh'
[8.876s] Level 1:colcon.colcon_core.environment:create_file_with_runtime_dependencies(/home/mukul/phase4_ws/install/nav_client/share/colcon-core/packages/nav_client)
[8.877s] DEBUG:colcon.colcon_parallel_executor.executor.parallel:closing loop
[8.877s] DEBUG:colcon.colcon_parallel_executor.executor.parallel:loop closed
[8.877s] DEBUG:colcon.colcon_parallel_executor.executor.parallel:run_until_complete finished with '0'
[8.877s] DEBUG:colcon.colcon_core.event_reactor:joining thread
[8.897s] INFO:colcon.colcon_core.plugin_system:Skipping extension 'colcon_notification.desktop_notification.terminal_notifier': Not used on non-Darwin systems
[8.898s] INFO:colcon.colcon_core.plugin_system:Skipping extension 'colcon_notification.desktop_notification.win32': Not used on non-Windows systems
[8.898s] INFO:colcon.colcon_notification.desktop_notification:Sending desktop notification using 'notify2'
[8.928s] DEBUG:colcon.colcon_core.event_reactor:joined thread
[8.929s] INFO:colcon.colcon_core.shell:Creating prefix script '/home/mukul/phase4_ws/install/local_setup.ps1'
[8.931s] INFO:colcon.colcon_core.shell:Creating prefix util module '/home/mukul/phase4_ws/install/_local_setup_util_ps1.py'
[8.934s] INFO:colcon.colcon_core.shell:Creating prefix chain script '/home/mukul/phase4_ws/install/setup.ps1'
[8.937s] INFO:colcon.colcon_core.shell:Creating prefix script '/home/mukul/phase4_ws/install/local_setup.sh'
[8.938s] INFO:colcon.colcon_core.shell:Creating prefix util module '/home/mukul/phase4_ws/install/_local_setup_util_sh.py'
[8.938s] INFO:colcon.colcon_core.shell:Creating prefix chain script '/home/mukul/phase4_ws/install/setup.sh'
[8.941s] INFO:colcon.colcon_core.shell:Creating prefix script '/home/mukul/phase4_ws/install/local_setup.bash'
[8.942s] INFO:colcon.colcon_core.shell:Creating prefix chain script '/home/mukul/phase4_ws/install/setup.bash'
[8.945s] INFO:colcon.colcon_core.shell:Creating prefix script '/home/mukul/phase4_ws/install/local_setup.zsh'
[8.946s] INFO:colcon.colcon_core.shell:Creating prefix chain script '/home/mukul/phase4_ws/install/setup.zsh'
