[0.042s] Invoking command in '/home/mukul/phase4_ws/build/nav_client': CMAKE_PREFIX_PATH=${CMAKE_PREFIX_PATH}:/opt/ros/humble /usr/bin/cmake --build /home/mukul/phase4_ws/build/nav_client -- -j8 -l8
[0.183s] [35m[1mConsolidate compiler generated dependencies of target waypoint_node[0m
[0.232s] [100%] Built target waypoint_node
[0.232s] [100%] Built target nav_client_node
[0.264s] Invoked command in '/home/mukul/phase4_ws/build/nav_client' returned '0': CMAKE_PREFIX_PATH=${CMAKE_PREFIX_PATH}:/opt/ros/humble /usr/bin/cmake --build /home/mukul/phase4_ws/build/nav_client -- -j8 -l8
[0.293s] Invoking command in '/home/mukul/phase4_ws/build/nav_client': CMAKE_PREFIX_PATH=${CMAKE_PREFIX_PATH}:/opt/ros/humble /usr/bin/cmake --install /home/mukul/phase4_ws/build/nav_client
[0.309s] -- Install configuration: ""
[0.310s] -- Up-to-date: /home/mukul/phase4_ws/install/nav_client/lib/nav_client/nav_client_node
[0.311s] -- Up-to-date: /home/mukul/phase4_ws/install/nav_client/lib/nav_client/waypoint_node
[0.311s] -- Up-to-date: /home/mukul/phase4_ws/install/nav_client/share/ament_index/resource_index/package_run_dependencies/nav_client
[0.311s] -- Up-to-date: /home/mukul/phase4_ws/install/nav_client/share/ament_index/resource_index/parent_prefix_path/nav_client
[0.312s] -- Up-to-date: /home/mukul/phase4_ws/install/nav_client/share/nav_client/environment/ament_prefix_path.sh
[0.313s] -- Up-to-date: /home/mukul/phase4_ws/install/nav_client/share/nav_client/environment/ament_prefix_path.dsv
[0.314s] -- Up-to-date: /home/mukul/phase4_ws/install/nav_client/share/nav_client/environment/path.sh
[0.315s] -- Up-to-date: /home/mukul/phase4_ws/install/nav_client/share/nav_client/environment/path.dsv
[0.315s] -- Up-to-date: /home/mukul/phase4_ws/install/nav_client/share/nav_client/local_setup.bash
[0.316s] -- Up-to-date: /home/mukul/phase4_ws/install/nav_client/share/nav_client/local_setup.sh
[0.316s] -- Up-to-date: /home/mukul/phase4_ws/install/nav_client/share/nav_client/local_setup.zsh
[0.316s] -- Up-to-date: /home/mukul/phase4_ws/install/nav_client/share/nav_client/local_setup.dsv
[0.316s] -- Installing: /home/mukul/phase4_ws/install/nav_client/share/nav_client/package.dsv
[0.316s] -- Up-to-date: /home/mukul/phase4_ws/install/nav_client/share/ament_index/resource_index/packages/nav_client
[0.316s] -- Up-to-date: /home/mukul/phase4_ws/install/nav_client/share/nav_client/cmake/nav_clientConfig.cmake
[0.316s] -- Up-to-date: /home/mukul/phase4_ws/install/nav_client/share/nav_client/cmake/nav_clientConfig-version.cmake
[0.316s] -- Up-to-date: /home/mukul/phase4_ws/install/nav_client/share/nav_client/package.xml
[0.322s] Invoked command in '/home/mukul/phase4_ws/build/nav_client' returned '0': CMAKE_PREFIX_PATH=${CMAKE_PREFIX_PATH}:/opt/ros/humble /usr/bin/cmake --install /home/mukul/phase4_ws/build/nav_client
