[0.376s] DEBUG:colcon:Command line arguments: ['/usr/bin/colcon', 'build']
[0.376s] DEBUG:colcon:Parsed command line arguments: Namespace(log_base=None, log_level=None, verb_name='build', build_base='build', install_base='install', merge_install=False, symlink_install=False, test_result_base=None, continue_on_error=False, executor='parallel', parallel_workers=8, event_handlers=None, ignore_user_meta=False, metas=['./colcon.meta'], base_paths=['.'], packages_ignore=None, packages_ignore_regex=None, paths=None, packages_up_to=None, packages_up_to_regex=None, packages_above=None, packages_above_and_dependencies=None, packages_above_depth=None, packages_select_by_dep=None, packages_skip_by_dep=None, packages_skip_up_to=None, packages_select_build_failed=False, packages_skip_build_finished=False, packages_select_test_failures=False, packages_skip_test_passed=False, packages_select=None, packages_skip=None, packages_select_regex=None, packages_skip_regex=None, packages_start=None, packages_end=None, allow_overriding=[], cmake_args=None, cmake_target=None, cmake_target_skip_unavailable=False, cmake_clean_cache=False, cmake_clean_first=False, cmake_force_configure=False, ament_cmake_args=None, catkin_cmake_args=None, catkin_skip_building_tests=False, mixin_files=None, mixin=None, verb_parser=<colcon_mixin.mixin.mixin_argument.MixinArgumentDecorator object at 0x7253cf9f2bc0>, verb_extension=<colcon_core.verb.build.BuildVerb object at 0x7253cf9f2650>, main=<bound method BuildVerb.main of <colcon_core.verb.build.BuildVerb object at 0x7253cf9f2650>>, mixin_verb=('build',))
[0.703s] Level 1:colcon.colcon_core.package_discovery:discover_packages(colcon_meta) check parameters
[0.703s] Level 1:colcon.colcon_core.package_discovery:discover_packages(recursive) check parameters
[0.703s] Level 1:colcon.colcon_core.package_discovery:discover_packages(ignore) check parameters
[0.703s] Level 1:colcon.colcon_core.package_discovery:discover_packages(path) check parameters
[0.703s] Level 1:colcon.colcon_core.package_discovery:discover_packages(colcon_meta) discover
[0.703s] Level 1:colcon.colcon_core.package_discovery:discover_packages(recursive) discover
[0.703s] INFO:colcon.colcon_core.package_discovery:Crawling recursively for packages in '/home/mukul/ROS2_Phase3'
[0.703s] Level 1:colcon.colcon_core.package_identification:_identify(.) by extensions ['ignore', 'ignore_ament_install']
[0.703s] Level 1:colcon.colcon_core.package_identification:_identify(.) by extension 'ignore'
[0.703s] Level 1:colcon.colcon_core.package_identification:_identify(.) by extension 'ignore_ament_install'
[0.704s] Level 1:colcon.colcon_core.package_identification:_identify(.) by extensions ['colcon_pkg']
[0.704s] Level 1:colcon.colcon_core.package_identification:_identify(.) by extension 'colcon_pkg'
[0.704s] Level 1:colcon.colcon_core.package_identification:_identify(.) by extensions ['colcon_meta']
[0.704s] Level 1:colcon.colcon_core.package_identification:_identify(.) by extension 'colcon_meta'
[0.704s] Level 1:colcon.colcon_core.package_identification:_identify(.) by extensions ['ros']
[0.704s] Level 1:colcon.colcon_core.package_identification:_identify(.) by extension 'ros'
[0.718s] Level 1:colcon.colcon_core.package_identification:_identify(.) by extensions ['cmake', 'python']
[0.718s] Level 1:colcon.colcon_core.package_identification:_identify(.) by extension 'cmake'
[0.718s] Level 1:colcon.colcon_core.package_identification:_identify(.) by extension 'python'
[0.718s] Level 1:colcon.colcon_core.package_identification:_identify(.) by extensions ['python_setup_py']
[0.718s] Level 1:colcon.colcon_core.package_identification:_identify(.) by extension 'python_setup_py'
[0.719s] Level 1:colcon.colcon_core.package_identification:_identify(build) by extensions ['ignore', 'ignore_ament_install']
[0.719s] Level 1:colcon.colcon_core.package_identification:_identify(build) by extension 'ignore'
[0.719s] Level 1:colcon.colcon_core.package_identification:_identify(build) ignored
[0.719s] Level 1:colcon.colcon_core.package_identification:_identify(install) by extensions ['ignore', 'ignore_ament_install']
[0.719s] Level 1:colcon.colcon_core.package_identification:_identify(install) by extension 'ignore'
[0.719s] Level 1:colcon.colcon_core.package_identification:_identify(install) ignored
[0.719s] Level 1:colcon.colcon_core.package_identification:_identify(log) by extensions ['ignore', 'ignore_ament_install']
[0.719s] Level 1:colcon.colcon_core.package_identification:_identify(log) by extension 'ignore'
[0.719s] Level 1:colcon.colcon_core.package_identification:_identify(log) ignored
[0.720s] Level 1:colcon.colcon_core.package_identification:_identify(src) by extensions ['ignore', 'ignore_ament_install']
[0.720s] Level 1:colcon.colcon_core.package_identification:_identify(src) by extension 'ignore'
[0.720s] Level 1:colcon.colcon_core.package_identification:_identify(src) by extension 'ignore_ament_install'
[0.720s] Level 1:colcon.colcon_core.package_identification:_identify(src) by extensions ['colcon_pkg']
[0.720s] Level 1:colcon.colcon_core.package_identification:_identify(src) by extension 'colcon_pkg'
[0.720s] Level 1:colcon.colcon_core.package_identification:_identify(src) by extensions ['colcon_meta']
[0.720s] Level 1:colcon.colcon_core.package_identification:_identify(src) by extension 'colcon_meta'
[0.720s] Level 1:colcon.colcon_core.package_identification:_identify(src) by extensions ['ros']
[0.720s] Level 1:colcon.colcon_core.package_identification:_identify(src) by extension 'ros'
[0.720s] Level 1:colcon.colcon_core.package_identification:_identify(src) by extensions ['cmake', 'python']
[0.720s] Level 1:colcon.colcon_core.package_identification:_identify(src) by extension 'cmake'
[0.720s] Level 1:colcon.colcon_core.package_identification:_identify(src) by extension 'python'
[0.720s] Level 1:colcon.colcon_core.package_identification:_identify(src) by extensions ['python_setup_py']
[0.720s] Level 1:colcon.colcon_core.package_identification:_identify(src) by extension 'python_setup_py'
[0.721s] Level 1:colcon.colcon_core.package_identification:_identify(src/gazebo_interface) by extensions ['ignore', 'ignore_ament_install']
[0.721s] Level 1:colcon.colcon_core.package_identification:_identify(src/gazebo_interface) by extension 'ignore'
[0.721s] Level 1:colcon.colcon_core.package_identification:_identify(src/gazebo_interface) by extension 'ignore_ament_install'
[0.721s] Level 1:colcon.colcon_core.package_identification:_identify(src/gazebo_interface) by extensions ['colcon_pkg']
[0.721s] Level 1:colcon.colcon_core.package_identification:_identify(src/gazebo_interface) by extension 'colcon_pkg'
[0.721s] Level 1:colcon.colcon_core.package_identification:_identify(src/gazebo_interface) by extensions ['colcon_meta']
[0.721s] Level 1:colcon.colcon_core.package_identification:_identify(src/gazebo_interface) by extension 'colcon_meta'
[0.721s] Level 1:colcon.colcon_core.package_identification:_identify(src/gazebo_interface) by extensions ['ros']
[0.721s] Level 1:colcon.colcon_core.package_identification:_identify(src/gazebo_interface) by extension 'ros'
[0.727s] DEBUG:colcon.colcon_core.package_identification:Package 'src/gazebo_interface' with type 'ros.ament_cmake' and name 'gazebo_interface'
[0.728s] Level 1:colcon.colcon_core.package_discovery:discover_packages(recursive) using defaults
[0.728s] Level 1:colcon.colcon_core.package_discovery:discover_packages(ignore) discover
[0.728s] Level 1:colcon.colcon_core.package_discovery:discover_packages(ignore) using defaults
[0.728s] Level 1:colcon.colcon_core.package_discovery:discover_packages(path) discover
[0.728s] Level 1:colcon.colcon_core.package_discovery:discover_packages(path) using defaults
[0.776s] Level 1:colcon.colcon_core.package_discovery:discover_packages(prefix_path) check parameters
[0.776s] Level 1:colcon.colcon_core.package_discovery:discover_packages(prefix_path) discover
[0.782s] DEBUG:colcon.colcon_installed_package_information.package_discovery:Found 17 installed packages in /home/mukul/ros2_ws/install
[0.784s] DEBUG:colcon.colcon_installed_package_information.package_discovery:Found 321 installed packages in /opt/ros/humble
[0.786s] Level 1:colcon.colcon_core.package_discovery:discover_packages(prefix_path) using defaults
[0.877s] Level 5:colcon.colcon_core.verb:set package 'gazebo_interface' build argument 'cmake_args' from command line to 'None'
[0.877s] Level 5:colcon.colcon_core.verb:set package 'gazebo_interface' build argument 'cmake_target' from command line to 'None'
[0.877s] Level 5:colcon.colcon_core.verb:set package 'gazebo_interface' build argument 'cmake_target_skip_unavailable' from command line to 'False'
[0.877s] Level 5:colcon.colcon_core.verb:set package 'gazebo_interface' build argument 'cmake_clean_cache' from command line to 'False'
[0.877s] Level 5:colcon.colcon_core.verb:set package 'gazebo_interface' build argument 'cmake_clean_first' from command line to 'False'
[0.877s] Level 5:colcon.colcon_core.verb:set package 'gazebo_interface' build argument 'cmake_force_configure' from command line to 'False'
[0.877s] Level 5:colcon.colcon_core.verb:set package 'gazebo_interface' build argument 'ament_cmake_args' from command line to 'None'
[0.877s] Level 5:colcon.colcon_core.verb:set package 'gazebo_interface' build argument 'catkin_cmake_args' from command line to 'None'
[0.877s] Level 5:colcon.colcon_core.verb:set package 'gazebo_interface' build argument 'catkin_skip_building_tests' from command line to 'False'
[0.877s] DEBUG:colcon.colcon_core.verb:Building package 'gazebo_interface' with the following arguments: {'ament_cmake_args': None, 'build_base': '/home/mukul/ROS2_Phase3/build/gazebo_interface', 'catkin_cmake_args': None, 'catkin_skip_building_tests': False, 'cmake_args': None, 'cmake_clean_cache': False, 'cmake_clean_first': False, 'cmake_force_configure': False, 'cmake_target': None, 'cmake_target_skip_unavailable': False, 'install_base': '/home/mukul/ROS2_Phase3/install/gazebo_interface', 'merge_install': False, 'path': '/home/mukul/ROS2_Phase3/src/gazebo_interface', 'symlink_install': False, 'test_result_base': None}
[0.878s] INFO:colcon.colcon_core.executor:Executing jobs using 'parallel' executor
[0.879s] DEBUG:colcon.colcon_parallel_executor.executor.parallel:run_until_complete
[0.880s] INFO:colcon.colcon_ros.task.ament_cmake.build:Building ROS package in '/home/mukul/ROS2_Phase3/src/gazebo_interface' with build type 'ament_cmake'
[0.880s] INFO:colcon.colcon_cmake.task.cmake.build:Building CMake package in '/home/mukul/ROS2_Phase3/src/gazebo_interface'
[0.896s] INFO:colcon.colcon_core.plugin_system:Skipping extension 'colcon_core.shell.bat': Not used on non-Windows systems
[0.896s] INFO:colcon.colcon_core.shell:Skip shell extension 'powershell' for command environment: Not usable outside of PowerShell
[0.896s] DEBUG:colcon.colcon_core.shell:Skip shell extension 'dsv' for command environment
[0.917s] DEBUG:colcon.colcon_core.event_handler.log_command:Invoking command in '/home/mukul/ROS2_Phase3/build/gazebo_interface': CMAKE_PREFIX_PATH=${CMAKE_PREFIX_PATH}:/opt/ros/humble /usr/bin/cmake --build /home/mukul/ROS2_Phase3/build/gazebo_interface -- -j8 -l8
[22.184s] DEBUG:colcon.colcon_core.event_handler.log_command:Invoked command in '/home/mukul/ROS2_Phase3/build/gazebo_interface' returned '0': CMAKE_PREFIX_PATH=${CMAKE_PREFIX_PATH}:/opt/ros/humble /usr/bin/cmake --build /home/mukul/ROS2_Phase3/build/gazebo_interface -- -j8 -l8
[22.205s] DEBUG:colcon.colcon_core.event_handler.log_command:Invoking command in '/home/mukul/ROS2_Phase3/build/gazebo_interface': CMAKE_PREFIX_PATH=${CMAKE_PREFIX_PATH}:/opt/ros/humble /usr/bin/cmake --install /home/mukul/ROS2_Phase3/build/gazebo_interface
[22.235s] Level 1:colcon.colcon_core.environment:create_environment_scripts_only(gazebo_interface)
[22.236s] DEBUG:colcon.colcon_core.event_handler.log_command:Invoked command in '/home/mukul/ROS2_Phase3/build/gazebo_interface' returned '0': CMAKE_PREFIX_PATH=${CMAKE_PREFIX_PATH}:/opt/ros/humble /usr/bin/cmake --install /home/mukul/ROS2_Phase3/build/gazebo_interface
[22.241s] Level 1:colcon.colcon_core.environment:checking '/home/mukul/ROS2_Phase3/install/gazebo_interface' for CMake module files
[22.242s] Level 1:colcon.colcon_core.environment:checking '/home/mukul/ROS2_Phase3/install/gazebo_interface' for CMake config files
[22.243s] Level 1:colcon.colcon_core.shell:create_environment_hook('gazebo_interface', 'cmake_prefix_path')
[22.243s] INFO:colcon.colcon_core.shell:Creating environment hook '/home/mukul/ROS2_Phase3/install/gazebo_interface/share/gazebo_interface/hook/cmake_prefix_path.ps1'
[22.244s] INFO:colcon.colcon_core.shell:Creating environment descriptor '/home/mukul/ROS2_Phase3/install/gazebo_interface/share/gazebo_interface/hook/cmake_prefix_path.dsv'
[22.245s] INFO:colcon.colcon_core.shell:Creating environment hook '/home/mukul/ROS2_Phase3/install/gazebo_interface/share/gazebo_interface/hook/cmake_prefix_path.sh'
[22.246s] Level 1:colcon.colcon_core.environment:checking '/home/mukul/ROS2_Phase3/install/gazebo_interface/lib'
[22.247s] Level 1:colcon.colcon_core.environment:checking '/home/mukul/ROS2_Phase3/install/gazebo_interface/bin'
[22.247s] Level 1:colcon.colcon_core.environment:checking '/home/mukul/ROS2_Phase3/install/gazebo_interface/lib/pkgconfig/gazebo_interface.pc'
[22.247s] Level 1:colcon.colcon_core.environment:checking '/home/mukul/ROS2_Phase3/install/gazebo_interface/lib/python3.10/site-packages'
[22.247s] Level 1:colcon.colcon_core.environment:checking '/home/mukul/ROS2_Phase3/install/gazebo_interface/bin'
[22.248s] INFO:colcon.colcon_core.shell:Creating package script '/home/mukul/ROS2_Phase3/install/gazebo_interface/share/gazebo_interface/package.ps1'
[22.250s] INFO:colcon.colcon_core.shell:Creating package descriptor '/home/mukul/ROS2_Phase3/install/gazebo_interface/share/gazebo_interface/package.dsv'
[22.250s] INFO:colcon.colcon_core.shell:Creating package script '/home/mukul/ROS2_Phase3/install/gazebo_interface/share/gazebo_interface/package.sh'
[22.251s] INFO:colcon.colcon_core.shell:Creating package script '/home/mukul/ROS2_Phase3/install/gazebo_interface/share/gazebo_interface/package.bash'
[22.253s] INFO:colcon.colcon_core.shell:Creating package script '/home/mukul/ROS2_Phase3/install/gazebo_interface/share/gazebo_interface/package.zsh'
[22.254s] Level 1:colcon.colcon_core.environment:create_file_with_runtime_dependencies(/home/mukul/ROS2_Phase3/install/gazebo_interface/share/colcon-core/packages/gazebo_interface)
[22.255s] Level 1:colcon.colcon_core.environment:create_environment_scripts_only(gazebo_interface)
[22.255s] Level 1:colcon.colcon_core.environment:checking '/home/mukul/ROS2_Phase3/install/gazebo_interface' for CMake module files
[22.256s] Level 1:colcon.colcon_core.environment:checking '/home/mukul/ROS2_Phase3/install/gazebo_interface' for CMake config files
[22.256s] Level 1:colcon.colcon_core.shell:create_environment_hook('gazebo_interface', 'cmake_prefix_path')
[22.257s] INFO:colcon.colcon_core.shell:Creating environment hook '/home/mukul/ROS2_Phase3/install/gazebo_interface/share/gazebo_interface/hook/cmake_prefix_path.ps1'
[22.257s] INFO:colcon.colcon_core.shell:Creating environment descriptor '/home/mukul/ROS2_Phase3/install/gazebo_interface/share/gazebo_interface/hook/cmake_prefix_path.dsv'
[22.258s] INFO:colcon.colcon_core.shell:Creating environment hook '/home/mukul/ROS2_Phase3/install/gazebo_interface/share/gazebo_interface/hook/cmake_prefix_path.sh'
[22.259s] Level 1:colcon.colcon_core.environment:checking '/home/mukul/ROS2_Phase3/install/gazebo_interface/lib'
[22.259s] Level 1:colcon.colcon_core.environment:checking '/home/mukul/ROS2_Phase3/install/gazebo_interface/bin'
[22.259s] Level 1:colcon.colcon_core.environment:checking '/home/mukul/ROS2_Phase3/install/gazebo_interface/lib/pkgconfig/gazebo_interface.pc'
[22.259s] Level 1:colcon.colcon_core.environment:checking '/home/mukul/ROS2_Phase3/install/gazebo_interface/lib/python3.10/site-packages'
[22.259s] Level 1:colcon.colcon_core.environment:checking '/home/mukul/ROS2_Phase3/install/gazebo_interface/bin'
[22.260s] INFO:colcon.colcon_core.shell:Creating package script '/home/mukul/ROS2_Phase3/install/gazebo_interface/share/gazebo_interface/package.ps1'
[22.261s] INFO:colcon.colcon_core.shell:Creating package descriptor '/home/mukul/ROS2_Phase3/install/gazebo_interface/share/gazebo_interface/package.dsv'
[22.262s] INFO:colcon.colcon_core.shell:Creating package script '/home/mukul/ROS2_Phase3/install/gazebo_interface/share/gazebo_interface/package.sh'
[22.263s] INFO:colcon.colcon_core.shell:Creating package script '/home/mukul/ROS2_Phase3/install/gazebo_interface/share/gazebo_interface/package.bash'
[22.264s] INFO:colcon.colcon_core.shell:Creating package script '/home/mukul/ROS2_Phase3/install/gazebo_interface/share/gazebo_interface/package.zsh'
[22.264s] Level 1:colcon.colcon_core.environment:create_file_with_runtime_dependencies(/home/mukul/ROS2_Phase3/install/gazebo_interface/share/colcon-core/packages/gazebo_interface)
[22.264s] DEBUG:colcon.colcon_parallel_executor.executor.parallel:closing loop
[22.265s] DEBUG:colcon.colcon_parallel_executor.executor.parallel:loop closed
[22.266s] DEBUG:colcon.colcon_parallel_executor.executor.parallel:run_until_complete finished with '0'
[22.266s] DEBUG:colcon.colcon_core.event_reactor:joining thread
[22.275s] INFO:colcon.colcon_core.plugin_system:Skipping extension 'colcon_notification.desktop_notification.terminal_notifier': Not used on non-Darwin systems
[22.275s] INFO:colcon.colcon_core.plugin_system:Skipping extension 'colcon_notification.desktop_notification.win32': Not used on non-Windows systems
[22.275s] INFO:colcon.colcon_notification.desktop_notification:Sending desktop notification using 'notify2'
[22.317s] DEBUG:colcon.colcon_core.event_reactor:joined thread
[22.318s] INFO:colcon.colcon_core.shell:Creating prefix script '/home/mukul/ROS2_Phase3/install/local_setup.ps1'
[22.320s] INFO:colcon.colcon_core.shell:Creating prefix util module '/home/mukul/ROS2_Phase3/install/_local_setup_util_ps1.py'
[22.323s] INFO:colcon.colcon_core.shell:Creating prefix chain script '/home/mukul/ROS2_Phase3/install/setup.ps1'
[22.326s] INFO:colcon.colcon_core.shell:Creating prefix script '/home/mukul/ROS2_Phase3/install/local_setup.sh'
[22.328s] INFO:colcon.colcon_core.shell:Creating prefix util module '/home/mukul/ROS2_Phase3/install/_local_setup_util_sh.py'
[22.329s] INFO:colcon.colcon_core.shell:Creating prefix chain script '/home/mukul/ROS2_Phase3/install/setup.sh'
[22.332s] INFO:colcon.colcon_core.shell:Creating prefix script '/home/mukul/ROS2_Phase3/install/local_setup.bash'
[22.333s] INFO:colcon.colcon_core.shell:Creating prefix chain script '/home/mukul/ROS2_Phase3/install/setup.bash'
[22.336s] INFO:colcon.colcon_core.shell:Creating prefix script '/home/mukul/ROS2_Phase3/install/local_setup.zsh'
[22.337s] INFO:colcon.colcon_core.shell:Creating prefix chain script '/home/mukul/ROS2_Phase3/install/setup.zsh'
