-- Found ament_cmake: 1.3.14 (/opt/ros/humble/share/ament_cmake/cmake)
-- Found rclcpp: 16.0.19 (/opt/ros/humble/share/rclcpp/cmake)
-- Found rosidl_generator_c: 3.1.8 (/opt/ros/humble/share/rosidl_generator_c/cmake)
-- Found rosidl_adapter: 3.1.8 (/opt/ros/humble/share/rosidl_adapter/cmake)
-- Found rosidl_generator_cpp: 3.1.8 (/opt/ros/humble/share/rosidl_generator_cpp/cmake)
-- Using all available rosidl_typesupport_c: rosidl_typesupport_fastrtps_c;rosidl_typesupport_introspection_c
-- Using all available rosidl_typesupport_cpp: rosidl_typesupport_fastrtps_cpp;rosidl_typesupport_introspection_cpp
-- Found rmw_implementation_cmake: 6.1.2 (/opt/ros/humble/share/rmw_implementation_cmake/cmake)
-- Found rmw_fastrtps_cpp: 6.2.10 (/opt/ros/humble/share/rmw_fastrtps_cpp/cmake)
-- Using RMW implementation 'rmw_fastrtps_cpp' as default
-- Found rclcpp_action: 16.0.19 (/opt/ros/humble/share/rclcpp_action/cmake)
-- Found nav2_msgs: 1.1.20 (/opt/ros/humble/share/nav2_msgs/cmake)
-- Found ament_lint_auto: 0.12.15 (/opt/ros/humble/share/ament_lint_auto/cmake)
-- Added test 'cppcheck' to perform static code analysis on C / C++ code
-- Configured cppcheck include dirs: 
-- Configured cppcheck exclude dirs and/or files: 
-- Added test 'lint_cmake' to check CMake code style
-- Added test 'uncrustify' to check C / C++ code style
-- Configured uncrustify additional arguments: 
-- Added test 'xmllint' to check XML markup files
-- Configuring done
-- Generating done
-- Build files have been written to: /home/mukul/phase4_ws/build/nav_client
[35m[1mConsolidate compiler generated dependencies of target nav_client_node[0m
[ 25%] [32mBuilding CXX object CMakeFiles/waypoint_node.dir/src/waypoint_node.cpp.o[0m
[ 75%] Built target nav_client_node
[100%] [32m[1mLinking CXX executable waypoint_node[0m
[100%] Built target waypoint_node
-- Install configuration: ""
-- Up-to-date: /home/mukul/phase4_ws/install/nav_client/lib/nav_client/nav_client_node
-- Installing: /home/mukul/phase4_ws/install/nav_client/lib/nav_client/waypoint_node
-- Set runtime path of "/home/mukul/phase4_ws/install/nav_client/lib/nav_client/waypoint_node" to ""
-- Up-to-date: /home/mukul/phase4_ws/install/nav_client/share/ament_index/resource_index/package_run_dependencies/nav_client
-- Installing: /home/mukul/phase4_ws/install/nav_client/share/ament_index/resource_index/parent_prefix_path/nav_client
-- Up-to-date: /home/mukul/phase4_ws/install/nav_client/share/nav_client/environment/ament_prefix_path.sh
-- Installing: /home/mukul/phase4_ws/install/nav_client/share/nav_client/environment/ament_prefix_path.dsv
-- Up-to-date: /home/mukul/phase4_ws/install/nav_client/share/nav_client/environment/path.sh
-- Installing: /home/mukul/phase4_ws/install/nav_client/share/nav_client/environment/path.dsv
-- Up-to-date: /home/mukul/phase4_ws/install/nav_client/share/nav_client/local_setup.bash
-- Up-to-date: /home/mukul/phase4_ws/install/nav_client/share/nav_client/local_setup.sh
-- Up-to-date: /home/mukul/phase4_ws/install/nav_client/share/nav_client/local_setup.zsh
-- Installing: /home/mukul/phase4_ws/install/nav_client/share/nav_client/local_setup.dsv
-- Installing: /home/mukul/phase4_ws/install/nav_client/share/nav_client/package.dsv
-- Up-to-date: /home/mukul/phase4_ws/install/nav_client/share/ament_index/resource_index/packages/nav_client
-- Up-to-date: /home/mukul/phase4_ws/install/nav_client/share/nav_client/cmake/nav_clientConfig.cmake
-- Up-to-date: /home/mukul/phase4_ws/install/nav_client/share/nav_client/cmake/nav_clientConfig-version.cmake
-- Up-to-date: /home/mukul/phase4_ws/install/nav_client/share/nav_client/package.xml
