[0.045s] Invoking command in '/home/mukul/phase4_ws/build/nav_client': CMAKE_PREFIX_PATH=${CMAKE_PREFIX_PATH}:/opt/ros/humble /usr/bin/cmake --build /home/mukul/phase4_ws/build/nav_client -- -j8 -l8
[0.170s] -- Found ament_cmake: 1.3.14 (/opt/ros/humble/share/ament_cmake/cmake)
[0.690s] -- Found rclcpp: 16.0.19 (/opt/ros/humble/share/rclcpp/cmake)
[0.894s] -- Found rosidl_generator_c: 3.1.8 (/opt/ros/humble/share/rosidl_generator_c/cmake)
[0.902s] -- Found rosidl_adapter: 3.1.8 (/opt/ros/humble/share/rosidl_adapter/cmake)
[0.928s] -- Found rosidl_generator_cpp: 3.1.8 (/opt/ros/humble/share/rosidl_generator_cpp/cmake)
[0.967s] -- Using all available rosidl_typesupport_c: rosidl_typesupport_fastrtps_c;rosidl_typesupport_introspection_c
[1.021s] -- Using all available rosidl_typesupport_cpp: rosidl_typesupport_fastrtps_cpp;rosidl_typesupport_introspection_cpp
[1.176s] -- Found rmw_implementation_cmake: 6.1.2 (/opt/ros/humble/share/rmw_implementation_cmake/cmake)
[1.186s] -- Found rmw_fastrtps_cpp: 6.2.10 (/opt/ros/humble/share/rmw_fastrtps_cpp/cmake)
[1.596s] -- Using RMW implementation 'rmw_fastrtps_cpp' as default
[1.781s] -- Found rclcpp_action: 16.0.19 (/opt/ros/humble/share/rclcpp_action/cmake)
[1.898s] -- Found nav2_msgs: 1.1.20 (/opt/ros/humble/share/nav2_msgs/cmake)
[2.046s] -- Found ament_lint_auto: 0.12.15 (/opt/ros/humble/share/ament_lint_auto/cmake)
[2.297s] -- Added test 'cppcheck' to perform static code analysis on C / C++ code
[2.297s] -- Configured cppcheck include dirs: 
[2.297s] -- Configured cppcheck exclude dirs and/or files: 
[2.299s] -- Added test 'lint_cmake' to check CMake code style
[2.302s] -- Added test 'uncrustify' to check C / C++ code style
[2.303s] -- Configured uncrustify additional arguments: 
[2.304s] -- Added test 'xmllint' to check XML markup files
[2.308s] -- Configuring done
[2.364s] -- Generating done
[2.381s] -- Build files have been written to: /home/mukul/phase4_ws/build/nav_client
[2.466s] [35m[1mConsolidate compiler generated dependencies of target nav_client_node[0m
[2.510s] [ 25%] [32mBuilding CXX object CMakeFiles/waypoint_node.dir/src/waypoint_node.cpp.o[0m
[2.522s] [ 75%] Built target nav_client_node
[14.546s] [100%] [32m[1mLinking CXX executable waypoint_node[0m
[15.270s] [100%] Built target waypoint_node
[15.301s] Invoked command in '/home/mukul/phase4_ws/build/nav_client' returned '0': CMAKE_PREFIX_PATH=${CMAKE_PREFIX_PATH}:/opt/ros/humble /usr/bin/cmake --build /home/mukul/phase4_ws/build/nav_client -- -j8 -l8
[15.323s] Invoking command in '/home/mukul/phase4_ws/build/nav_client': CMAKE_PREFIX_PATH=${CMAKE_PREFIX_PATH}:/opt/ros/humble /usr/bin/cmake --install /home/mukul/phase4_ws/build/nav_client
[15.344s] -- Install configuration: ""
[15.348s] -- Up-to-date: /home/mukul/phase4_ws/install/nav_client/lib/nav_client/nav_client_node
[15.352s] -- Installing: /home/mukul/phase4_ws/install/nav_client/lib/nav_client/waypoint_node
[15.352s] -- Set runtime path of "/home/mukul/phase4_ws/install/nav_client/lib/nav_client/waypoint_node" to ""
[15.359s] -- Up-to-date: /home/mukul/phase4_ws/install/nav_client/share/ament_index/resource_index/package_run_dependencies/nav_client
[15.364s] -- Installing: /home/mukul/phase4_ws/install/nav_client/share/ament_index/resource_index/parent_prefix_path/nav_client
[15.364s] -- Up-to-date: /home/mukul/phase4_ws/install/nav_client/share/nav_client/environment/ament_prefix_path.sh
[15.365s] -- Installing: /home/mukul/phase4_ws/install/nav_client/share/nav_client/environment/ament_prefix_path.dsv
[15.365s] -- Up-to-date: /home/mukul/phase4_ws/install/nav_client/share/nav_client/environment/path.sh
[15.369s] -- Installing: /home/mukul/phase4_ws/install/nav_client/share/nav_client/environment/path.dsv
[15.369s] -- Up-to-date: /home/mukul/phase4_ws/install/nav_client/share/nav_client/local_setup.bash
[15.373s] -- Up-to-date: /home/mukul/phase4_ws/install/nav_client/share/nav_client/local_setup.sh
[15.375s] -- Up-to-date: /home/mukul/phase4_ws/install/nav_client/share/nav_client/local_setup.zsh
[15.377s] -- Installing: /home/mukul/phase4_ws/install/nav_client/share/nav_client/local_setup.dsv
[15.379s] -- Installing: /home/mukul/phase4_ws/install/nav_client/share/nav_client/package.dsv
[15.382s] -- Up-to-date: /home/mukul/phase4_ws/install/nav_client/share/ament_index/resource_index/packages/nav_client
[15.386s] -- Up-to-date: /home/mukul/phase4_ws/install/nav_client/share/nav_client/cmake/nav_clientConfig.cmake
[15.390s] -- Up-to-date: /home/mukul/phase4_ws/install/nav_client/share/nav_client/cmake/nav_clientConfig-version.cmake
[15.391s] -- Up-to-date: /home/mukul/phase4_ws/install/nav_client/share/nav_client/package.xml
[15.399s] Invoked command in '/home/mukul/phase4_ws/build/nav_client' returned '0': CMAKE_PREFIX_PATH=${CMAKE_PREFIX_PATH}:/opt/ros/humble /usr/bin/cmake --install /home/mukul/phase4_ws/build/nav_client
