[0.031s] Invoking command in '/home/mukul/ros2_phase2/build/tf2-broadcaster': CMAKE_PREFIX_PATH=${CMAKE_PREFIX_PATH}:/opt/ros/humble /usr/bin/cmake /home/mukul/ros2_phase2/src/tf2-broadcaster -DCMAKE_INSTALL_PREFIX=/home/mukul/ros2_phase2/install/tf2-broadcaster
[0.049s] -- Found ament_cmake: 1.3.14 (/opt/ros/humble/share/ament_cmake/cmake)
[0.302s] -- Override CMake install command with custom implementation using symlinks instead of copying resources
[0.317s] -- Found rclcpp: 16.0.19 (/opt/ros/humble/share/rclcpp/cmake)
[0.364s] -- Found rosidl_generator_c: 3.1.8 (/opt/ros/humble/share/rosidl_generator_c/cmake)
[0.368s] -- Found rosidl_adapter: 3.1.8 (/opt/ros/humble/share/rosidl_adapter/cmake)
[0.376s] -- Found rosidl_generator_cpp: 3.1.8 (/opt/ros/humble/share/rosidl_generator_cpp/cmake)
[0.388s] -- Using all available rosidl_typesupport_c: rosidl_typesupport_fastrtps_c;rosidl_typesupport_introspection_c
[0.405s] -- Using all available rosidl_typesupport_cpp: rosidl_typesupport_fastrtps_cpp;rosidl_typesupport_introspection_cpp
[0.451s] -- Found rmw_implementation_cmake: 6.1.2 (/opt/ros/humble/share/rmw_implementation_cmake/cmake)
[0.454s] -- Found rmw_fastrtps_cpp: 6.2.10 (/opt/ros/humble/share/rmw_fastrtps_cpp/cmake)
[0.622s] -- Using RMW implementation 'rmw_fastrtps_cpp' as default
[0.707s] -- Found tf2: 0.25.20 (/opt/ros/humble/share/tf2/cmake)
[0.731s] -- Found tf2_ros: 0.25.20 (/opt/ros/humble/share/tf2_ros/cmake)
[0.842s] -- Found ament_lint_auto: 0.12.15 (/opt/ros/humble/share/ament_lint_auto/cmake)
[0.997s] -- Added test 'cppcheck' to perform static code analysis on C / C++ code
[0.997s] -- Configured cppcheck include dirs: 
[0.997s] -- Configured cppcheck exclude dirs and/or files: 
[0.998s] -- Added test 'lint_cmake' to check CMake code style
[0.999s] -- Added test 'uncrustify' to check C / C++ code style
[1.000s] -- Configured uncrustify additional arguments: 
[1.000s] -- Added test 'xmllint' to check XML markup files
[1.001s] -- Configuring done
[1.021s] -- Generating done
[1.029s] -- Build files have been written to: /home/mukul/ros2_phase2/build/tf2-broadcaster
[1.043s] Invoked command in '/home/mukul/ros2_phase2/build/tf2-broadcaster' returned '0': CMAKE_PREFIX_PATH=${CMAKE_PREFIX_PATH}:/opt/ros/humble /usr/bin/cmake /home/mukul/ros2_phase2/src/tf2-broadcaster -DCMAKE_INSTALL_PREFIX=/home/mukul/ros2_phase2/install/tf2-broadcaster
[1.046s] Invoking command in '/home/mukul/ros2_phase2/build/tf2-broadcaster': CMAKE_PREFIX_PATH=${CMAKE_PREFIX_PATH}:/opt/ros/humble /usr/bin/cmake --build /home/mukul/ros2_phase2/build/tf2-broadcaster -- -j8 -l8
[1.103s] [35m[1mConsolidate compiler generated dependencies of target broadcaster_node[0m
[1.120s] [ 50%] [32mBuilding CXX object CMakeFiles/broadcaster_node.dir/src/broadcaster_node.cpp.o[0m
[6.445s] [100%] [32m[1mLinking CXX executable broadcaster_node[0m
[6.765s] [100%] Built target broadcaster_node
[6.781s] Invoked command in '/home/mukul/ros2_phase2/build/tf2-broadcaster' returned '0': CMAKE_PREFIX_PATH=${CMAKE_PREFIX_PATH}:/opt/ros/humble /usr/bin/cmake --build /home/mukul/ros2_phase2/build/tf2-broadcaster -- -j8 -l8
[6.784s] Invoking command in '/home/mukul/ros2_phase2/build/tf2-broadcaster': CMAKE_PREFIX_PATH=${CMAKE_PREFIX_PATH}:/opt/ros/humble /usr/bin/cmake --install /home/mukul/ros2_phase2/build/tf2-broadcaster
[6.794s] -- Install configuration: ""
[6.795s] -- Execute custom install script
[6.795s] -- Symlinking: /home/mukul/ros2_phase2/install/tf2-broadcaster/lib/tf2-broadcaster/broadcaster_node
[6.809s] -- Symlinking: /home/mukul/ros2_phase2/install/tf2-broadcaster/share/ament_index/resource_index/package_run_dependencies/tf2-broadcaster
[6.822s] -- Symlinking: /home/mukul/ros2_phase2/install/tf2-broadcaster/share/ament_index/resource_index/parent_prefix_path/tf2-broadcaster
[6.835s] -- Symlinking: /home/mukul/ros2_phase2/install/tf2-broadcaster/share/tf2-broadcaster/environment/ament_prefix_path.sh
[6.852s] -- Symlinking: /home/mukul/ros2_phase2/install/tf2-broadcaster/share/tf2-broadcaster/environment/ament_prefix_path.dsv
[6.866s] -- Symlinking: /home/mukul/ros2_phase2/install/tf2-broadcaster/share/tf2-broadcaster/environment/path.sh
[6.878s] -- Symlinking: /home/mukul/ros2_phase2/install/tf2-broadcaster/share/tf2-broadcaster/environment/path.dsv
[6.891s] -- Symlinking: /home/mukul/ros2_phase2/install/tf2-broadcaster/share/tf2-broadcaster/local_setup.bash
[6.903s] -- Symlinking: /home/mukul/ros2_phase2/install/tf2-broadcaster/share/tf2-broadcaster/local_setup.sh
[6.915s] -- Symlinking: /home/mukul/ros2_phase2/install/tf2-broadcaster/share/tf2-broadcaster/local_setup.zsh
[6.928s] -- Symlinking: /home/mukul/ros2_phase2/install/tf2-broadcaster/share/tf2-broadcaster/local_setup.dsv
[6.945s] -- Symlinking: /home/mukul/ros2_phase2/install/tf2-broadcaster/share/tf2-broadcaster/package.dsv
[6.964s] -- Symlinking: /home/mukul/ros2_phase2/install/tf2-broadcaster/share/ament_index/resource_index/packages/tf2-broadcaster
[6.977s] -- Symlinking: /home/mukul/ros2_phase2/install/tf2-broadcaster/share/tf2-broadcaster/cmake/tf2-broadcasterConfig.cmake
[6.990s] -- Symlinking: /home/mukul/ros2_phase2/install/tf2-broadcaster/share/tf2-broadcaster/cmake/tf2-broadcasterConfig-version.cmake
[7.004s] -- Symlinking: /home/mukul/ros2_phase2/install/tf2-broadcaster/share/tf2-broadcaster/package.xml
[7.021s] Invoked command in '/home/mukul/ros2_phase2/build/tf2-broadcaster' returned '0': CMAKE_PREFIX_PATH=${CMAKE_PREFIX_PATH}:/opt/ros/humble /usr/bin/cmake --install /home/mukul/ros2_phase2/build/tf2-broadcaster
