[0.162s] DEBUG:colcon:Command line arguments: ['/usr/bin/colcon', 'build']
[0.162s] DEBUG:colcon:Parsed command line arguments: Namespace(log_base=None, log_level=None, verb_name='build', build_base='build', install_base='install', merge_install=False, symlink_install=False, test_result_base=None, continue_on_error=False, executor='parallel', parallel_workers=8, event_handlers=None, ignore_user_meta=False, metas=['./colcon.meta'], base_paths=['.'], packages_ignore=None, packages_ignore_regex=None, paths=None, packages_up_to=None, packages_up_to_regex=None, packages_above=None, packages_above_and_dependencies=None, packages_above_depth=None, packages_select_by_dep=None, packages_skip_by_dep=None, packages_skip_up_to=None, packages_select_build_failed=False, packages_skip_build_finished=False, packages_select_test_failures=False, packages_skip_test_passed=False, packages_select=None, packages_skip=None, packages_select_regex=None, packages_skip_regex=None, packages_start=None, packages_end=None, allow_overriding=[], cmake_args=None, cmake_target=None, cmake_target_skip_unavailable=False, cmake_clean_cache=False, cmake_clean_first=False, cmake_force_configure=False, ament_cmake_args=None, catkin_cmake_args=None, catkin_skip_building_tests=False, mixin_files=None, mixin=None, verb_parser=<colcon_mixin.mixin.mixin_argument.MixinArgumentDecorator object at 0x7ca24c3eabf0>, verb_extension=<colcon_core.verb.build.BuildVerb object at 0x7ca24c3ea680>, main=<bound method BuildVerb.main of <colcon_core.verb.build.BuildVerb object at 0x7ca24c3ea680>>, mixin_verb=('build',))
[0.393s] Level 1:colcon.colcon_core.package_discovery:discover_packages(colcon_meta) check parameters
[0.393s] Level 1:colcon.colcon_core.package_discovery:discover_packages(recursive) check parameters
[0.393s] Level 1:colcon.colcon_core.package_discovery:discover_packages(ignore) check parameters
[0.393s] Level 1:colcon.colcon_core.package_discovery:discover_packages(path) check parameters
[0.393s] Level 1:colcon.colcon_core.package_discovery:discover_packages(colcon_meta) discover
[0.393s] Level 1:colcon.colcon_core.package_discovery:discover_packages(recursive) discover
[0.393s] INFO:colcon.colcon_core.package_discovery:Crawling recursively for packages in '/home/mukul/ros2_phase2'
[0.393s] Level 1:colcon.colcon_core.package_identification:_identify(.) by extensions ['ignore', 'ignore_ament_install']
[0.393s] Level 1:colcon.colcon_core.package_identification:_identify(.) by extension 'ignore'
[0.393s] Level 1:colcon.colcon_core.package_identification:_identify(.) by extension 'ignore_ament_install'
[0.393s] Level 1:colcon.colcon_core.package_identification:_identify(.) by extensions ['colcon_pkg']
[0.394s] Level 1:colcon.colcon_core.package_identification:_identify(.) by extension 'colcon_pkg'
[0.394s] Level 1:colcon.colcon_core.package_identification:_identify(.) by extensions ['colcon_meta']
[0.394s] Level 1:colcon.colcon_core.package_identification:_identify(.) by extension 'colcon_meta'
[0.394s] Level 1:colcon.colcon_core.package_identification:_identify(.) by extensions ['ros']
[0.394s] Level 1:colcon.colcon_core.package_identification:_identify(.) by extension 'ros'
[0.406s] Level 1:colcon.colcon_core.package_identification:_identify(.) by extensions ['cmake', 'python']
[0.406s] Level 1:colcon.colcon_core.package_identification:_identify(.) by extension 'cmake'
[0.406s] Level 1:colcon.colcon_core.package_identification:_identify(.) by extension 'python'
[0.406s] Level 1:colcon.colcon_core.package_identification:_identify(.) by extensions ['python_setup_py']
[0.406s] Level 1:colcon.colcon_core.package_identification:_identify(.) by extension 'python_setup_py'
[0.407s] Level 1:colcon.colcon_core.package_identification:_identify(build) by extensions ['ignore', 'ignore_ament_install']
[0.407s] Level 1:colcon.colcon_core.package_identification:_identify(build) by extension 'ignore'
[0.407s] Level 1:colcon.colcon_core.package_identification:_identify(build) ignored
[0.407s] Level 1:colcon.colcon_core.package_identification:_identify(install) by extensions ['ignore', 'ignore_ament_install']
[0.407s] Level 1:colcon.colcon_core.package_identification:_identify(install) by extension 'ignore'
[0.407s] Level 1:colcon.colcon_core.package_identification:_identify(install) ignored
[0.407s] Level 1:colcon.colcon_core.package_identification:_identify(log) by extensions ['ignore', 'ignore_ament_install']
[0.407s] Level 1:colcon.colcon_core.package_identification:_identify(log) by extension 'ignore'
[0.407s] Level 1:colcon.colcon_core.package_identification:_identify(log) ignored
[0.407s] Level 1:colcon.colcon_core.package_identification:_identify(src) by extensions ['ignore', 'ignore_ament_install']
[0.407s] Level 1:colcon.colcon_core.package_identification:_identify(src) by extension 'ignore'
[0.407s] Level 1:colcon.colcon_core.package_identification:_identify(src) by extension 'ignore_ament_install'
[0.408s] Level 1:colcon.colcon_core.package_identification:_identify(src) by extensions ['colcon_pkg']
[0.408s] Level 1:colcon.colcon_core.package_identification:_identify(src) by extension 'colcon_pkg'
[0.408s] Level 1:colcon.colcon_core.package_identification:_identify(src) by extensions ['colcon_meta']
[0.408s] Level 1:colcon.colcon_core.package_identification:_identify(src) by extension 'colcon_meta'
[0.408s] Level 1:colcon.colcon_core.package_identification:_identify(src) by extensions ['ros']
[0.408s] Level 1:colcon.colcon_core.package_identification:_identify(src) by extension 'ros'
[0.408s] Level 1:colcon.colcon_core.package_identification:_identify(src) by extensions ['cmake', 'python']
[0.408s] Level 1:colcon.colcon_core.package_identification:_identify(src) by extension 'cmake'
[0.408s] Level 1:colcon.colcon_core.package_identification:_identify(src) by extension 'python'
[0.408s] Level 1:colcon.colcon_core.package_identification:_identify(src) by extensions ['python_setup_py']
[0.408s] Level 1:colcon.colcon_core.package_identification:_identify(src) by extension 'python_setup_py'
[0.408s] Level 1:colcon.colcon_core.package_identification:_identify(src/tf2-broadcaster) by extensions ['ignore', 'ignore_ament_install']
[0.408s] Level 1:colcon.colcon_core.package_identification:_identify(src/tf2-broadcaster) by extension 'ignore'
[0.408s] Level 1:colcon.colcon_core.package_identification:_identify(src/tf2-broadcaster) by extension 'ignore_ament_install'
[0.408s] Level 1:colcon.colcon_core.package_identification:_identify(src/tf2-broadcaster) by extensions ['colcon_pkg']
[0.408s] Level 1:colcon.colcon_core.package_identification:_identify(src/tf2-broadcaster) by extension 'colcon_pkg'
[0.408s] Level 1:colcon.colcon_core.package_identification:_identify(src/tf2-broadcaster) by extensions ['colcon_meta']
[0.408s] Level 1:colcon.colcon_core.package_identification:_identify(src/tf2-broadcaster) by extension 'colcon_meta'
[0.409s] Level 1:colcon.colcon_core.package_identification:_identify(src/tf2-broadcaster) by extensions ['ros']
[0.409s] Level 1:colcon.colcon_core.package_identification:_identify(src/tf2-broadcaster) by extension 'ros'
[0.413s] DEBUG:colcon.colcon_core.package_identification:Package 'src/tf2-broadcaster' with type 'ros.ament_cmake' and name 'tf2-broadcaster'
[0.413s] Level 1:colcon.colcon_core.package_identification:_identify(src/tf2_listener) by extensions ['ignore', 'ignore_ament_install']
[0.414s] Level 1:colcon.colcon_core.package_identification:_identify(src/tf2_listener) by extension 'ignore'
[0.414s] Level 1:colcon.colcon_core.package_identification:_identify(src/tf2_listener) by extension 'ignore_ament_install'
[0.414s] Level 1:colcon.colcon_core.package_identification:_identify(src/tf2_listener) by extensions ['colcon_pkg']
[0.414s] Level 1:colcon.colcon_core.package_identification:_identify(src/tf2_listener) by extension 'colcon_pkg'
[0.414s] Level 1:colcon.colcon_core.package_identification:_identify(src/tf2_listener) by extensions ['colcon_meta']
[0.414s] Level 1:colcon.colcon_core.package_identification:_identify(src/tf2_listener) by extension 'colcon_meta'
[0.414s] Level 1:colcon.colcon_core.package_identification:_identify(src/tf2_listener) by extensions ['ros']
[0.414s] Level 1:colcon.colcon_core.package_identification:_identify(src/tf2_listener) by extension 'ros'
[0.415s] DEBUG:colcon.colcon_core.package_identification:Package 'src/tf2_listener' with type 'ros.ament_cmake' and name 'tf2_listener'
[0.415s] Level 1:colcon.colcon_core.package_discovery:discover_packages(recursive) using defaults
[0.415s] Level 1:colcon.colcon_core.package_discovery:discover_packages(ignore) discover
[0.415s] Level 1:colcon.colcon_core.package_discovery:discover_packages(ignore) using defaults
[0.415s] Level 1:colcon.colcon_core.package_discovery:discover_packages(path) discover
[0.415s] Level 1:colcon.colcon_core.package_discovery:discover_packages(path) using defaults
[0.454s] Level 1:colcon.colcon_core.package_discovery:discover_packages(prefix_path) check parameters
[0.454s] Level 1:colcon.colcon_core.package_discovery:discover_packages(prefix_path) discover
[0.458s] DEBUG:colcon.colcon_installed_package_information.package_discovery:Found 17 installed packages in /home/mukul/ros2_ws/install
[0.460s] DEBUG:colcon.colcon_installed_package_information.package_discovery:Found 321 installed packages in /opt/ros/humble
[0.462s] Level 1:colcon.colcon_core.package_discovery:discover_packages(prefix_path) using defaults
[0.515s] Level 5:colcon.colcon_core.verb:set package 'tf2-broadcaster' build argument 'cmake_args' from command line to 'None'
[0.515s] Level 5:colcon.colcon_core.verb:set package 'tf2-broadcaster' build argument 'cmake_target' from command line to 'None'
[0.515s] Level 5:colcon.colcon_core.verb:set package 'tf2-broadcaster' build argument 'cmake_target_skip_unavailable' from command line to 'False'
[0.515s] Level 5:colcon.colcon_core.verb:set package 'tf2-broadcaster' build argument 'cmake_clean_cache' from command line to 'False'
[0.515s] Level 5:colcon.colcon_core.verb:set package 'tf2-broadcaster' build argument 'cmake_clean_first' from command line to 'False'
[0.515s] Level 5:colcon.colcon_core.verb:set package 'tf2-broadcaster' build argument 'cmake_force_configure' from command line to 'False'
[0.515s] Level 5:colcon.colcon_core.verb:set package 'tf2-broadcaster' build argument 'ament_cmake_args' from command line to 'None'
[0.515s] Level 5:colcon.colcon_core.verb:set package 'tf2-broadcaster' build argument 'catkin_cmake_args' from command line to 'None'
[0.515s] Level 5:colcon.colcon_core.verb:set package 'tf2-broadcaster' build argument 'catkin_skip_building_tests' from command line to 'False'
[0.515s] DEBUG:colcon.colcon_core.verb:Building package 'tf2-broadcaster' with the following arguments: {'ament_cmake_args': None, 'build_base': '/home/mukul/ros2_phase2/build/tf2-broadcaster', 'catkin_cmake_args': None, 'catkin_skip_building_tests': False, 'cmake_args': None, 'cmake_clean_cache': False, 'cmake_clean_first': False, 'cmake_force_configure': False, 'cmake_target': None, 'cmake_target_skip_unavailable': False, 'install_base': '/home/mukul/ros2_phase2/install/tf2-broadcaster', 'merge_install': False, 'path': '/home/mukul/ros2_phase2/src/tf2-broadcaster', 'symlink_install': False, 'test_result_base': None}
[0.516s] Level 5:colcon.colcon_core.verb:set package 'tf2_listener' build argument 'cmake_args' from command line to 'None'
[0.516s] Level 5:colcon.colcon_core.verb:set package 'tf2_listener' build argument 'cmake_target' from command line to 'None'
[0.516s] Level 5:colcon.colcon_core.verb:set package 'tf2_listener' build argument 'cmake_target_skip_unavailable' from command line to 'False'
[0.516s] Level 5:colcon.colcon_core.verb:set package 'tf2_listener' build argument 'cmake_clean_cache' from command line to 'False'
[0.516s] Level 5:colcon.colcon_core.verb:set package 'tf2_listener' build argument 'cmake_clean_first' from command line to 'False'
[0.516s] Level 5:colcon.colcon_core.verb:set package 'tf2_listener' build argument 'cmake_force_configure' from command line to 'False'
[0.516s] Level 5:colcon.colcon_core.verb:set package 'tf2_listener' build argument 'ament_cmake_args' from command line to 'None'
[0.516s] Level 5:colcon.colcon_core.verb:set package 'tf2_listener' build argument 'catkin_cmake_args' from command line to 'None'
[0.516s] Level 5:colcon.colcon_core.verb:set package 'tf2_listener' build argument 'catkin_skip_building_tests' from command line to 'False'
[0.516s] DEBUG:colcon.colcon_core.verb:Building package 'tf2_listener' with the following arguments: {'ament_cmake_args': None, 'build_base': '/home/mukul/ros2_phase2/build/tf2_listener', 'catkin_cmake_args': None, 'catkin_skip_building_tests': False, 'cmake_args': None, 'cmake_clean_cache': False, 'cmake_clean_first': False, 'cmake_force_configure': False, 'cmake_target': None, 'cmake_target_skip_unavailable': False, 'install_base': '/home/mukul/ros2_phase2/install/tf2_listener', 'merge_install': False, 'path': '/home/mukul/ros2_phase2/src/tf2_listener', 'symlink_install': False, 'test_result_base': None}
[0.516s] INFO:colcon.colcon_core.executor:Executing jobs using 'parallel' executor
[0.518s] DEBUG:colcon.colcon_parallel_executor.executor.parallel:run_until_complete
[0.518s] INFO:colcon.colcon_ros.task.ament_cmake.build:Building ROS package in '/home/mukul/ros2_phase2/src/tf2-broadcaster' with build type 'ament_cmake'
[0.518s] INFO:colcon.colcon_cmake.task.cmake.build:Building CMake package in '/home/mukul/ros2_phase2/src/tf2-broadcaster'
[0.521s] INFO:colcon.colcon_core.plugin_system:Skipping extension 'colcon_core.shell.bat': Not used on non-Windows systems
[0.521s] INFO:colcon.colcon_core.shell:Skip shell extension 'powershell' for command environment: Not usable outside of PowerShell
[0.522s] DEBUG:colcon.colcon_core.shell:Skip shell extension 'dsv' for command environment
[0.529s] INFO:colcon.colcon_ros.task.ament_cmake.build:Building ROS package in '/home/mukul/ros2_phase2/src/tf2_listener' with build type 'ament_cmake'
[0.529s] INFO:colcon.colcon_cmake.task.cmake.build:Building CMake package in '/home/mukul/ros2_phase2/src/tf2_listener'
[0.529s] INFO:colcon.colcon_core.shell:Skip shell extension 'powershell' for command environment: Not usable outside of PowerShell
[0.529s] DEBUG:colcon.colcon_core.shell:Skip shell extension 'dsv' for command environment
[0.551s] DEBUG:colcon.colcon_core.event_handler.log_command:Invoking command in '/home/mukul/ros2_phase2/build/tf2-broadcaster': CMAKE_PREFIX_PATH=${CMAKE_PREFIX_PATH}:/opt/ros/humble /usr/bin/cmake /home/mukul/ros2_phase2/src/tf2-broadcaster -DCMAKE_INSTALL_PREFIX=/home/mukul/ros2_phase2/install/tf2-broadcaster
[0.562s] DEBUG:colcon.colcon_core.event_handler.log_command:Invoking command in '/home/mukul/ros2_phase2/build/tf2_listener': CMAKE_PREFIX_PATH=${CMAKE_PREFIX_PATH}:/opt/ros/humble /usr/bin/cmake --build /home/mukul/ros2_phase2/build/tf2_listener -- -j8 -l8
[0.698s] DEBUG:colcon.colcon_core.event_handler.log_command:Invoked command in '/home/mukul/ros2_phase2/build/tf2_listener' returned '0': CMAKE_PREFIX_PATH=${CMAKE_PREFIX_PATH}:/opt/ros/humble /usr/bin/cmake --build /home/mukul/ros2_phase2/build/tf2_listener -- -j8 -l8
[0.714s] DEBUG:colcon.colcon_core.event_handler.log_command:Invoking command in '/home/mukul/ros2_phase2/build/tf2_listener': CMAKE_PREFIX_PATH=${CMAKE_PREFIX_PATH}:/opt/ros/humble /usr/bin/cmake --install /home/mukul/ros2_phase2/build/tf2_listener
[0.732s] Level 1:colcon.colcon_core.environment:create_environment_scripts_only(tf2_listener)
[0.734s] DEBUG:colcon.colcon_core.event_handler.log_command:Invoked command in '/home/mukul/ros2_phase2/build/tf2_listener' returned '0': CMAKE_PREFIX_PATH=${CMAKE_PREFIX_PATH}:/opt/ros/humble /usr/bin/cmake --install /home/mukul/ros2_phase2/build/tf2_listener
[0.739s] Level 1:colcon.colcon_core.environment:checking '/home/mukul/ros2_phase2/install/tf2_listener' for CMake module files
[0.740s] Level 1:colcon.colcon_core.environment:checking '/home/mukul/ros2_phase2/install/tf2_listener' for CMake config files
[0.740s] Level 1:colcon.colcon_core.shell:create_environment_hook('tf2_listener', 'cmake_prefix_path')
[0.741s] INFO:colcon.colcon_core.shell:Creating environment hook '/home/mukul/ros2_phase2/install/tf2_listener/share/tf2_listener/hook/cmake_prefix_path.ps1'
[0.743s] INFO:colcon.colcon_core.shell:Creating environment descriptor '/home/mukul/ros2_phase2/install/tf2_listener/share/tf2_listener/hook/cmake_prefix_path.dsv'
[0.744s] INFO:colcon.colcon_core.shell:Creating environment hook '/home/mukul/ros2_phase2/install/tf2_listener/share/tf2_listener/hook/cmake_prefix_path.sh'
[0.746s] Level 1:colcon.colcon_core.environment:checking '/home/mukul/ros2_phase2/install/tf2_listener/lib'
[0.746s] Level 1:colcon.colcon_core.environment:checking '/home/mukul/ros2_phase2/install/tf2_listener/bin'
[0.747s] Level 1:colcon.colcon_core.environment:checking '/home/mukul/ros2_phase2/install/tf2_listener/lib/pkgconfig/tf2_listener.pc'
[0.747s] Level 1:colcon.colcon_core.environment:checking '/home/mukul/ros2_phase2/install/tf2_listener/lib/python3.10/site-packages'
[0.748s] Level 1:colcon.colcon_core.environment:checking '/home/mukul/ros2_phase2/install/tf2_listener/bin'
[0.749s] INFO:colcon.colcon_core.shell:Creating package script '/home/mukul/ros2_phase2/install/tf2_listener/share/tf2_listener/package.ps1'
[0.751s] INFO:colcon.colcon_core.shell:Creating package descriptor '/home/mukul/ros2_phase2/install/tf2_listener/share/tf2_listener/package.dsv'
[0.753s] INFO:colcon.colcon_core.shell:Creating package script '/home/mukul/ros2_phase2/install/tf2_listener/share/tf2_listener/package.sh'
[0.755s] INFO:colcon.colcon_core.shell:Creating package script '/home/mukul/ros2_phase2/install/tf2_listener/share/tf2_listener/package.bash'
[0.757s] INFO:colcon.colcon_core.shell:Creating package script '/home/mukul/ros2_phase2/install/tf2_listener/share/tf2_listener/package.zsh'
[0.759s] Level 1:colcon.colcon_core.environment:create_file_with_runtime_dependencies(/home/mukul/ros2_phase2/install/tf2_listener/share/colcon-core/packages/tf2_listener)
[0.760s] Level 1:colcon.colcon_core.environment:create_environment_scripts_only(tf2_listener)
[0.761s] Level 1:colcon.colcon_core.environment:checking '/home/mukul/ros2_phase2/install/tf2_listener' for CMake module files
[0.762s] Level 1:colcon.colcon_core.environment:checking '/home/mukul/ros2_phase2/install/tf2_listener' for CMake config files
[0.762s] Level 1:colcon.colcon_core.shell:create_environment_hook('tf2_listener', 'cmake_prefix_path')
[0.763s] INFO:colcon.colcon_core.shell:Creating environment hook '/home/mukul/ros2_phase2/install/tf2_listener/share/tf2_listener/hook/cmake_prefix_path.ps1'
[0.764s] INFO:colcon.colcon_core.shell:Creating environment descriptor '/home/mukul/ros2_phase2/install/tf2_listener/share/tf2_listener/hook/cmake_prefix_path.dsv'
[0.765s] INFO:colcon.colcon_core.shell:Creating environment hook '/home/mukul/ros2_phase2/install/tf2_listener/share/tf2_listener/hook/cmake_prefix_path.sh'
[0.766s] Level 1:colcon.colcon_core.environment:checking '/home/mukul/ros2_phase2/install/tf2_listener/lib'
[0.766s] Level 1:colcon.colcon_core.environment:checking '/home/mukul/ros2_phase2/install/tf2_listener/bin'
[0.766s] Level 1:colcon.colcon_core.environment:checking '/home/mukul/ros2_phase2/install/tf2_listener/lib/pkgconfig/tf2_listener.pc'
[0.767s] Level 1:colcon.colcon_core.environment:checking '/home/mukul/ros2_phase2/install/tf2_listener/lib/python3.10/site-packages'
[0.767s] Level 1:colcon.colcon_core.environment:checking '/home/mukul/ros2_phase2/install/tf2_listener/bin'
[0.768s] INFO:colcon.colcon_core.shell:Creating package script '/home/mukul/ros2_phase2/install/tf2_listener/share/tf2_listener/package.ps1'
[0.769s] INFO:colcon.colcon_core.shell:Creating package descriptor '/home/mukul/ros2_phase2/install/tf2_listener/share/tf2_listener/package.dsv'
[0.770s] INFO:colcon.colcon_core.shell:Creating package script '/home/mukul/ros2_phase2/install/tf2_listener/share/tf2_listener/package.sh'
[0.771s] INFO:colcon.colcon_core.shell:Creating package script '/home/mukul/ros2_phase2/install/tf2_listener/share/tf2_listener/package.bash'
[0.772s] INFO:colcon.colcon_core.shell:Creating package script '/home/mukul/ros2_phase2/install/tf2_listener/share/tf2_listener/package.zsh'
[0.773s] Level 1:colcon.colcon_core.environment:create_file_with_runtime_dependencies(/home/mukul/ros2_phase2/install/tf2_listener/share/colcon-core/packages/tf2_listener)
[1.563s] DEBUG:colcon.colcon_core.event_handler.log_command:Invoked command in '/home/mukul/ros2_phase2/build/tf2-broadcaster' returned '0': CMAKE_PREFIX_PATH=${CMAKE_PREFIX_PATH}:/opt/ros/humble /usr/bin/cmake /home/mukul/ros2_phase2/src/tf2-broadcaster -DCMAKE_INSTALL_PREFIX=/home/mukul/ros2_phase2/install/tf2-broadcaster
[1.565s] DEBUG:colcon.colcon_core.event_handler.log_command:Invoking command in '/home/mukul/ros2_phase2/build/tf2-broadcaster': CMAKE_PREFIX_PATH=${CMAKE_PREFIX_PATH}:/opt/ros/humble /usr/bin/cmake --build /home/mukul/ros2_phase2/build/tf2-broadcaster -- -j8 -l8
[7.301s] DEBUG:colcon.colcon_core.event_handler.log_command:Invoked command in '/home/mukul/ros2_phase2/build/tf2-broadcaster' returned '0': CMAKE_PREFIX_PATH=${CMAKE_PREFIX_PATH}:/opt/ros/humble /usr/bin/cmake --build /home/mukul/ros2_phase2/build/tf2-broadcaster -- -j8 -l8
[7.304s] DEBUG:colcon.colcon_core.event_handler.log_command:Invoking command in '/home/mukul/ros2_phase2/build/tf2-broadcaster': CMAKE_PREFIX_PATH=${CMAKE_PREFIX_PATH}:/opt/ros/humble /usr/bin/cmake --install /home/mukul/ros2_phase2/build/tf2-broadcaster
[7.539s] Level 1:colcon.colcon_core.environment:create_environment_scripts_only(tf2-broadcaster)
[7.539s] Level 1:colcon.colcon_core.environment:checking '/home/mukul/ros2_phase2/install/tf2-broadcaster' for CMake module files
[7.540s] DEBUG:colcon.colcon_core.event_handler.log_command:Invoked command in '/home/mukul/ros2_phase2/build/tf2-broadcaster' returned '0': CMAKE_PREFIX_PATH=${CMAKE_PREFIX_PATH}:/opt/ros/humble /usr/bin/cmake --install /home/mukul/ros2_phase2/build/tf2-broadcaster
[7.541s] Level 1:colcon.colcon_core.environment:checking '/home/mukul/ros2_phase2/install/tf2-broadcaster' for CMake config files
[7.541s] Level 1:colcon.colcon_core.shell:create_environment_hook('tf2-broadcaster', 'cmake_prefix_path')
[7.542s] INFO:colcon.colcon_core.shell:Creating environment hook '/home/mukul/ros2_phase2/install/tf2-broadcaster/share/tf2-broadcaster/hook/cmake_prefix_path.ps1'
[7.543s] INFO:colcon.colcon_core.shell:Creating environment descriptor '/home/mukul/ros2_phase2/install/tf2-broadcaster/share/tf2-broadcaster/hook/cmake_prefix_path.dsv'
[7.543s] INFO:colcon.colcon_core.shell:Creating environment hook '/home/mukul/ros2_phase2/install/tf2-broadcaster/share/tf2-broadcaster/hook/cmake_prefix_path.sh'
[7.544s] Level 1:colcon.colcon_core.environment:checking '/home/mukul/ros2_phase2/install/tf2-broadcaster/lib'
[7.544s] Level 1:colcon.colcon_core.environment:checking '/home/mukul/ros2_phase2/install/tf2-broadcaster/bin'
[7.544s] Level 1:colcon.colcon_core.environment:checking '/home/mukul/ros2_phase2/install/tf2-broadcaster/lib/pkgconfig/tf2-broadcaster.pc'
[7.545s] Level 1:colcon.colcon_core.environment:checking '/home/mukul/ros2_phase2/install/tf2-broadcaster/lib/python3.10/site-packages'
[7.545s] Level 1:colcon.colcon_core.environment:checking '/home/mukul/ros2_phase2/install/tf2-broadcaster/bin'
[7.545s] INFO:colcon.colcon_core.shell:Creating package script '/home/mukul/ros2_phase2/install/tf2-broadcaster/share/tf2-broadcaster/package.ps1'
[7.546s] INFO:colcon.colcon_core.shell:Creating package descriptor '/home/mukul/ros2_phase2/install/tf2-broadcaster/share/tf2-broadcaster/package.dsv'
[7.547s] INFO:colcon.colcon_core.shell:Creating package script '/home/mukul/ros2_phase2/install/tf2-broadcaster/share/tf2-broadcaster/package.sh'
[7.548s] INFO:colcon.colcon_core.shell:Creating package script '/home/mukul/ros2_phase2/install/tf2-broadcaster/share/tf2-broadcaster/package.bash'
[7.550s] INFO:colcon.colcon_core.shell:Creating package script '/home/mukul/ros2_phase2/install/tf2-broadcaster/share/tf2-broadcaster/package.zsh'
[7.551s] Level 1:colcon.colcon_core.environment:create_file_with_runtime_dependencies(/home/mukul/ros2_phase2/install/tf2-broadcaster/share/colcon-core/packages/tf2-broadcaster)
[7.552s] Level 1:colcon.colcon_core.environment:create_environment_scripts_only(tf2-broadcaster)
[7.553s] Level 1:colcon.colcon_core.environment:checking '/home/mukul/ros2_phase2/install/tf2-broadcaster' for CMake module files
[7.555s] Level 1:colcon.colcon_core.environment:checking '/home/mukul/ros2_phase2/install/tf2-broadcaster' for CMake config files
[7.556s] Level 1:colcon.colcon_core.shell:create_environment_hook('tf2-broadcaster', 'cmake_prefix_path')
[7.557s] INFO:colcon.colcon_core.shell:Creating environment hook '/home/mukul/ros2_phase2/install/tf2-broadcaster/share/tf2-broadcaster/hook/cmake_prefix_path.ps1'
[7.558s] INFO:colcon.colcon_core.shell:Creating environment descriptor '/home/mukul/ros2_phase2/install/tf2-broadcaster/share/tf2-broadcaster/hook/cmake_prefix_path.dsv'
[7.558s] INFO:colcon.colcon_core.shell:Creating environment hook '/home/mukul/ros2_phase2/install/tf2-broadcaster/share/tf2-broadcaster/hook/cmake_prefix_path.sh'
[7.559s] Level 1:colcon.colcon_core.environment:checking '/home/mukul/ros2_phase2/install/tf2-broadcaster/lib'
[7.559s] Level 1:colcon.colcon_core.environment:checking '/home/mukul/ros2_phase2/install/tf2-broadcaster/bin'
[7.559s] Level 1:colcon.colcon_core.environment:checking '/home/mukul/ros2_phase2/install/tf2-broadcaster/lib/pkgconfig/tf2-broadcaster.pc'
[7.559s] Level 1:colcon.colcon_core.environment:checking '/home/mukul/ros2_phase2/install/tf2-broadcaster/lib/python3.10/site-packages'
[7.560s] Level 1:colcon.colcon_core.environment:checking '/home/mukul/ros2_phase2/install/tf2-broadcaster/bin'
[7.560s] INFO:colcon.colcon_core.shell:Creating package script '/home/mukul/ros2_phase2/install/tf2-broadcaster/share/tf2-broadcaster/package.ps1'
[7.561s] INFO:colcon.colcon_core.shell:Creating package descriptor '/home/mukul/ros2_phase2/install/tf2-broadcaster/share/tf2-broadcaster/package.dsv'
[7.562s] INFO:colcon.colcon_core.shell:Creating package script '/home/mukul/ros2_phase2/install/tf2-broadcaster/share/tf2-broadcaster/package.sh'
[7.562s] INFO:colcon.colcon_core.shell:Creating package script '/home/mukul/ros2_phase2/install/tf2-broadcaster/share/tf2-broadcaster/package.bash'
[7.563s] INFO:colcon.colcon_core.shell:Creating package script '/home/mukul/ros2_phase2/install/tf2-broadcaster/share/tf2-broadcaster/package.zsh'
[7.564s] Level 1:colcon.colcon_core.environment:create_file_with_runtime_dependencies(/home/mukul/ros2_phase2/install/tf2-broadcaster/share/colcon-core/packages/tf2-broadcaster)
[7.564s] DEBUG:colcon.colcon_parallel_executor.executor.parallel:closing loop
[7.564s] DEBUG:colcon.colcon_parallel_executor.executor.parallel:loop closed
[7.564s] DEBUG:colcon.colcon_parallel_executor.executor.parallel:run_until_complete finished with '0'
[7.564s] DEBUG:colcon.colcon_core.event_reactor:joining thread
[7.586s] INFO:colcon.colcon_core.plugin_system:Skipping extension 'colcon_notification.desktop_notification.terminal_notifier': Not used on non-Darwin systems
[7.586s] INFO:colcon.colcon_core.plugin_system:Skipping extension 'colcon_notification.desktop_notification.win32': Not used on non-Windows systems
[7.586s] INFO:colcon.colcon_notification.desktop_notification:Sending desktop notification using 'notify2'
[7.609s] DEBUG:colcon.colcon_core.event_reactor:joined thread
[7.610s] INFO:colcon.colcon_core.shell:Creating prefix script '/home/mukul/ros2_phase2/install/local_setup.ps1'
[7.611s] INFO:colcon.colcon_core.shell:Creating prefix util module '/home/mukul/ros2_phase2/install/_local_setup_util_ps1.py'
[7.614s] INFO:colcon.colcon_core.shell:Creating prefix chain script '/home/mukul/ros2_phase2/install/setup.ps1'
[7.619s] INFO:colcon.colcon_core.shell:Creating prefix script '/home/mukul/ros2_phase2/install/local_setup.sh'
[7.620s] INFO:colcon.colcon_core.shell:Creating prefix util module '/home/mukul/ros2_phase2/install/_local_setup_util_sh.py'
[7.622s] INFO:colcon.colcon_core.shell:Creating prefix chain script '/home/mukul/ros2_phase2/install/setup.sh'
[7.627s] INFO:colcon.colcon_core.shell:Creating prefix script '/home/mukul/ros2_phase2/install/local_setup.bash'
[7.628s] INFO:colcon.colcon_core.shell:Creating prefix chain script '/home/mukul/ros2_phase2/install/setup.bash'
[7.633s] INFO:colcon.colcon_core.shell:Creating prefix script '/home/mukul/ros2_phase2/install/local_setup.zsh'
[7.634s] INFO:colcon.colcon_core.shell:Creating prefix chain script '/home/mukul/ros2_phase2/install/setup.zsh'
