[ 50%] [32mBuilding CXX object CMakeFiles/interface_node.dir/src/interface_node.cpp.o[0m
[100%] [32m[1mLinking CXX executable interface_node[0m
[100%] Built target interface_node
-- Install configuration: ""
-- Installing: /home/mukul/ROS2_Phase3/install/gazebo_interface/lib/gazebo_interface/interface_node
-- Set runtime path of "/home/mukul/ROS2_Phase3/install/gazebo_interface/lib/gazebo_interface/interface_node" to ""
-- Up-to-date: /home/mukul/ROS2_Phase3/install/gazebo_interface/share/ament_index/resource_index/package_run_dependencies/gazebo_interface
-- Up-to-date: /home/mukul/ROS2_Phase3/install/gazebo_interface/share/ament_index/resource_index/parent_prefix_path/gazebo_interface
-- Up-to-date: /home/mukul/ROS2_Phase3/install/gazebo_interface/share/gazebo_interface/environment/ament_prefix_path.sh
-- Up-to-date: /home/mukul/ROS2_Phase3/install/gazebo_interface/share/gazebo_interface/environment/ament_prefix_path.dsv
-- Up-to-date: /home/mukul/ROS2_Phase3/install/gazebo_interface/share/gazebo_interface/environment/path.sh
-- Up-to-date: /home/mukul/ROS2_Phase3/install/gazebo_interface/share/gazebo_interface/environment/path.dsv
-- Up-to-date: /home/mukul/ROS2_Phase3/install/gazebo_interface/share/gazebo_interface/local_setup.bash
-- Up-to-date: /home/mukul/ROS2_Phase3/install/gazebo_interface/share/gazebo_interface/local_setup.sh
-- Up-to-date: /home/mukul/ROS2_Phase3/install/gazebo_interface/share/gazebo_interface/local_setup.zsh
-- Up-to-date: /home/mukul/ROS2_Phase3/install/gazebo_interface/share/gazebo_interface/local_setup.dsv
-- Installing: /home/mukul/ROS2_Phase3/install/gazebo_interface/share/gazebo_interface/package.dsv
-- Up-to-date: /home/mukul/ROS2_Phase3/install/gazebo_interface/share/ament_index/resource_index/packages/gazebo_interface
-- Up-to-date: /home/mukul/ROS2_Phase3/install/gazebo_interface/share/gazebo_interface/cmake/gazebo_interfaceConfig.cmake
-- Up-to-date: /home/mukul/ROS2_Phase3/install/gazebo_interface/share/gazebo_interface/cmake/gazebo_interfaceConfig-version.cmake
-- Up-to-date: /home/mukul/ROS2_Phase3/install/gazebo_interface/share/gazebo_interface/package.xml
