[0.035s] Invoking command in '/home/mukul/ROS2_Phase3/build/gazebo_interface': CMAKE_PREFIX_PATH=${CMAKE_PREFIX_PATH}:/opt/ros/humble /usr/bin/cmake --build /home/mukul/ROS2_Phase3/build/gazebo_interface -- -j8 -l8
[0.198s] [ 50%] [32mBuilding CXX object CMakeFiles/interface_node.dir/src/interface_node.cpp.o[0m
[19.895s] [100%] [32m[1mLinking CXX executable interface_node[0m
[21.280s] [100%] Built target interface_node
[21.302s] Invoked command in '/home/mukul/ROS2_Phase3/build/gazebo_interface' returned '0': CMAKE_PREFIX_PATH=${CMAKE_PREFIX_PATH}:/opt/ros/humble /usr/bin/cmake --build /home/mukul/ROS2_Phase3/build/gazebo_interface -- -j8 -l8
[21.323s] Invoking command in '/home/mukul/ROS2_Phase3/build/gazebo_interface': CMAKE_PREFIX_PATH=${CMAKE_PREFIX_PATH}:/opt/ros/humble /usr/bin/cmake --install /home/mukul/ROS2_Phase3/build/gazebo_interface
[21.332s] -- Install configuration: ""
[21.333s] -- Installing: /home/mukul/ROS2_Phase3/install/gazebo_interface/lib/gazebo_interface/interface_node
[21.349s] -- Set runtime path of "/home/mukul/ROS2_Phase3/install/gazebo_interface/lib/gazebo_interface/interface_node" to ""
[21.350s] -- Up-to-date: /home/mukul/ROS2_Phase3/install/gazebo_interface/share/ament_index/resource_index/package_run_dependencies/gazebo_interface
[21.350s] -- Up-to-date: /home/mukul/ROS2_Phase3/install/gazebo_interface/share/ament_index/resource_index/parent_prefix_path/gazebo_interface
[21.350s] -- Up-to-date: /home/mukul/ROS2_Phase3/install/gazebo_interface/share/gazebo_interface/environment/ament_prefix_path.sh
[21.350s] -- Up-to-date: /home/mukul/ROS2_Phase3/install/gazebo_interface/share/gazebo_interface/environment/ament_prefix_path.dsv
[21.350s] -- Up-to-date: /home/mukul/ROS2_Phase3/install/gazebo_interface/share/gazebo_interface/environment/path.sh
[21.350s] -- Up-to-date: /home/mukul/ROS2_Phase3/install/gazebo_interface/share/gazebo_interface/environment/path.dsv
[21.350s] -- Up-to-date: /home/mukul/ROS2_Phase3/install/gazebo_interface/share/gazebo_interface/local_setup.bash
[21.351s] -- Up-to-date: /home/mukul/ROS2_Phase3/install/gazebo_interface/share/gazebo_interface/local_setup.sh
[21.351s] -- Up-to-date: /home/mukul/ROS2_Phase3/install/gazebo_interface/share/gazebo_interface/local_setup.zsh
[21.351s] -- Up-to-date: /home/mukul/ROS2_Phase3/install/gazebo_interface/share/gazebo_interface/local_setup.dsv
[21.351s] -- Installing: /home/mukul/ROS2_Phase3/install/gazebo_interface/share/gazebo_interface/package.dsv
[21.351s] -- Up-to-date: /home/mukul/ROS2_Phase3/install/gazebo_interface/share/ament_index/resource_index/packages/gazebo_interface
[21.351s] -- Up-to-date: /home/mukul/ROS2_Phase3/install/gazebo_interface/share/gazebo_interface/cmake/gazebo_interfaceConfig.cmake
[21.351s] -- Up-to-date: /home/mukul/ROS2_Phase3/install/gazebo_interface/share/gazebo_interface/cmake/gazebo_interfaceConfig-version.cmake
[21.352s] -- Up-to-date: /home/mukul/ROS2_Phase3/install/gazebo_interface/share/gazebo_interface/package.xml
[21.355s] Invoked command in '/home/mukul/ROS2_Phase3/build/gazebo_interface' returned '0': CMAKE_PREFIX_PATH=${CMAKE_PREFIX_PATH}:/opt/ros/humble /usr/bin/cmake --install /home/mukul/ROS2_Phase3/build/gazebo_interface
