[35m[1mConsolidate compiler generated dependencies of target broadcaster_node[0m
[100%] Built target broadcaster_node
-- Install configuration: ""
-- Execute custom install script
-- Up-to-date symlink: /home/mukul/ros2_phase2/install/tf2-broadcaster/lib/tf2-broadcaster/broadcaster_node
-- Up-to-date symlink: /home/mukul/ros2_phase2/install/tf2-broadcaster/share/ament_index/resource_index/package_run_dependencies/tf2-broadcaster
-- Up-to-date symlink: /home/mukul/ros2_phase2/install/tf2-broadcaster/share/ament_index/resource_index/parent_prefix_path/tf2-broadcaster
-- Up-to-date symlink: /home/mukul/ros2_phase2/install/tf2-broadcaster/share/tf2-broadcaster/environment/ament_prefix_path.sh
-- Up-to-date symlink: /home/mukul/ros2_phase2/install/tf2-broadcaster/share/tf2-broadcaster/environment/ament_prefix_path.dsv
-- Up-to-date symlink: /home/mukul/ros2_phase2/install/tf2-broadcaster/share/tf2-broadcaster/environment/path.sh
-- Up-to-date symlink: /home/mukul/ros2_phase2/install/tf2-broadcaster/share/tf2-broadcaster/environment/path.dsv
-- Up-to-date symlink: /home/mukul/ros2_phase2/install/tf2-broadcaster/share/tf2-broadcaster/local_setup.bash
-- Up-to-date symlink: /home/mukul/ros2_phase2/install/tf2-broadcaster/share/tf2-broadcaster/local_setup.sh
-- Up-to-date symlink: /home/mukul/ros2_phase2/install/tf2-broadcaster/share/tf2-broadcaster/local_setup.zsh
-- Up-to-date symlink: /home/mukul/ros2_phase2/install/tf2-broadcaster/share/tf2-broadcaster/local_setup.dsv
-- Symlinking: /home/mukul/ros2_phase2/install/tf2-broadcaster/share/tf2-broadcaster/package.dsv
-- Up-to-date symlink: /home/mukul/ros2_phase2/install/tf2-broadcaster/share/ament_index/resource_index/packages/tf2-broadcaster
-- Up-to-date symlink: /home/mukul/ros2_phase2/install/tf2-broadcaster/share/tf2-broadcaster/cmake/tf2-broadcasterConfig.cmake
-- Up-to-date symlink: /home/mukul/ros2_phase2/install/tf2-broadcaster/share/tf2-broadcaster/cmake/tf2-broadcasterConfig-version.cmake
-- Up-to-date symlink: /home/mukul/ros2_phase2/install/tf2-broadcaster/share/tf2-broadcaster/package.xml
