[0.027s] Invoking command in '/home/mukul/phase4_ws/build/nav_client': CMAKE_PREFIX_PATH=${CMAKE_PREFIX_PATH}:/opt/ros/humble /usr/bin/cmake /home/mukul/phase4_ws/src/nav_client -DCMAKE_INSTALL_PREFIX=/home/mukul/phase4_ws/install/nav_client
[0.188s] -- The C compiler identification is GNU 11.4.0
[0.304s] -- The CXX compiler identification is GNU 11.4.0
[0.324s] -- Detecting C compiler ABI info
[0.431s] -- Detecting C compiler ABI info - done
[0.444s] -- Check for working C compiler: /usr/bin/cc - skipped
[0.444s] -- Detecting C compile features
[0.445s] -- Detecting C compile features - done
[0.450s] -- Detecting CXX compiler ABI info
[0.577s] -- Detecting CXX compiler ABI info - done
[0.587s] -- Check for working CXX compiler: /usr/bin/c++ - skipped
[0.587s] -- Detecting CXX compile features
[0.588s] -- Detecting CXX compile features - done
[0.617s] -- Found ament_cmake: 1.3.14 (/opt/ros/humble/share/ament_cmake/cmake)
[0.852s] -- Found Python3: /usr/bin/python3 (found version "3.10.12") found components: Interpreter 
[1.079s] -- Found rclcpp: 16.0.19 (/opt/ros/humble/share/rclcpp/cmake)
[1.207s] -- Found rosidl_generator_c: 3.1.8 (/opt/ros/humble/share/rosidl_generator_c/cmake)
[1.225s] -- Found rosidl_adapter: 3.1.8 (/opt/ros/humble/share/rosidl_adapter/cmake)
[1.252s] -- Found rosidl_generator_cpp: 3.1.8 (/opt/ros/humble/share/rosidl_generator_cpp/cmake)
[1.290s] -- Using all available rosidl_typesupport_c: rosidl_typesupport_fastrtps_c;rosidl_typesupport_introspection_c
[1.339s] -- Using all available rosidl_typesupport_cpp: rosidl_typesupport_fastrtps_cpp;rosidl_typesupport_introspection_cpp
[1.479s] -- Found rmw_implementation_cmake: 6.1.2 (/opt/ros/humble/share/rmw_implementation_cmake/cmake)
[1.488s] -- Found rmw_fastrtps_cpp: 6.2.10 (/opt/ros/humble/share/rmw_fastrtps_cpp/cmake)
[1.670s] -- Found OpenSSL: /usr/lib/x86_64-linux-gnu/libcrypto.so (found version "3.0.2")  
[1.721s] -- Found FastRTPS: /opt/ros/humble/include  
[1.794s] -- Using RMW implementation 'rmw_fastrtps_cpp' as default
[1.823s] -- Looking for pthread.h
[1.925s] -- Looking for pthread.h - found
[1.926s] -- Performing Test CMAKE_HAVE_LIBC_PTHREAD
[2.039s] -- Performing Test CMAKE_HAVE_LIBC_PTHREAD - Success
[2.043s] -- Found Threads: TRUE  
[2.168s] -- Found rclcpp_action: 16.0.19 (/opt/ros/humble/share/rclcpp_action/cmake)
[2.245s] -- Found nav2_msgs: 1.1.20 (/opt/ros/humble/share/nav2_msgs/cmake)
[2.337s] -- Found ament_lint_auto: 0.12.15 (/opt/ros/humble/share/ament_lint_auto/cmake)
[2.472s] -- Added test 'cppcheck' to perform static code analysis on C / C++ code
[2.472s] -- Configured cppcheck include dirs: 
[2.472s] -- Configured cppcheck exclude dirs and/or files: 
[2.474s] -- Added test 'lint_cmake' to check CMake code style
[2.476s] -- Added test 'uncrustify' to check C / C++ code style
[2.476s] -- Configured uncrustify additional arguments: 
[2.478s] -- Added test 'xmllint' to check XML markup files
[2.481s] -- Configuring done
[2.496s] -- Generating done
[2.502s] -- Build files have been written to: /home/mukul/phase4_ws/build/nav_client
[2.515s] Invoked command in '/home/mukul/phase4_ws/build/nav_client' returned '0': CMAKE_PREFIX_PATH=${CMAKE_PREFIX_PATH}:/opt/ros/humble /usr/bin/cmake /home/mukul/phase4_ws/src/nav_client -DCMAKE_INSTALL_PREFIX=/home/mukul/phase4_ws/install/nav_client
[2.517s] Invoking command in '/home/mukul/phase4_ws/build/nav_client': CMAKE_PREFIX_PATH=${CMAKE_PREFIX_PATH}:/opt/ros/humble /usr/bin/cmake --build /home/mukul/phase4_ws/build/nav_client -- -j8 -l8
[2.599s] [ 50%] [32mBuilding CXX object CMakeFiles/nav_client_node.dir/src/nav_client_node.cpp.o[0m
[7.721s] [100%] [32m[1mLinking CXX executable nav_client_node[0m
[8.059s] [100%] Built target nav_client_node
[8.076s] Invoked command in '/home/mukul/phase4_ws/build/nav_client' returned '0': CMAKE_PREFIX_PATH=${CMAKE_PREFIX_PATH}:/opt/ros/humble /usr/bin/cmake --build /home/mukul/phase4_ws/build/nav_client -- -j8 -l8
[8.090s] Invoking command in '/home/mukul/phase4_ws/build/nav_client': CMAKE_PREFIX_PATH=${CMAKE_PREFIX_PATH}:/opt/ros/humble /usr/bin/cmake --install /home/mukul/phase4_ws/build/nav_client
[8.100s] -- Install configuration: ""
[8.100s] -- Installing: /home/mukul/phase4_ws/install/nav_client/lib/nav_client/nav_client_node
[8.102s] -- Set runtime path of "/home/mukul/phase4_ws/install/nav_client/lib/nav_client/nav_client_node" to ""
[8.102s] -- Installing: /home/mukul/phase4_ws/install/nav_client/share/ament_index/resource_index/package_run_dependencies/nav_client
[8.102s] -- Installing: /home/mukul/phase4_ws/install/nav_client/share/ament_index/resource_index/parent_prefix_path/nav_client
[8.103s] -- Installing: /home/mukul/phase4_ws/install/nav_client/share/nav_client/environment/ament_prefix_path.sh
[8.103s] -- Installing: /home/mukul/phase4_ws/install/nav_client/share/nav_client/environment/ament_prefix_path.dsv
[8.103s] -- Installing: /home/mukul/phase4_ws/install/nav_client/share/nav_client/environment/path.sh
[8.103s] -- Installing: /home/mukul/phase4_ws/install/nav_client/share/nav_client/environment/path.dsv
[8.104s] -- Installing: /home/mukul/phase4_ws/install/nav_client/share/nav_client/local_setup.bash
[8.104s] -- Installing: /home/mukul/phase4_ws/install/nav_client/share/nav_client/local_setup.sh
[8.104s] -- Installing: /home/mukul/phase4_ws/install/nav_client/share/nav_client/local_setup.zsh
[8.104s] -- Installing: /home/mukul/phase4_ws/install/nav_client/share/nav_client/local_setup.dsv
[8.104s] -- Installing: /home/mukul/phase4_ws/install/nav_client/share/nav_client/package.dsv
[8.105s] -- Installing: /home/mukul/phase4_ws/install/nav_client/share/ament_index/resource_index/packages/nav_client
[8.105s] -- Installing: /home/mukul/phase4_ws/install/nav_client/share/nav_client/cmake/nav_clientConfig.cmake
[8.105s] -- Installing: /home/mukul/phase4_ws/install/nav_client/share/nav_client/cmake/nav_clientConfig-version.cmake
[8.106s] -- Installing: /home/mukul/phase4_ws/install/nav_client/share/nav_client/package.xml
[8.109s] Invoked command in '/home/mukul/phase4_ws/build/nav_client' returned '0': CMAKE_PREFIX_PATH=${CMAKE_PREFIX_PATH}:/opt/ros/humble /usr/bin/cmake --install /home/mukul/phase4_ws/build/nav_client
