[0.016s] Invoking command in '/home/mukul/phase5_ws/build/lifecycle_sensor': CMAKE_PREFIX_PATH=/opt/ros/humble /usr/bin/cmake --build /home/mukul/phase5_ws/build/lifecycle_sensor -- -j8 -l8
[0.087s] [35m[1mConsolidate compiler generated dependencies of target sensor_node[0m
[0.121s] [ 50%] [32mBuilding CXX object CMakeFiles/sensor_node.dir/src/sensor_node.cpp.o[0m
[5.979s] [100%] [32m[1mLinking CXX executable sensor_node[0m
[6.325s] [100%] Built target sensor_node
[6.353s] Invoked command in '/home/mukul/phase5_ws/build/lifecycle_sensor' returned '0': CMAKE_PREFIX_PATH=/opt/ros/humble /usr/bin/cmake --build /home/mukul/phase5_ws/build/lifecycle_sensor -- -j8 -l8
[6.368s] Invoking command in '/home/mukul/phase5_ws/build/lifecycle_sensor': CMAKE_PREFIX_PATH=/opt/ros/humble /usr/bin/cmake --install /home/mukul/phase5_ws/build/lifecycle_sensor
[6.378s] -- Install configuration: ""
[6.378s] -- Installing: /home/mukul/phase5_ws/install/lifecycle_sensor/lib/lifecycle_sensor/sensor_node
[6.381s] -- Set runtime path of "/home/mukul/phase5_ws/install/lifecycle_sensor/lib/lifecycle_sensor/sensor_node" to ""
[6.381s] -- Up-to-date: /home/mukul/phase5_ws/install/lifecycle_sensor/share/ament_index/resource_index/package_run_dependencies/lifecycle_sensor
[6.381s] -- Up-to-date: /home/mukul/phase5_ws/install/lifecycle_sensor/share/ament_index/resource_index/parent_prefix_path/lifecycle_sensor
[6.381s] -- Up-to-date: /home/mukul/phase5_ws/install/lifecycle_sensor/share/lifecycle_sensor/environment/ament_prefix_path.sh
[6.381s] -- Up-to-date: /home/mukul/phase5_ws/install/lifecycle_sensor/share/lifecycle_sensor/environment/ament_prefix_path.dsv
[6.382s] -- Up-to-date: /home/mukul/phase5_ws/install/lifecycle_sensor/share/lifecycle_sensor/environment/path.sh
[6.382s] -- Up-to-date: /home/mukul/phase5_ws/install/lifecycle_sensor/share/lifecycle_sensor/environment/path.dsv
[6.382s] -- Up-to-date: /home/mukul/phase5_ws/install/lifecycle_sensor/share/lifecycle_sensor/local_setup.bash
[6.382s] -- Up-to-date: /home/mukul/phase5_ws/install/lifecycle_sensor/share/lifecycle_sensor/local_setup.sh
[6.382s] -- Up-to-date: /home/mukul/phase5_ws/install/lifecycle_sensor/share/lifecycle_sensor/local_setup.zsh
[6.382s] -- Up-to-date: /home/mukul/phase5_ws/install/lifecycle_sensor/share/lifecycle_sensor/local_setup.dsv
[6.383s] -- Installing: /home/mukul/phase5_ws/install/lifecycle_sensor/share/lifecycle_sensor/package.dsv
[6.383s] -- Up-to-date: /home/mukul/phase5_ws/install/lifecycle_sensor/share/ament_index/resource_index/packages/lifecycle_sensor
[6.383s] -- Up-to-date: /home/mukul/phase5_ws/install/lifecycle_sensor/share/lifecycle_sensor/cmake/lifecycle_sensorConfig.cmake
[6.383s] -- Up-to-date: /home/mukul/phase5_ws/install/lifecycle_sensor/share/lifecycle_sensor/cmake/lifecycle_sensorConfig-version.cmake
[6.383s] -- Up-to-date: /home/mukul/phase5_ws/install/lifecycle_sensor/share/lifecycle_sensor/package.xml
[6.387s] Invoked command in '/home/mukul/phase5_ws/build/lifecycle_sensor' returned '0': CMAKE_PREFIX_PATH=/opt/ros/humble /usr/bin/cmake --install /home/mukul/phase5_ws/build/lifecycle_sensor
