[0.189s] DEBUG:colcon:Command line arguments: ['/usr/bin/colcon', 'build', '--packages-select', 'lifecycle_sensor']
[0.190s] DEBUG:colcon:Parsed command line arguments: Namespace(log_base=None, log_level=None, verb_name='build', build_base='build', install_base='install', merge_install=False, symlink_install=False, test_result_base=None, continue_on_error=False, executor='parallel', parallel_workers=8, event_handlers=None, ignore_user_meta=False, metas=['./colcon.meta'], base_paths=['.'], packages_ignore=None, packages_ignore_regex=None, paths=None, packages_up_to=None, packages_up_to_regex=None, packages_above=None, packages_above_and_dependencies=None, packages_above_depth=None, packages_select_by_dep=None, packages_skip_by_dep=None, packages_skip_up_to=None, packages_select_build_failed=False, packages_skip_build_finished=False, packages_select_test_failures=False, packages_skip_test_passed=False, packages_select=['lifecycle_sensor'], packages_skip=None, packages_select_regex=None, packages_skip_regex=None, packages_start=None, packages_end=None, allow_overriding=[], cmake_args=None, cmake_target=None, cmake_target_skip_unavailable=False, cmake_clean_cache=False, cmake_clean_first=False, cmake_force_configure=False, ament_cmake_args=None, catkin_cmake_args=None, catkin_skip_building_tests=False, mixin_files=None, mixin=None, verb_parser=<colcon_mixin.mixin.mixin_argument.MixinArgumentDecorator object at 0x77eb79646e30>, verb_extension=<colcon_core.verb.build.BuildVerb object at 0x77eb796468c0>, main=<bound method BuildVerb.main of <colcon_core.verb.build.BuildVerb object at 0x77eb796468c0>>, mixin_verb=('build',))
[0.440s] Level 1:colcon.colcon_core.package_discovery:discover_packages(colcon_meta) check parameters
[0.441s] Level 1:colcon.colcon_core.package_discovery:discover_packages(recursive) check parameters
[0.441s] Level 1:colcon.colcon_core.package_discovery:discover_packages(ignore) check parameters
[0.441s] Level 1:colcon.colcon_core.package_discovery:discover_packages(path) check parameters
[0.441s] Level 1:colcon.colcon_core.package_discovery:discover_packages(colcon_meta) discover
[0.441s] Level 1:colcon.colcon_core.package_discovery:discover_packages(recursive) discover
[0.441s] INFO:colcon.colcon_core.package_discovery:Crawling recursively for packages in '/home/mukul/phase5_ws'
[0.441s] Level 1:colcon.colcon_core.package_identification:_identify(.) by extensions ['ignore', 'ignore_ament_install']
[0.441s] Level 1:colcon.colcon_core.package_identification:_identify(.) by extension 'ignore'
[0.441s] Level 1:colcon.colcon_core.package_identification:_identify(.) by extension 'ignore_ament_install'
[0.441s] Level 1:colcon.colcon_core.package_identification:_identify(.) by extensions ['colcon_pkg']
[0.441s] Level 1:colcon.colcon_core.package_identification:_identify(.) by extension 'colcon_pkg'
[0.441s] Level 1:colcon.colcon_core.package_identification:_identify(.) by extensions ['colcon_meta']
[0.441s] Level 1:colcon.colcon_core.package_identification:_identify(.) by extension 'colcon_meta'
[0.441s] Level 1:colcon.colcon_core.package_identification:_identify(.) by extensions ['ros']
[0.442s] Level 1:colcon.colcon_core.package_identification:_identify(.) by extension 'ros'
[0.455s] Level 1:colcon.colcon_core.package_identification:_identify(.) by extensions ['cmake', 'python']
[0.455s] Level 1:colcon.colcon_core.package_identification:_identify(.) by extension 'cmake'
[0.455s] Level 1:colcon.colcon_core.package_identification:_identify(.) by extension 'python'
[0.455s] Level 1:colcon.colcon_core.package_identification:_identify(.) by extensions ['python_setup_py']
[0.456s] Level 1:colcon.colcon_core.package_identification:_identify(.) by extension 'python_setup_py'
[0.456s] Level 1:colcon.colcon_core.package_identification:_identify(build) by extensions ['ignore', 'ignore_ament_install']
[0.456s] Level 1:colcon.colcon_core.package_identification:_identify(build) by extension 'ignore'
[0.456s] Level 1:colcon.colcon_core.package_identification:_identify(build) ignored
[0.456s] Level 1:colcon.colcon_core.package_identification:_identify(install) by extensions ['ignore', 'ignore_ament_install']
[0.456s] Level 1:colcon.colcon_core.package_identification:_identify(install) by extension 'ignore'
[0.456s] Level 1:colcon.colcon_core.package_identification:_identify(install) ignored
[0.456s] Level 1:colcon.colcon_core.package_identification:_identify(log) by extensions ['ignore', 'ignore_ament_install']
[0.456s] Level 1:colcon.colcon_core.package_identification:_identify(log) by extension 'ignore'
[0.456s] Level 1:colcon.colcon_core.package_identification:_identify(log) ignored
[0.457s] Level 1:colcon.colcon_core.package_identification:_identify(src) by extensions ['ignore', 'ignore_ament_install']
[0.457s] Level 1:colcon.colcon_core.package_identification:_identify(src) by extension 'ignore'
[0.457s] Level 1:colcon.colcon_core.package_identification:_identify(src) by extension 'ignore_ament_install'
[0.457s] Level 1:colcon.colcon_core.package_identification:_identify(src) by extensions ['colcon_pkg']
[0.457s] Level 1:colcon.colcon_core.package_identification:_identify(src) by extension 'colcon_pkg'
[0.457s] Level 1:colcon.colcon_core.package_identification:_identify(src) by extensions ['colcon_meta']
[0.457s] Level 1:colcon.colcon_core.package_identification:_identify(src) by extension 'colcon_meta'
[0.457s] Level 1:colcon.colcon_core.package_identification:_identify(src) by extensions ['ros']
[0.457s] Level 1:colcon.colcon_core.package_identification:_identify(src) by extension 'ros'
[0.457s] Level 1:colcon.colcon_core.package_identification:_identify(src) by extensions ['cmake', 'python']
[0.457s] Level 1:colcon.colcon_core.package_identification:_identify(src) by extension 'cmake'
[0.457s] Level 1:colcon.colcon_core.package_identification:_identify(src) by extension 'python'
[0.457s] Level 1:colcon.colcon_core.package_identification:_identify(src) by extensions ['python_setup_py']
[0.457s] Level 1:colcon.colcon_core.package_identification:_identify(src) by extension 'python_setup_py'
[0.457s] Level 1:colcon.colcon_core.package_identification:_identify(src/lifecycle_sensor) by extensions ['ignore', 'ignore_ament_install']
[0.457s] Level 1:colcon.colcon_core.package_identification:_identify(src/lifecycle_sensor) by extension 'ignore'
[0.458s] Level 1:colcon.colcon_core.package_identification:_identify(src/lifecycle_sensor) by extension 'ignore_ament_install'
[0.458s] Level 1:colcon.colcon_core.package_identification:_identify(src/lifecycle_sensor) by extensions ['colcon_pkg']
[0.458s] Level 1:colcon.colcon_core.package_identification:_identify(src/lifecycle_sensor) by extension 'colcon_pkg'
[0.458s] Level 1:colcon.colcon_core.package_identification:_identify(src/lifecycle_sensor) by extensions ['colcon_meta']
[0.458s] Level 1:colcon.colcon_core.package_identification:_identify(src/lifecycle_sensor) by extension 'colcon_meta'
[0.458s] Level 1:colcon.colcon_core.package_identification:_identify(src/lifecycle_sensor) by extensions ['ros']
[0.458s] Level 1:colcon.colcon_core.package_identification:_identify(src/lifecycle_sensor) by extension 'ros'
[0.463s] DEBUG:colcon.colcon_core.package_identification:Package 'src/lifecycle_sensor' with type 'ros.ament_cmake' and name 'lifecycle_sensor'
[0.463s] Level 1:colcon.colcon_core.package_discovery:discover_packages(recursive) using defaults
[0.463s] Level 1:colcon.colcon_core.package_discovery:discover_packages(ignore) discover
[0.463s] Level 1:colcon.colcon_core.package_discovery:discover_packages(ignore) using defaults
[0.463s] Level 1:colcon.colcon_core.package_discovery:discover_packages(path) discover
[0.463s] Level 1:colcon.colcon_core.package_discovery:discover_packages(path) using defaults
[0.503s] Level 1:colcon.colcon_core.package_discovery:discover_packages(prefix_path) check parameters
[0.503s] Level 1:colcon.colcon_core.package_discovery:discover_packages(prefix_path) discover
[0.507s] DEBUG:colcon.colcon_installed_package_information.package_discovery:Found 366 installed packages in /opt/ros/humble
[0.509s] Level 1:colcon.colcon_core.package_discovery:discover_packages(prefix_path) using defaults
[0.571s] Level 5:colcon.colcon_core.verb:set package 'lifecycle_sensor' build argument 'cmake_args' from command line to 'None'
[0.571s] Level 5:colcon.colcon_core.verb:set package 'lifecycle_sensor' build argument 'cmake_target' from command line to 'None'
[0.571s] Level 5:colcon.colcon_core.verb:set package 'lifecycle_sensor' build argument 'cmake_target_skip_unavailable' from command line to 'False'
[0.571s] Level 5:colcon.colcon_core.verb:set package 'lifecycle_sensor' build argument 'cmake_clean_cache' from command line to 'False'
[0.571s] Level 5:colcon.colcon_core.verb:set package 'lifecycle_sensor' build argument 'cmake_clean_first' from command line to 'False'
[0.571s] Level 5:colcon.colcon_core.verb:set package 'lifecycle_sensor' build argument 'cmake_force_configure' from command line to 'False'
[0.571s] Level 5:colcon.colcon_core.verb:set package 'lifecycle_sensor' build argument 'ament_cmake_args' from command line to 'None'
[0.571s] Level 5:colcon.colcon_core.verb:set package 'lifecycle_sensor' build argument 'catkin_cmake_args' from command line to 'None'
[0.571s] Level 5:colcon.colcon_core.verb:set package 'lifecycle_sensor' build argument 'catkin_skip_building_tests' from command line to 'False'
[0.571s] DEBUG:colcon.colcon_core.verb:Building package 'lifecycle_sensor' with the following arguments: {'ament_cmake_args': None, 'build_base': '/home/mukul/phase5_ws/build/lifecycle_sensor', 'catkin_cmake_args': None, 'catkin_skip_building_tests': False, 'cmake_args': None, 'cmake_clean_cache': False, 'cmake_clean_first': False, 'cmake_force_configure': False, 'cmake_target': None, 'cmake_target_skip_unavailable': False, 'install_base': '/home/mukul/phase5_ws/install/lifecycle_sensor', 'merge_install': False, 'path': '/home/mukul/phase5_ws/src/lifecycle_sensor', 'symlink_install': False, 'test_result_base': None}
[0.571s] INFO:colcon.colcon_core.executor:Executing jobs using 'parallel' executor
[0.573s] DEBUG:colcon.colcon_parallel_executor.executor.parallel:run_until_complete
[0.573s] INFO:colcon.colcon_ros.task.ament_cmake.build:Building ROS package in '/home/mukul/phase5_ws/src/lifecycle_sensor' with build type 'ament_cmake'
[0.573s] INFO:colcon.colcon_cmake.task.cmake.build:Building CMake package in '/home/mukul/phase5_ws/src/lifecycle_sensor'
[0.576s] INFO:colcon.colcon_core.plugin_system:Skipping extension 'colcon_core.shell.bat': Not used on non-Windows systems
[0.576s] INFO:colcon.colcon_core.shell:Skip shell extension 'powershell' for command environment: Not usable outside of PowerShell
[0.576s] DEBUG:colcon.colcon_core.shell:Skip shell extension 'dsv' for command environment
[0.590s] DEBUG:colcon.colcon_core.event_handler.log_command:Invoking command in '/home/mukul/phase5_ws/build/lifecycle_sensor': CMAKE_PREFIX_PATH=/opt/ros/humble /usr/bin/cmake --build /home/mukul/phase5_ws/build/lifecycle_sensor -- -j8 -l8
[6.927s] DEBUG:colcon.colcon_core.event_handler.log_command:Invoked command in '/home/mukul/phase5_ws/build/lifecycle_sensor' returned '0': CMAKE_PREFIX_PATH=/opt/ros/humble /usr/bin/cmake --build /home/mukul/phase5_ws/build/lifecycle_sensor -- -j8 -l8
[6.943s] DEBUG:colcon.colcon_core.event_handler.log_command:Invoking command in '/home/mukul/phase5_ws/build/lifecycle_sensor': CMAKE_PREFIX_PATH=/opt/ros/humble /usr/bin/cmake --install /home/mukul/phase5_ws/build/lifecycle_sensor
[6.960s] Level 1:colcon.colcon_core.environment:create_environment_scripts_only(lifecycle_sensor)
[6.961s] DEBUG:colcon.colcon_core.event_handler.log_command:Invoked command in '/home/mukul/phase5_ws/build/lifecycle_sensor' returned '0': CMAKE_PREFIX_PATH=/opt/ros/humble /usr/bin/cmake --install /home/mukul/phase5_ws/build/lifecycle_sensor
[6.964s] Level 1:colcon.colcon_core.environment:checking '/home/mukul/phase5_ws/install/lifecycle_sensor' for CMake module files
[6.965s] Level 1:colcon.colcon_core.environment:checking '/home/mukul/phase5_ws/install/lifecycle_sensor' for CMake config files
[6.965s] Level 1:colcon.colcon_core.shell:create_environment_hook('lifecycle_sensor', 'cmake_prefix_path')
[6.965s] INFO:colcon.colcon_core.shell:Creating environment hook '/home/mukul/phase5_ws/install/lifecycle_sensor/share/lifecycle_sensor/hook/cmake_prefix_path.ps1'
[6.966s] INFO:colcon.colcon_core.shell:Creating environment descriptor '/home/mukul/phase5_ws/install/lifecycle_sensor/share/lifecycle_sensor/hook/cmake_prefix_path.dsv'
[6.967s] INFO:colcon.colcon_core.shell:Creating environment hook '/home/mukul/phase5_ws/install/lifecycle_sensor/share/lifecycle_sensor/hook/cmake_prefix_path.sh'
[6.969s] Level 1:colcon.colcon_core.environment:checking '/home/mukul/phase5_ws/install/lifecycle_sensor/lib'
[6.969s] Level 1:colcon.colcon_core.environment:checking '/home/mukul/phase5_ws/install/lifecycle_sensor/bin'
[6.969s] Level 1:colcon.colcon_core.environment:checking '/home/mukul/phase5_ws/install/lifecycle_sensor/lib/pkgconfig/lifecycle_sensor.pc'
[6.969s] Level 1:colcon.colcon_core.environment:checking '/home/mukul/phase5_ws/install/lifecycle_sensor/lib/python3.10/site-packages'
[6.970s] Level 1:colcon.colcon_core.environment:checking '/home/mukul/phase5_ws/install/lifecycle_sensor/bin'
[6.970s] INFO:colcon.colcon_core.shell:Creating package script '/home/mukul/phase5_ws/install/lifecycle_sensor/share/lifecycle_sensor/package.ps1'
[6.973s] INFO:colcon.colcon_core.shell:Creating package descriptor '/home/mukul/phase5_ws/install/lifecycle_sensor/share/lifecycle_sensor/package.dsv'
[6.975s] INFO:colcon.colcon_core.shell:Creating package script '/home/mukul/phase5_ws/install/lifecycle_sensor/share/lifecycle_sensor/package.sh'
[6.977s] INFO:colcon.colcon_core.shell:Creating package script '/home/mukul/phase5_ws/install/lifecycle_sensor/share/lifecycle_sensor/package.bash'
[6.980s] INFO:colcon.colcon_core.shell:Creating package script '/home/mukul/phase5_ws/install/lifecycle_sensor/share/lifecycle_sensor/package.zsh'
[6.982s] Level 1:colcon.colcon_core.environment:create_file_with_runtime_dependencies(/home/mukul/phase5_ws/install/lifecycle_sensor/share/colcon-core/packages/lifecycle_sensor)
[6.984s] Level 1:colcon.colcon_core.environment:create_environment_scripts_only(lifecycle_sensor)
[6.985s] Level 1:colcon.colcon_core.environment:checking '/home/mukul/phase5_ws/install/lifecycle_sensor' for CMake module files
[6.986s] Level 1:colcon.colcon_core.environment:checking '/home/mukul/phase5_ws/install/lifecycle_sensor' for CMake config files
[6.987s] Level 1:colcon.colcon_core.shell:create_environment_hook('lifecycle_sensor', 'cmake_prefix_path')
[6.988s] INFO:colcon.colcon_core.shell:Creating environment hook '/home/mukul/phase5_ws/install/lifecycle_sensor/share/lifecycle_sensor/hook/cmake_prefix_path.ps1'
[6.989s] INFO:colcon.colcon_core.shell:Creating environment descriptor '/home/mukul/phase5_ws/install/lifecycle_sensor/share/lifecycle_sensor/hook/cmake_prefix_path.dsv'
[6.990s] INFO:colcon.colcon_core.shell:Creating environment hook '/home/mukul/phase5_ws/install/lifecycle_sensor/share/lifecycle_sensor/hook/cmake_prefix_path.sh'
[6.992s] Level 1:colcon.colcon_core.environment:checking '/home/mukul/phase5_ws/install/lifecycle_sensor/lib'
[6.992s] Level 1:colcon.colcon_core.environment:checking '/home/mukul/phase5_ws/install/lifecycle_sensor/bin'
[6.993s] Level 1:colcon.colcon_core.environment:checking '/home/mukul/phase5_ws/install/lifecycle_sensor/lib/pkgconfig/lifecycle_sensor.pc'
[6.993s] Level 1:colcon.colcon_core.environment:checking '/home/mukul/phase5_ws/install/lifecycle_sensor/lib/python3.10/site-packages'
[6.994s] Level 1:colcon.colcon_core.environment:checking '/home/mukul/phase5_ws/install/lifecycle_sensor/bin'
[6.995s] INFO:colcon.colcon_core.shell:Creating package script '/home/mukul/phase5_ws/install/lifecycle_sensor/share/lifecycle_sensor/package.ps1'
[6.997s] INFO:colcon.colcon_core.shell:Creating package descriptor '/home/mukul/phase5_ws/install/lifecycle_sensor/share/lifecycle_sensor/package.dsv'
[6.997s] INFO:colcon.colcon_core.shell:Creating package script '/home/mukul/phase5_ws/install/lifecycle_sensor/share/lifecycle_sensor/package.sh'
[6.999s] INFO:colcon.colcon_core.shell:Creating package script '/home/mukul/phase5_ws/install/lifecycle_sensor/share/lifecycle_sensor/package.bash'
[7.000s] INFO:colcon.colcon_core.shell:Creating package script '/home/mukul/phase5_ws/install/lifecycle_sensor/share/lifecycle_sensor/package.zsh'
[7.001s] Level 1:colcon.colcon_core.environment:create_file_with_runtime_dependencies(/home/mukul/phase5_ws/install/lifecycle_sensor/share/colcon-core/packages/lifecycle_sensor)
[7.001s] DEBUG:colcon.colcon_parallel_executor.executor.parallel:closing loop
[7.002s] DEBUG:colcon.colcon_parallel_executor.executor.parallel:loop closed
[7.002s] DEBUG:colcon.colcon_parallel_executor.executor.parallel:run_until_complete finished with '0'
[7.002s] DEBUG:colcon.colcon_core.event_reactor:joining thread
[7.011s] INFO:colcon.colcon_core.plugin_system:Skipping extension 'colcon_notification.desktop_notification.terminal_notifier': Not used on non-Darwin systems
[7.012s] INFO:colcon.colcon_core.plugin_system:Skipping extension 'colcon_notification.desktop_notification.win32': Not used on non-Windows systems
[7.012s] INFO:colcon.colcon_notification.desktop_notification:Sending desktop notification using 'notify2'
[7.030s] DEBUG:colcon.colcon_core.event_reactor:joined thread
[7.031s] INFO:colcon.colcon_core.shell:Creating prefix script '/home/mukul/phase5_ws/install/local_setup.ps1'
[7.032s] INFO:colcon.colcon_core.shell:Creating prefix util module '/home/mukul/phase5_ws/install/_local_setup_util_ps1.py'
[7.035s] INFO:colcon.colcon_core.shell:Creating prefix chain script '/home/mukul/phase5_ws/install/setup.ps1'
[7.037s] INFO:colcon.colcon_core.shell:Creating prefix script '/home/mukul/phase5_ws/install/local_setup.sh'
[7.039s] INFO:colcon.colcon_core.shell:Creating prefix util module '/home/mukul/phase5_ws/install/_local_setup_util_sh.py'
[7.040s] INFO:colcon.colcon_core.shell:Creating prefix chain script '/home/mukul/phase5_ws/install/setup.sh'
[7.041s] INFO:colcon.colcon_core.shell:Creating prefix script '/home/mukul/phase5_ws/install/local_setup.bash'
[7.042s] INFO:colcon.colcon_core.shell:Creating prefix chain script '/home/mukul/phase5_ws/install/setup.bash'
[7.043s] INFO:colcon.colcon_core.shell:Creating prefix script '/home/mukul/phase5_ws/install/local_setup.zsh'
[7.044s] INFO:colcon.colcon_core.shell:Creating prefix chain script '/home/mukul/phase5_ws/install/setup.zsh'
