[0.022s] Invoking command in '/home/mukul/ros2_phase2/build/tf2_listener': CMAKE_PREFIX_PATH=${CMAKE_PREFIX_PATH}:/opt/ros/humble /usr/bin/cmake /home/mukul/ros2_phase2/src/tf2_listener -DCMAKE_INSTALL_PREFIX=/home/mukul/ros2_phase2/install/tf2_listener
[0.105s] -- The C compiler identification is GNU 11.4.0
[0.196s] -- The CXX compiler identification is GNU 11.4.0
[0.208s] -- Detecting C compiler ABI info
[0.317s] -- Detecting C compiler ABI info - done
[0.328s] -- Check for working C compiler: /usr/bin/cc - skipped
[0.328s] -- Detecting C compile features
[0.329s] -- Detecting C compile features - done
[0.333s] -- Detecting CXX compiler ABI info
[0.450s] -- Detecting CXX compiler ABI info - done
[0.461s] -- Check for working CXX compiler: /usr/bin/c++ - skipped
[0.461s] -- Detecting CXX compile features
[0.462s] -- Detecting CXX compile features - done
[0.468s] -- Found ament_cmake: 1.3.14 (/opt/ros/humble/share/ament_cmake/cmake)
[0.688s] -- Found Python3: /usr/bin/python3 (found version "3.10.12") found components: Interpreter 
[0.878s] -- Found rclcpp: 16.0.19 (/opt/ros/humble/share/rclcpp/cmake)
[0.972s] -- Found rosidl_generator_c: 3.1.8 (/opt/ros/humble/share/rosidl_generator_c/cmake)
[0.985s] -- Found rosidl_adapter: 3.1.8 (/opt/ros/humble/share/rosidl_adapter/cmake)
[1.002s] -- Found rosidl_generator_cpp: 3.1.8 (/opt/ros/humble/share/rosidl_generator_cpp/cmake)
[1.029s] -- Using all available rosidl_typesupport_c: rosidl_typesupport_fastrtps_c;rosidl_typesupport_introspection_c
[1.060s] -- Using all available rosidl_typesupport_cpp: rosidl_typesupport_fastrtps_cpp;rosidl_typesupport_introspection_cpp
[1.153s] -- Found rmw_implementation_cmake: 6.1.2 (/opt/ros/humble/share/rmw_implementation_cmake/cmake)
[1.160s] -- Found rmw_fastrtps_cpp: 6.2.10 (/opt/ros/humble/share/rmw_fastrtps_cpp/cmake)
[1.324s] -- Found OpenSSL: /usr/lib/x86_64-linux-gnu/libcrypto.so (found version "3.0.2")  
[1.373s] -- Found FastRTPS: /opt/ros/humble/include  
[1.445s] -- Using RMW implementation 'rmw_fastrtps_cpp' as default
[1.465s] -- Looking for pthread.h
[1.576s] -- Looking for pthread.h - found
[1.577s] -- Performing Test CMAKE_HAVE_LIBC_PTHREAD
[1.688s] -- Performing Test CMAKE_HAVE_LIBC_PTHREAD - Success
[1.690s] -- Found Threads: TRUE  
[1.779s] -- Found tf2: 0.25.20 (/opt/ros/humble/share/tf2/cmake)
[1.823s] -- Found tf2_ros: 0.25.20 (/opt/ros/humble/share/tf2_ros/cmake)
[1.973s] -- Found ament_lint_auto: 0.12.15 (/opt/ros/humble/share/ament_lint_auto/cmake)
[2.108s] -- Added test 'cppcheck' to perform static code analysis on C / C++ code
[2.108s] -- Configured cppcheck include dirs: 
[2.108s] -- Configured cppcheck exclude dirs and/or files: 
[2.109s] -- Added test 'lint_cmake' to check CMake code style
[2.111s] -- Added test 'uncrustify' to check C / C++ code style
[2.112s] -- Configured uncrustify additional arguments: 
[2.112s] -- Added test 'xmllint' to check XML markup files
[2.115s] -- Configuring done
[2.135s] -- Generating done
[2.142s] -- Build files have been written to: /home/mukul/ros2_phase2/build/tf2_listener
[2.157s] Invoked command in '/home/mukul/ros2_phase2/build/tf2_listener' returned '0': CMAKE_PREFIX_PATH=${CMAKE_PREFIX_PATH}:/opt/ros/humble /usr/bin/cmake /home/mukul/ros2_phase2/src/tf2_listener -DCMAKE_INSTALL_PREFIX=/home/mukul/ros2_phase2/install/tf2_listener
[2.160s] Invoking command in '/home/mukul/ros2_phase2/build/tf2_listener': CMAKE_PREFIX_PATH=${CMAKE_PREFIX_PATH}:/opt/ros/humble /usr/bin/cmake --build /home/mukul/ros2_phase2/build/tf2_listener -- -j8 -l8
[2.237s] [ 50%] [32mBuilding CXX object CMakeFiles/listener_node.dir/src/listener_node.cpp.o[0m
[12.947s] [100%] [32m[1mLinking CXX executable listener_node[0m
[13.654s] [100%] Built target listener_node
[13.671s] Invoked command in '/home/mukul/ros2_phase2/build/tf2_listener' returned '0': CMAKE_PREFIX_PATH=${CMAKE_PREFIX_PATH}:/opt/ros/humble /usr/bin/cmake --build /home/mukul/ros2_phase2/build/tf2_listener -- -j8 -l8
[13.693s] Invoking command in '/home/mukul/ros2_phase2/build/tf2_listener': CMAKE_PREFIX_PATH=${CMAKE_PREFIX_PATH}:/opt/ros/humble /usr/bin/cmake --install /home/mukul/ros2_phase2/build/tf2_listener
[13.703s] -- Install configuration: ""
[13.703s] -- Installing: /home/mukul/ros2_phase2/install/tf2_listener/lib/tf2_listener/listener_node
[13.709s] -- Set runtime path of "/home/mukul/ros2_phase2/install/tf2_listener/lib/tf2_listener/listener_node" to ""
[13.709s] -- Installing: /home/mukul/ros2_phase2/install/tf2_listener/share/ament_index/resource_index/package_run_dependencies/tf2_listener
[13.709s] -- Installing: /home/mukul/ros2_phase2/install/tf2_listener/share/ament_index/resource_index/parent_prefix_path/tf2_listener
[13.709s] -- Installing: /home/mukul/ros2_phase2/install/tf2_listener/share/tf2_listener/environment/ament_prefix_path.sh
[13.710s] -- Installing: /home/mukul/ros2_phase2/install/tf2_listener/share/tf2_listener/environment/ament_prefix_path.dsv
[13.710s] -- Installing: /home/mukul/ros2_phase2/install/tf2_listener/share/tf2_listener/environment/path.sh
[13.710s] -- Installing: /home/mukul/ros2_phase2/install/tf2_listener/share/tf2_listener/environment/path.dsv
[13.710s] -- Installing: /home/mukul/ros2_phase2/install/tf2_listener/share/tf2_listener/local_setup.bash
[13.711s] -- Installing: /home/mukul/ros2_phase2/install/tf2_listener/share/tf2_listener/local_setup.sh
[13.711s] -- Installing: /home/mukul/ros2_phase2/install/tf2_listener/share/tf2_listener/local_setup.zsh
[13.711s] -- Installing: /home/mukul/ros2_phase2/install/tf2_listener/share/tf2_listener/local_setup.dsv
[13.711s] -- Installing: /home/mukul/ros2_phase2/install/tf2_listener/share/tf2_listener/package.dsv
[13.712s] -- Installing: /home/mukul/ros2_phase2/install/tf2_listener/share/ament_index/resource_index/packages/tf2_listener
[13.712s] -- Installing: /home/mukul/ros2_phase2/install/tf2_listener/share/tf2_listener/cmake/tf2_listenerConfig.cmake
[13.712s] -- Installing: /home/mukul/ros2_phase2/install/tf2_listener/share/tf2_listener/cmake/tf2_listenerConfig-version.cmake
[13.713s] -- Installing: /home/mukul/ros2_phase2/install/tf2_listener/share/tf2_listener/package.xml
[13.716s] Invoked command in '/home/mukul/ros2_phase2/build/tf2_listener' returned '0': CMAKE_PREFIX_PATH=${CMAKE_PREFIX_PATH}:/opt/ros/humble /usr/bin/cmake --install /home/mukul/ros2_phase2/build/tf2_listener
