[0.028s] Invoking command in '/home/mukul/ROS2_Phase3/build/obstacle_avoidance': CMAKE_PREFIX_PATH=${CMAKE_PREFIX_PATH}:/opt/ros/humble /usr/bin/cmake /home/mukul/ROS2_Phase3/src/obstacle_avoidance -DCMAKE_INSTALL_PREFIX=/home/mukul/ROS2_Phase3/install/obstacle_avoidance
[0.171s] -- The C compiler identification is GNU 11.4.0
[0.272s] -- The CXX compiler identification is GNU 11.4.0
[0.285s] -- Detecting C compiler ABI info
[0.401s] -- Detecting C compiler ABI info - done
[0.422s] -- Check for working C compiler: /usr/bin/cc - skipped
[0.423s] -- Detecting C compile features
[0.424s] -- Detecting C compile features - done
[0.440s] -- Detecting CXX compiler ABI info
[0.559s] -- Detecting CXX compiler ABI info - done
[0.570s] -- Check for working CXX compiler: /usr/bin/c++ - skipped
[0.570s] -- Detecting CXX compile features
[0.571s] -- Detecting CXX compile features - done
[0.593s] -- Found ament_cmake: 1.3.14 (/opt/ros/humble/share/ament_cmake/cmake)
[0.845s] -- Found Python3: /usr/bin/python3 (found version "3.10.12") found components: Interpreter 
[1.046s] -- Found rclcpp: 16.0.19 (/opt/ros/humble/share/rclcpp/cmake)
[1.164s] -- Found rosidl_generator_c: 3.1.8 (/opt/ros/humble/share/rosidl_generator_c/cmake)
[1.178s] -- Found rosidl_adapter: 3.1.8 (/opt/ros/humble/share/rosidl_adapter/cmake)
[1.199s] -- Found rosidl_generator_cpp: 3.1.8 (/opt/ros/humble/share/rosidl_generator_cpp/cmake)
[1.231s] -- Using all available rosidl_typesupport_c: rosidl_typesupport_fastrtps_c;rosidl_typesupport_introspection_c
[1.269s] -- Using all available rosidl_typesupport_cpp: rosidl_typesupport_fastrtps_cpp;rosidl_typesupport_introspection_cpp
[1.389s] -- Found rmw_implementation_cmake: 6.1.2 (/opt/ros/humble/share/rmw_implementation_cmake/cmake)
[1.398s] -- Found rmw_fastrtps_cpp: 6.2.10 (/opt/ros/humble/share/rmw_fastrtps_cpp/cmake)
[1.633s] -- Found OpenSSL: /usr/lib/x86_64-linux-gnu/libcrypto.so (found version "3.0.2")  
[1.681s] -- Found FastRTPS: /opt/ros/humble/include  
[1.753s] -- Using RMW implementation 'rmw_fastrtps_cpp' as default
[1.777s] -- Looking for pthread.h
[1.894s] -- Looking for pthread.h - found
[1.895s] -- Performing Test CMAKE_HAVE_LIBC_PTHREAD
[2.001s] -- Performing Test CMAKE_HAVE_LIBC_PTHREAD - Success
[2.002s] -- Found Threads: TRUE  
[2.115s] -- Found sensor_msgs: 4.9.1 (/opt/ros/humble/share/sensor_msgs/cmake)
[2.178s] -- Found ament_lint_auto: 0.12.15 (/opt/ros/humble/share/ament_lint_auto/cmake)
[2.332s] -- Added test 'cppcheck' to perform static code analysis on C / C++ code
[2.333s] -- Configured cppcheck include dirs: 
[2.333s] -- Configured cppcheck exclude dirs and/or files: 
[2.336s] -- Added test 'lint_cmake' to check CMake code style
[2.339s] -- Added test 'uncrustify' to check C / C++ code style
[2.339s] -- Configured uncrustify additional arguments: 
[2.341s] -- Added test 'xmllint' to check XML markup files
[2.347s] -- Configuring done
[2.371s] -- Generating done
[2.384s] -- Build files have been written to: /home/mukul/ROS2_Phase3/build/obstacle_avoidance
[2.399s] Invoked command in '/home/mukul/ROS2_Phase3/build/obstacle_avoidance' returned '0': CMAKE_PREFIX_PATH=${CMAKE_PREFIX_PATH}:/opt/ros/humble /usr/bin/cmake /home/mukul/ROS2_Phase3/src/obstacle_avoidance -DCMAKE_INSTALL_PREFIX=/home/mukul/ROS2_Phase3/install/obstacle_avoidance
[2.402s] Invoking command in '/home/mukul/ROS2_Phase3/build/obstacle_avoidance': CMAKE_PREFIX_PATH=${CMAKE_PREFIX_PATH}:/opt/ros/humble /usr/bin/cmake --build /home/mukul/ROS2_Phase3/build/obstacle_avoidance -- -j8 -l8
[2.479s] [ 50%] [32mBuilding CXX object CMakeFiles/avoider_node.dir/src/avoider_node.cpp.o[0m
[13.813s] [100%] [32m[1mLinking CXX executable avoider_node[0m
[14.479s] [100%] Built target avoider_node
[14.499s] Invoked command in '/home/mukul/ROS2_Phase3/build/obstacle_avoidance' returned '0': CMAKE_PREFIX_PATH=${CMAKE_PREFIX_PATH}:/opt/ros/humble /usr/bin/cmake --build /home/mukul/ROS2_Phase3/build/obstacle_avoidance -- -j8 -l8
[14.502s] Invoking command in '/home/mukul/ROS2_Phase3/build/obstacle_avoidance': CMAKE_PREFIX_PATH=${CMAKE_PREFIX_PATH}:/opt/ros/humble /usr/bin/cmake --install /home/mukul/ROS2_Phase3/build/obstacle_avoidance
[14.513s] -- Install configuration: ""
[14.513s] -- Installing: /home/mukul/ROS2_Phase3/install/obstacle_avoidance/lib/obstacle_avoidance/avoider_node
[14.519s] -- Set runtime path of "/home/mukul/ROS2_Phase3/install/obstacle_avoidance/lib/obstacle_avoidance/avoider_node" to ""
[14.519s] -- Installing: /home/mukul/ROS2_Phase3/install/obstacle_avoidance/share/ament_index/resource_index/package_run_dependencies/obstacle_avoidance
[14.520s] -- Installing: /home/mukul/ROS2_Phase3/install/obstacle_avoidance/share/ament_index/resource_index/parent_prefix_path/obstacle_avoidance
[14.520s] -- Installing: /home/mukul/ROS2_Phase3/install/obstacle_avoidance/share/obstacle_avoidance/environment/ament_prefix_path.sh
[14.520s] -- Installing: /home/mukul/ROS2_Phase3/install/obstacle_avoidance/share/obstacle_avoidance/environment/ament_prefix_path.dsv
[14.520s] -- Installing: /home/mukul/ROS2_Phase3/install/obstacle_avoidance/share/obstacle_avoidance/environment/path.sh
[14.521s] -- Installing: /home/mukul/ROS2_Phase3/install/obstacle_avoidance/share/obstacle_avoidance/environment/path.dsv
[14.521s] -- Installing: /home/mukul/ROS2_Phase3/install/obstacle_avoidance/share/obstacle_avoidance/local_setup.bash
[14.521s] -- Installing: /home/mukul/ROS2_Phase3/install/obstacle_avoidance/share/obstacle_avoidance/local_setup.sh
[14.522s] -- Installing: /home/mukul/ROS2_Phase3/install/obstacle_avoidance/share/obstacle_avoidance/local_setup.zsh
[14.522s] -- Installing: /home/mukul/ROS2_Phase3/install/obstacle_avoidance/share/obstacle_avoidance/local_setup.dsv
[14.522s] -- Installing: /home/mukul/ROS2_Phase3/install/obstacle_avoidance/share/obstacle_avoidance/package.dsv
[14.522s] -- Installing: /home/mukul/ROS2_Phase3/install/obstacle_avoidance/share/ament_index/resource_index/packages/obstacle_avoidance
[14.523s] -- Installing: /home/mukul/ROS2_Phase3/install/obstacle_avoidance/share/obstacle_avoidance/cmake/obstacle_avoidanceConfig.cmake
[14.523s] -- Installing: /home/mukul/ROS2_Phase3/install/obstacle_avoidance/share/obstacle_avoidance/cmake/obstacle_avoidanceConfig-version.cmake
[14.523s] -- Installing: /home/mukul/ROS2_Phase3/install/obstacle_avoidance/share/obstacle_avoidance/package.xml
[14.527s] Invoked command in '/home/mukul/ROS2_Phase3/build/obstacle_avoidance' returned '0': CMAKE_PREFIX_PATH=${CMAKE_PREFIX_PATH}:/opt/ros/humble /usr/bin/cmake --install /home/mukul/ROS2_Phase3/build/obstacle_avoidance
