[0.170s] DEBUG:colcon:Command line arguments: ['/usr/bin/colcon', 'build', '--packages-select', 'nav_client']
[0.171s] DEBUG:colcon:Parsed command line arguments: Namespace(log_base=None, log_level=None, verb_name='build', build_base='build', install_base='install', merge_install=False, symlink_install=False, test_result_base=None, continue_on_error=False, executor='parallel', parallel_workers=8, event_handlers=None, ignore_user_meta=False, metas=['./colcon.meta'], base_paths=['.'], packages_ignore=None, packages_ignore_regex=None, paths=None, packages_up_to=None, packages_up_to_regex=None, packages_above=None, packages_above_and_dependencies=None, packages_above_depth=None, packages_select_by_dep=None, packages_skip_by_dep=None, packages_skip_up_to=None, packages_select_build_failed=False, packages_skip_build_finished=False, packages_select_test_failures=False, packages_skip_test_passed=False, packages_select=['nav_client'], packages_skip=None, packages_select_regex=None, packages_skip_regex=None, packages_start=None, packages_end=None, allow_overriding=[], cmake_args=None, cmake_target=None, cmake_target_skip_unavailable=False, cmake_clean_cache=False, cmake_clean_first=False, cmake_force_configure=False, ament_cmake_args=None, catkin_cmake_args=None, catkin_skip_building_tests=False, mixin_files=None, mixin=None, verb_parser=<colcon_mixin.mixin.mixin_argument.MixinArgumentDecorator object at 0x7f19cb266ce0>, verb_extension=<colcon_core.verb.build.BuildVerb object at 0x7f19cb266860>, main=<bound method BuildVerb.main of <colcon_core.verb.build.BuildVerb object at 0x7f19cb266860>>, mixin_verb=('build',))
[0.440s] Level 1:colcon.colcon_core.package_discovery:discover_packages(colcon_meta) check parameters
[0.440s] Level 1:colcon.colcon_core.package_discovery:discover_packages(recursive) check parameters
[0.440s] Level 1:colcon.colcon_core.package_discovery:discover_packages(ignore) check parameters
[0.440s] Level 1:colcon.colcon_core.package_discovery:discover_packages(path) check parameters
[0.440s] Level 1:colcon.colcon_core.package_discovery:discover_packages(colcon_meta) discover
[0.440s] Level 1:colcon.colcon_core.package_discovery:discover_packages(recursive) discover
[0.441s] INFO:colcon.colcon_core.package_discovery:Crawling recursively for packages in '/home/mukul/phase4_ws'
[0.441s] Level 1:colcon.colcon_core.package_identification:_identify(.) by extensions ['ignore', 'ignore_ament_install']
[0.441s] Level 1:colcon.colcon_core.package_identification:_identify(.) by extension 'ignore'
[0.441s] Level 1:colcon.colcon_core.package_identification:_identify(.) by extension 'ignore_ament_install'
[0.441s] Level 1:colcon.colcon_core.package_identification:_identify(.) by extensions ['colcon_pkg']
[0.441s] Level 1:colcon.colcon_core.package_identification:_identify(.) by extension 'colcon_pkg'
[0.441s] Level 1:colcon.colcon_core.package_identification:_identify(.) by extensions ['colcon_meta']
[0.441s] Level 1:colcon.colcon_core.package_identification:_identify(.) by extension 'colcon_meta'
[0.441s] Level 1:colcon.colcon_core.package_identification:_identify(.) by extensions ['ros']
[0.441s] Level 1:colcon.colcon_core.package_identification:_identify(.) by extension 'ros'
[0.457s] Level 1:colcon.colcon_core.package_identification:_identify(.) by extensions ['cmake', 'python']
[0.457s] Level 1:colcon.colcon_core.package_identification:_identify(.) by extension 'cmake'
[0.457s] Level 1:colcon.colcon_core.package_identification:_identify(.) by extension 'python'
[0.457s] Level 1:colcon.colcon_core.package_identification:_identify(.) by extensions ['python_setup_py']
[0.457s] Level 1:colcon.colcon_core.package_identification:_identify(.) by extension 'python_setup_py'
[0.457s] Level 1:colcon.colcon_core.package_identification:_identify(build) by extensions ['ignore', 'ignore_ament_install']
[0.457s] Level 1:colcon.colcon_core.package_identification:_identify(build) by extension 'ignore'
[0.458s] Level 1:colcon.colcon_core.package_identification:_identify(build) ignored
[0.458s] Level 1:colcon.colcon_core.package_identification:_identify(install) by extensions ['ignore', 'ignore_ament_install']
[0.458s] Level 1:colcon.colcon_core.package_identification:_identify(install) by extension 'ignore'
[0.458s] Level 1:colcon.colcon_core.package_identification:_identify(install) ignored
[0.458s] Level 1:colcon.colcon_core.package_identification:_identify(log) by extensions ['ignore', 'ignore_ament_install']
[0.458s] Level 1:colcon.colcon_core.package_identification:_identify(log) by extension 'ignore'
[0.458s] Level 1:colcon.colcon_core.package_identification:_identify(log) ignored
[0.458s] Level 1:colcon.colcon_core.package_identification:_identify(src) by extensions ['ignore', 'ignore_ament_install']
[0.458s] Level 1:colcon.colcon_core.package_identification:_identify(src) by extension 'ignore'
[0.458s] Level 1:colcon.colcon_core.package_identification:_identify(src) by extension 'ignore_ament_install'
[0.458s] Level 1:colcon.colcon_core.package_identification:_identify(src) by extensions ['colcon_pkg']
[0.458s] Level 1:colcon.colcon_core.package_identification:_identify(src) by extension 'colcon_pkg'
[0.459s] Level 1:colcon.colcon_core.package_identification:_identify(src) by extensions ['colcon_meta']
[0.459s] Level 1:colcon.colcon_core.package_identification:_identify(src) by extension 'colcon_meta'
[0.459s] Level 1:colcon.colcon_core.package_identification:_identify(src) by extensions ['ros']
[0.459s] Level 1:colcon.colcon_core.package_identification:_identify(src) by extension 'ros'
[0.459s] Level 1:colcon.colcon_core.package_identification:_identify(src) by extensions ['cmake', 'python']
[0.459s] Level 1:colcon.colcon_core.package_identification:_identify(src) by extension 'cmake'
[0.459s] Level 1:colcon.colcon_core.package_identification:_identify(src) by extension 'python'
[0.459s] Level 1:colcon.colcon_core.package_identification:_identify(src) by extensions ['python_setup_py']
[0.459s] Level 1:colcon.colcon_core.package_identification:_identify(src) by extension 'python_setup_py'
[0.459s] Level 1:colcon.colcon_core.package_identification:_identify(src/nav_client) by extensions ['ignore', 'ignore_ament_install']
[0.459s] Level 1:colcon.colcon_core.package_identification:_identify(src/nav_client) by extension 'ignore'
[0.459s] Level 1:colcon.colcon_core.package_identification:_identify(src/nav_client) by extension 'ignore_ament_install'
[0.459s] Level 1:colcon.colcon_core.package_identification:_identify(src/nav_client) by extensions ['colcon_pkg']
[0.459s] Level 1:colcon.colcon_core.package_identification:_identify(src/nav_client) by extension 'colcon_pkg'
[0.459s] Level 1:colcon.colcon_core.package_identification:_identify(src/nav_client) by extensions ['colcon_meta']
[0.459s] Level 1:colcon.colcon_core.package_identification:_identify(src/nav_client) by extension 'colcon_meta'
[0.460s] Level 1:colcon.colcon_core.package_identification:_identify(src/nav_client) by extensions ['ros']
[0.460s] Level 1:colcon.colcon_core.package_identification:_identify(src/nav_client) by extension 'ros'
[0.464s] DEBUG:colcon.colcon_core.package_identification:Package 'src/nav_client' with type 'ros.ament_cmake' and name 'nav_client'
[0.464s] Level 1:colcon.colcon_core.package_discovery:discover_packages(recursive) using defaults
[0.464s] Level 1:colcon.colcon_core.package_discovery:discover_packages(ignore) discover
[0.464s] Level 1:colcon.colcon_core.package_discovery:discover_packages(ignore) using defaults
[0.464s] Level 1:colcon.colcon_core.package_discovery:discover_packages(path) discover
[0.464s] Level 1:colcon.colcon_core.package_discovery:discover_packages(path) using defaults
[0.523s] Level 1:colcon.colcon_core.package_discovery:discover_packages(prefix_path) check parameters
[0.523s] Level 1:colcon.colcon_core.package_discovery:discover_packages(prefix_path) discover
[0.527s] DEBUG:colcon.colcon_installed_package_information.package_discovery:Found 1 installed packages in /home/mukul/phase4_ws/install
[0.529s] DEBUG:colcon.colcon_installed_package_information.package_discovery:Found 18 installed packages in /home/mukul/ros2_ws/install
[0.532s] DEBUG:colcon.colcon_installed_package_information.package_discovery:Found 366 installed packages in /opt/ros/humble
[0.534s] Level 1:colcon.colcon_core.package_discovery:discover_packages(prefix_path) using defaults
[0.610s] Level 5:colcon.colcon_core.verb:set package 'nav_client' build argument 'cmake_args' from command line to 'None'
[0.610s] Level 5:colcon.colcon_core.verb:set package 'nav_client' build argument 'cmake_target' from command line to 'None'
[0.610s] Level 5:colcon.colcon_core.verb:set package 'nav_client' build argument 'cmake_target_skip_unavailable' from command line to 'False'
[0.610s] Level 5:colcon.colcon_core.verb:set package 'nav_client' build argument 'cmake_clean_cache' from command line to 'False'
[0.610s] Level 5:colcon.colcon_core.verb:set package 'nav_client' build argument 'cmake_clean_first' from command line to 'False'
[0.610s] Level 5:colcon.colcon_core.verb:set package 'nav_client' build argument 'cmake_force_configure' from command line to 'False'
[0.610s] Level 5:colcon.colcon_core.verb:set package 'nav_client' build argument 'ament_cmake_args' from command line to 'None'
[0.610s] Level 5:colcon.colcon_core.verb:set package 'nav_client' build argument 'catkin_cmake_args' from command line to 'None'
[0.610s] Level 5:colcon.colcon_core.verb:set package 'nav_client' build argument 'catkin_skip_building_tests' from command line to 'False'
[0.610s] DEBUG:colcon.colcon_core.verb:Building package 'nav_client' with the following arguments: {'ament_cmake_args': None, 'build_base': '/home/mukul/phase4_ws/build/nav_client', 'catkin_cmake_args': None, 'catkin_skip_building_tests': False, 'cmake_args': None, 'cmake_clean_cache': False, 'cmake_clean_first': False, 'cmake_force_configure': False, 'cmake_target': None, 'cmake_target_skip_unavailable': False, 'install_base': '/home/mukul/phase4_ws/install/nav_client', 'merge_install': False, 'path': '/home/mukul/phase4_ws/src/nav_client', 'symlink_install': False, 'test_result_base': None}
[0.611s] INFO:colcon.colcon_core.executor:Executing jobs using 'parallel' executor
[0.612s] DEBUG:colcon.colcon_parallel_executor.executor.parallel:run_until_complete
[0.613s] INFO:colcon.colcon_ros.task.ament_cmake.build:Building ROS package in '/home/mukul/phase4_ws/src/nav_client' with build type 'ament_cmake'
[0.613s] INFO:colcon.colcon_cmake.task.cmake.build:Building CMake package in '/home/mukul/phase4_ws/src/nav_client'
[0.616s] INFO:colcon.colcon_core.plugin_system:Skipping extension 'colcon_core.shell.bat': Not used on non-Windows systems
[0.617s] INFO:colcon.colcon_core.shell:Skip shell extension 'powershell' for command environment: Not usable outside of PowerShell
[0.617s] DEBUG:colcon.colcon_core.shell:Skip shell extension 'dsv' for command environment
[0.635s] DEBUG:colcon.colcon_core.event_handler.log_command:Invoking command in '/home/mukul/phase4_ws/build/nav_client': CMAKE_PREFIX_PATH=${CMAKE_PREFIX_PATH}:/opt/ros/humble /usr/bin/cmake --build /home/mukul/phase4_ws/build/nav_client -- -j8 -l8
[7.746s] DEBUG:colcon.colcon_core.event_handler.log_command:Invoked command in '/home/mukul/phase4_ws/build/nav_client' returned '0': CMAKE_PREFIX_PATH=${CMAKE_PREFIX_PATH}:/opt/ros/humble /usr/bin/cmake --build /home/mukul/phase4_ws/build/nav_client -- -j8 -l8
[7.764s] DEBUG:colcon.colcon_core.event_handler.log_command:Invoking command in '/home/mukul/phase4_ws/build/nav_client': CMAKE_PREFIX_PATH=${CMAKE_PREFIX_PATH}:/opt/ros/humble /usr/bin/cmake --install /home/mukul/phase4_ws/build/nav_client
[7.784s] Level 1:colcon.colcon_core.environment:create_environment_scripts_only(nav_client)
[7.784s] DEBUG:colcon.colcon_core.event_handler.log_command:Invoked command in '/home/mukul/phase4_ws/build/nav_client' returned '0': CMAKE_PREFIX_PATH=${CMAKE_PREFIX_PATH}:/opt/ros/humble /usr/bin/cmake --install /home/mukul/phase4_ws/build/nav_client
[7.787s] Level 1:colcon.colcon_core.environment:checking '/home/mukul/phase4_ws/install/nav_client' for CMake module files
[7.788s] Level 1:colcon.colcon_core.environment:checking '/home/mukul/phase4_ws/install/nav_client' for CMake config files
[7.788s] Level 1:colcon.colcon_core.shell:create_environment_hook('nav_client', 'cmake_prefix_path')
[7.789s] INFO:colcon.colcon_core.shell:Creating environment hook '/home/mukul/phase4_ws/install/nav_client/share/nav_client/hook/cmake_prefix_path.ps1'
[7.790s] INFO:colcon.colcon_core.shell:Creating environment descriptor '/home/mukul/phase4_ws/install/nav_client/share/nav_client/hook/cmake_prefix_path.dsv'
[7.791s] INFO:colcon.colcon_core.shell:Creating environment hook '/home/mukul/phase4_ws/install/nav_client/share/nav_client/hook/cmake_prefix_path.sh'
[7.792s] Level 1:colcon.colcon_core.environment:checking '/home/mukul/phase4_ws/install/nav_client/lib'
[7.793s] Level 1:colcon.colcon_core.environment:checking '/home/mukul/phase4_ws/install/nav_client/bin'
[7.793s] Level 1:colcon.colcon_core.environment:checking '/home/mukul/phase4_ws/install/nav_client/lib/pkgconfig/nav_client.pc'
[7.793s] Level 1:colcon.colcon_core.environment:checking '/home/mukul/phase4_ws/install/nav_client/lib/python3.10/site-packages'
[7.794s] Level 1:colcon.colcon_core.environment:checking '/home/mukul/phase4_ws/install/nav_client/bin'
[7.794s] INFO:colcon.colcon_core.shell:Creating package script '/home/mukul/phase4_ws/install/nav_client/share/nav_client/package.ps1'
[7.796s] INFO:colcon.colcon_core.shell:Creating package descriptor '/home/mukul/phase4_ws/install/nav_client/share/nav_client/package.dsv'
[7.797s] INFO:colcon.colcon_core.shell:Creating package script '/home/mukul/phase4_ws/install/nav_client/share/nav_client/package.sh'
[7.798s] INFO:colcon.colcon_core.shell:Creating package script '/home/mukul/phase4_ws/install/nav_client/share/nav_client/package.bash'
[7.799s] INFO:colcon.colcon_core.shell:Creating package script '/home/mukul/phase4_ws/install/nav_client/share/nav_client/package.zsh'
[7.800s] Level 1:colcon.colcon_core.environment:create_file_with_runtime_dependencies(/home/mukul/phase4_ws/install/nav_client/share/colcon-core/packages/nav_client)
[7.801s] Level 1:colcon.colcon_core.environment:create_environment_scripts_only(nav_client)
[7.802s] Level 1:colcon.colcon_core.environment:checking '/home/mukul/phase4_ws/install/nav_client' for CMake module files
[7.802s] Level 1:colcon.colcon_core.environment:checking '/home/mukul/phase4_ws/install/nav_client' for CMake config files
[7.802s] Level 1:colcon.colcon_core.shell:create_environment_hook('nav_client', 'cmake_prefix_path')
[7.803s] INFO:colcon.colcon_core.shell:Creating environment hook '/home/mukul/phase4_ws/install/nav_client/share/nav_client/hook/cmake_prefix_path.ps1'
[7.804s] INFO:colcon.colcon_core.shell:Creating environment descriptor '/home/mukul/phase4_ws/install/nav_client/share/nav_client/hook/cmake_prefix_path.dsv'
[7.804s] INFO:colcon.colcon_core.shell:Creating environment hook '/home/mukul/phase4_ws/install/nav_client/share/nav_client/hook/cmake_prefix_path.sh'
[7.805s] Level 1:colcon.colcon_core.environment:checking '/home/mukul/phase4_ws/install/nav_client/lib'
[7.805s] Level 1:colcon.colcon_core.environment:checking '/home/mukul/phase4_ws/install/nav_client/bin'
[7.805s] Level 1:colcon.colcon_core.environment:checking '/home/mukul/phase4_ws/install/nav_client/lib/pkgconfig/nav_client.pc'
[7.806s] Level 1:colcon.colcon_core.environment:checking '/home/mukul/phase4_ws/install/nav_client/lib/python3.10/site-packages'
[7.806s] Level 1:colcon.colcon_core.environment:checking '/home/mukul/phase4_ws/install/nav_client/bin'
[7.806s] INFO:colcon.colcon_core.shell:Creating package script '/home/mukul/phase4_ws/install/nav_client/share/nav_client/package.ps1'
[7.808s] INFO:colcon.colcon_core.shell:Creating package descriptor '/home/mukul/phase4_ws/install/nav_client/share/nav_client/package.dsv'
[7.808s] INFO:colcon.colcon_core.shell:Creating package script '/home/mukul/phase4_ws/install/nav_client/share/nav_client/package.sh'
[7.810s] INFO:colcon.colcon_core.shell:Creating package script '/home/mukul/phase4_ws/install/nav_client/share/nav_client/package.bash'
[7.811s] INFO:colcon.colcon_core.shell:Creating package script '/home/mukul/phase4_ws/install/nav_client/share/nav_client/package.zsh'
[7.812s] Level 1:colcon.colcon_core.environment:create_file_with_runtime_dependencies(/home/mukul/phase4_ws/install/nav_client/share/colcon-core/packages/nav_client)
[7.813s] DEBUG:colcon.colcon_parallel_executor.executor.parallel:closing loop
[7.813s] DEBUG:colcon.colcon_parallel_executor.executor.parallel:loop closed
[7.814s] DEBUG:colcon.colcon_parallel_executor.executor.parallel:run_until_complete finished with '0'
[7.814s] DEBUG:colcon.colcon_core.event_reactor:joining thread
[7.823s] INFO:colcon.colcon_core.plugin_system:Skipping extension 'colcon_notification.desktop_notification.terminal_notifier': Not used on non-Darwin systems
[7.823s] INFO:colcon.colcon_core.plugin_system:Skipping extension 'colcon_notification.desktop_notification.win32': Not used on non-Windows systems
[7.823s] INFO:colcon.colcon_notification.desktop_notification:Sending desktop notification using 'notify2'
[7.843s] DEBUG:colcon.colcon_core.event_reactor:joined thread
[7.844s] INFO:colcon.colcon_core.shell:Creating prefix script '/home/mukul/phase4_ws/install/local_setup.ps1'
[7.846s] INFO:colcon.colcon_core.shell:Creating prefix util module '/home/mukul/phase4_ws/install/_local_setup_util_ps1.py'
[7.849s] INFO:colcon.colcon_core.shell:Creating prefix chain script '/home/mukul/phase4_ws/install/setup.ps1'
[7.852s] INFO:colcon.colcon_core.shell:Creating prefix script '/home/mukul/phase4_ws/install/local_setup.sh'
[7.853s] INFO:colcon.colcon_core.shell:Creating prefix util module '/home/mukul/phase4_ws/install/_local_setup_util_sh.py'
[7.854s] INFO:colcon.colcon_core.shell:Creating prefix chain script '/home/mukul/phase4_ws/install/setup.sh'
[7.857s] INFO:colcon.colcon_core.shell:Creating prefix script '/home/mukul/phase4_ws/install/local_setup.bash'
[7.858s] INFO:colcon.colcon_core.shell:Creating prefix chain script '/home/mukul/phase4_ws/install/setup.bash'
[7.861s] INFO:colcon.colcon_core.shell:Creating prefix script '/home/mukul/phase4_ws/install/local_setup.zsh'
[7.862s] INFO:colcon.colcon_core.shell:Creating prefix chain script '/home/mukul/phase4_ws/install/setup.zsh'
