[0.020s] Invoking command in '/home/mukul/ROS2_Phase3/build/gazebo_interface': CMAKE_PREFIX_PATH=${CMAKE_PREFIX_PATH}:/opt/ros/humble /usr/bin/cmake --build /home/mukul/ROS2_Phase3/build/gazebo_interface -- -j8 -l8
[0.100s] [35m[1mConsolidate compiler generated dependencies of target interface_node[0m
[0.152s] [100%] Built target interface_node
[0.185s] Invoked command in '/home/mukul/ROS2_Phase3/build/gazebo_interface' returned '0': CMAKE_PREFIX_PATH=${CMAKE_PREFIX_PATH}:/opt/ros/humble /usr/bin/cmake --build /home/mukul/ROS2_Phase3/build/gazebo_interface -- -j8 -l8
[0.211s] Invoking command in '/home/mukul/ROS2_Phase3/build/gazebo_interface': CMAKE_PREFIX_PATH=${CMAKE_PREFIX_PATH}:/opt/ros/humble /usr/bin/cmake --install /home/mukul/ROS2_Phase3/build/gazebo_interface
[0.224s] -- Install configuration: ""
[0.225s] -- Up-to-date: /home/mukul/ROS2_Phase3/install/gazebo_interface/lib/gazebo_interface/interface_node
[0.225s] -- Up-to-date: /home/mukul/ROS2_Phase3/install/gazebo_interface/share/ament_index/resource_index/package_run_dependencies/gazebo_interface
[0.226s] -- Up-to-date: /home/mukul/ROS2_Phase3/install/gazebo_interface/share/ament_index/resource_index/parent_prefix_path/gazebo_interface
[0.226s] -- Up-to-date: /home/mukul/ROS2_Phase3/install/gazebo_interface/share/gazebo_interface/environment/ament_prefix_path.sh
[0.226s] -- Up-to-date: /home/mukul/ROS2_Phase3/install/gazebo_interface/share/gazebo_interface/environment/ament_prefix_path.dsv
[0.226s] -- Up-to-date: /home/mukul/ROS2_Phase3/install/gazebo_interface/share/gazebo_interface/environment/path.sh
[0.226s] -- Up-to-date: /home/mukul/ROS2_Phase3/install/gazebo_interface/share/gazebo_interface/environment/path.dsv
[0.226s] -- Up-to-date: /home/mukul/ROS2_Phase3/install/gazebo_interface/share/gazebo_interface/local_setup.bash
[0.227s] -- Up-to-date: /home/mukul/ROS2_Phase3/install/gazebo_interface/share/gazebo_interface/local_setup.sh
[0.227s] -- Up-to-date: /home/mukul/ROS2_Phase3/install/gazebo_interface/share/gazebo_interface/local_setup.zsh
[0.227s] -- Up-to-date: /home/mukul/ROS2_Phase3/install/gazebo_interface/share/gazebo_interface/local_setup.dsv
[0.227s] -- Installing: /home/mukul/ROS2_Phase3/install/gazebo_interface/share/gazebo_interface/package.dsv
[0.227s] -- Up-to-date: /home/mukul/ROS2_Phase3/install/gazebo_interface/share/ament_index/resource_index/packages/gazebo_interface
[0.227s] -- Up-to-date: /home/mukul/ROS2_Phase3/install/gazebo_interface/share/gazebo_interface/cmake/gazebo_interfaceConfig.cmake
[0.228s] -- Up-to-date: /home/mukul/ROS2_Phase3/install/gazebo_interface/share/gazebo_interface/cmake/gazebo_interfaceConfig-version.cmake
[0.228s] -- Up-to-date: /home/mukul/ROS2_Phase3/install/gazebo_interface/share/gazebo_interface/package.xml
[0.234s] Invoked command in '/home/mukul/ROS2_Phase3/build/gazebo_interface' returned '0': CMAKE_PREFIX_PATH=${CMAKE_PREFIX_PATH}:/opt/ros/humble /usr/bin/cmake --install /home/mukul/ROS2_Phase3/build/gazebo_interface
